Archive member included to satisfy reference by file (symbol)

C:/ST/STM32CubeIDE_1.13.2/STM32CubeIDE/plugins/com.st.stm32cube.ide.mcu.externaltools.gnu-tools-for-stm32.11.3.rel1.win32_1.1.1.202309131626/tools/bin/../lib/gcc/arm-none-eabi/11.3.1/../../../../arm-none-eabi/lib/thumb/v7e-m+dp/hard\libc_nano.a(libc_a-exit.o)
                              C:/ST/STM32CubeIDE_1.13.2/STM32CubeIDE/plugins/com.st.stm32cube.ide.mcu.externaltools.gnu-tools-for-stm32.11.3.rel1.win32_1.1.1.202309131626/tools/bin/../lib/gcc/arm-none-eabi/11.3.1/../../../../arm-none-eabi/lib/thumb/v7e-m+dp/hard/crt0.o (exit)
C:/ST/STM32CubeIDE_1.13.2/STM32CubeIDE/plugins/com.st.stm32cube.ide.mcu.externaltools.gnu-tools-for-stm32.11.3.rel1.win32_1.1.1.202309131626/tools/bin/../lib/gcc/arm-none-eabi/11.3.1/../../../../arm-none-eabi/lib/thumb/v7e-m+dp/hard\libc_nano.a(libc_a-findfp.o)
                              C:/ST/STM32CubeIDE_1.13.2/STM32CubeIDE/plugins/com.st.stm32cube.ide.mcu.externaltools.gnu-tools-for-stm32.11.3.rel1.win32_1.1.1.202309131626/tools/bin/../lib/gcc/arm-none-eabi/11.3.1/../../../../arm-none-eabi/lib/thumb/v7e-m+dp/hard\libc_nano.a(libc_a-exit.o) (__stdio_exit_handler)
C:/ST/STM32CubeIDE_1.13.2/STM32CubeIDE/plugins/com.st.stm32cube.ide.mcu.externaltools.gnu-tools-for-stm32.11.3.rel1.win32_1.1.1.202309131626/tools/bin/../lib/gcc/arm-none-eabi/11.3.1/../../../../arm-none-eabi/lib/thumb/v7e-m+dp/hard\libc_nano.a(libc_a-fwalk.o)
                              C:/ST/STM32CubeIDE_1.13.2/STM32CubeIDE/plugins/com.st.stm32cube.ide.mcu.externaltools.gnu-tools-for-stm32.11.3.rel1.win32_1.1.1.202309131626/tools/bin/../lib/gcc/arm-none-eabi/11.3.1/../../../../arm-none-eabi/lib/thumb/v7e-m+dp/hard\libc_nano.a(libc_a-findfp.o) (_fwalk_sglue)
C:/ST/STM32CubeIDE_1.13.2/STM32CubeIDE/plugins/com.st.stm32cube.ide.mcu.externaltools.gnu-tools-for-stm32.11.3.rel1.win32_1.1.1.202309131626/tools/bin/../lib/gcc/arm-none-eabi/11.3.1/../../../../arm-none-eabi/lib/thumb/v7e-m+dp/hard\libc_nano.a(libc_a-sprintf.o)
                              ./Core/Src/main.o (sprintf)
C:/ST/STM32CubeIDE_1.13.2/STM32CubeIDE/plugins/com.st.stm32cube.ide.mcu.externaltools.gnu-tools-for-stm32.11.3.rel1.win32_1.1.1.202309131626/tools/bin/../lib/gcc/arm-none-eabi/11.3.1/../../../../arm-none-eabi/lib/thumb/v7e-m+dp/hard\libc_nano.a(libc_a-stdio.o)
                              C:/ST/STM32CubeIDE_1.13.2/STM32CubeIDE/plugins/com.st.stm32cube.ide.mcu.externaltools.gnu-tools-for-stm32.11.3.rel1.win32_1.1.1.202309131626/tools/bin/../lib/gcc/arm-none-eabi/11.3.1/../../../../arm-none-eabi/lib/thumb/v7e-m+dp/hard\libc_nano.a(libc_a-findfp.o) (__sread)
C:/ST/STM32CubeIDE_1.13.2/STM32CubeIDE/plugins/com.st.stm32cube.ide.mcu.externaltools.gnu-tools-for-stm32.11.3.rel1.win32_1.1.1.202309131626/tools/bin/../lib/gcc/arm-none-eabi/11.3.1/../../../../arm-none-eabi/lib/thumb/v7e-m+dp/hard\libc_nano.a(libc_a-memset.o)
                              C:/ST/STM32CubeIDE_1.13.2/STM32CubeIDE/plugins/com.st.stm32cube.ide.mcu.externaltools.gnu-tools-for-stm32.11.3.rel1.win32_1.1.1.202309131626/tools/bin/../lib/gcc/arm-none-eabi/11.3.1/../../../../arm-none-eabi/lib/thumb/v7e-m+dp/hard/crt0.o (memset)
C:/ST/STM32CubeIDE_1.13.2/STM32CubeIDE/plugins/com.st.stm32cube.ide.mcu.externaltools.gnu-tools-for-stm32.11.3.rel1.win32_1.1.1.202309131626/tools/bin/../lib/gcc/arm-none-eabi/11.3.1/../../../../arm-none-eabi/lib/thumb/v7e-m+dp/hard\libc_nano.a(libc_a-closer.o)
                              C:/ST/STM32CubeIDE_1.13.2/STM32CubeIDE/plugins/com.st.stm32cube.ide.mcu.externaltools.gnu-tools-for-stm32.11.3.rel1.win32_1.1.1.202309131626/tools/bin/../lib/gcc/arm-none-eabi/11.3.1/../../../../arm-none-eabi/lib/thumb/v7e-m+dp/hard\libc_nano.a(libc_a-stdio.o) (_close_r)
C:/ST/STM32CubeIDE_1.13.2/STM32CubeIDE/plugins/com.st.stm32cube.ide.mcu.externaltools.gnu-tools-for-stm32.11.3.rel1.win32_1.1.1.202309131626/tools/bin/../lib/gcc/arm-none-eabi/11.3.1/../../../../arm-none-eabi/lib/thumb/v7e-m+dp/hard\libc_nano.a(libc_a-reent.o)
                              C:/ST/STM32CubeIDE_1.13.2/STM32CubeIDE/plugins/com.st.stm32cube.ide.mcu.externaltools.gnu-tools-for-stm32.11.3.rel1.win32_1.1.1.202309131626/tools/bin/../lib/gcc/arm-none-eabi/11.3.1/../../../../arm-none-eabi/lib/thumb/v7e-m+dp/hard\libc_nano.a(libc_a-closer.o) (errno)
C:/ST/STM32CubeIDE_1.13.2/STM32CubeIDE/plugins/com.st.stm32cube.ide.mcu.externaltools.gnu-tools-for-stm32.11.3.rel1.win32_1.1.1.202309131626/tools/bin/../lib/gcc/arm-none-eabi/11.3.1/../../../../arm-none-eabi/lib/thumb/v7e-m+dp/hard\libc_nano.a(libc_a-impure.o)
                              C:/ST/STM32CubeIDE_1.13.2/STM32CubeIDE/plugins/com.st.stm32cube.ide.mcu.externaltools.gnu-tools-for-stm32.11.3.rel1.win32_1.1.1.202309131626/tools/bin/../lib/gcc/arm-none-eabi/11.3.1/../../../../arm-none-eabi/lib/thumb/v7e-m+dp/hard\libc_nano.a(libc_a-sprintf.o) (_impure_ptr)
[...]
Memory Configuration

Name             Origin             Length             Attributes
ITCMRAM          0x0000000000000000 0x0000000000010000 xrw
FLASH            0x0000000008000000 0x0000000000200000 xr
DTCMRAM1         0x0000000020000000 0x0000000000010000 xrw
DTCMRAM2         0x0000000020010000 0x0000000000010000 xrw
RAM              0x0000000024000000 0x0000000000100000 xrw
RAM_CD           0x0000000030000000 0x0000000000020000 xrw
RAM_SRD          0x0000000038000000 0x0000000000008000 xrw
*default*        0x0000000000000000 0xffffffffffffffff

Linker script and memory map

LOAD C:/ST/STM32CubeIDE_1.13.2/STM32CubeIDE/plugins/com.st.stm32cube.ide.mcu.externaltools.gnu-tools-for-stm32.11.3.rel1.win32_1.1.1.202309131626/tools/bin/../lib/gcc/arm-none-eabi/11.3.1/thumb/v7e-m+dp/hard/crti.o
LOAD C:/ST/STM32CubeIDE_1.13.2/STM32CubeIDE/plugins/com.st.stm32cube.ide.mcu.externaltools.gnu-tools-for-stm32.11.3.rel1.win32_1.1.1.202309131626/tools/bin/../lib/gcc/arm-none-eabi/11.3.1/thumb/v7e-m+dp/hard/crtbegin.o
LOAD C:/ST/STM32CubeIDE_1.13.2/STM32CubeIDE/plugins/com.st.stm32cube.ide.mcu.externaltools.gnu-tools-for-stm32.11.3.rel1.win32_1.1.1.202309131626/tools/bin/../lib/gcc/arm-none-eabi/11.3.1/../../../../arm-none-eabi/lib/thumb/v7e-m+dp/hard/crt0.o
LOAD ./Core/Src/globals.o
LOAD ./Core/Src/main.o
LOAD ./Core/Src/stm32h7xx_hal_msp.o
LOAD ./Core/Src/stm32h7xx_it.o
LOAD ./Core/Src/syscalls.o
LOAD ./Core/Src/sysmem.o
LOAD ./Core/Src/system_stm32h7xx.o
LOAD ./Core/Startup/startup_stm32h7a3zitxq.o
LOAD ./Drivers/STM32H7xx_HAL_Driver/Src/stm32h7xx_hal.o
LOAD ./Drivers/STM32H7xx_HAL_Driver/Src/stm32h7xx_hal_cortex.o
LOAD ./Drivers/STM32H7xx_HAL_Driver/Src/stm32h7xx_hal_dma.o
LOAD ./Drivers/STM32H7xx_HAL_Driver/Src/stm32h7xx_hal_dma_ex.o
LOAD ./Drivers/STM32H7xx_HAL_Driver/Src/stm32h7xx_hal_exti.o
LOAD ./Drivers/STM32H7xx_HAL_Driver/Src/stm32h7xx_hal_flash.o
LOAD ./Drivers/STM32H7xx_HAL_Driver/Src/stm32h7xx_hal_flash_ex.o
LOAD ./Drivers/STM32H7xx_HAL_Driver/Src/stm32h7xx_hal_gpio.o
LOAD ./Drivers/STM32H7xx_HAL_Driver/Src/stm32h7xx_hal_hsem.o
LOAD ./Drivers/STM32H7xx_HAL_Driver/Src/stm32h7xx_hal_i2c.o
LOAD ./Drivers/STM32H7xx_HAL_Driver/Src/stm32h7xx_hal_i2c_ex.o
LOAD ./Drivers/STM32H7xx_HAL_Driver/Src/stm32h7xx_hal_mdma.o
LOAD ./Drivers/STM32H7xx_HAL_Driver/Src/stm32h7xx_hal_pwr.o
LOAD ./Drivers/STM32H7xx_HAL_Driver/Src/stm32h7xx_hal_pwr_ex.o
LOAD ./Drivers/STM32H7xx_HAL_Driver/Src/stm32h7xx_hal_rcc.o
LOAD ./Drivers/STM32H7xx_HAL_Driver/Src/stm32h7xx_hal_rcc_ex.o
LOAD ./Drivers/STM32H7xx_HAL_Driver/Src/stm32h7xx_hal_tim.o
LOAD ./Drivers/STM32H7xx_HAL_Driver/Src/stm32h7xx_hal_tim_ex.o
LOAD ./Drivers/STM32H7xx_HAL_Driver/Src/stm32h7xx_hal_uart.o
LOAD ./Drivers/STM32H7xx_HAL_Driver/Src/stm32h7xx_hal_uart_ex.o
START GROUP
LOAD C:/ST/STM32CubeIDE_1.13.2/STM32CubeIDE/plugins/com.st.stm32cube.ide.mcu.externaltools.gnu-tools-for-stm32.11.3.rel1.win32_1.1.1.202309131626/tools/bin/../lib/gcc/arm-none-eabi/11.3.1/../../../../arm-none-eabi/lib/thumb/v7e-m+dp/hard\libc_nano.a
LOAD C:/ST/STM32CubeIDE_1.13.2/STM32CubeIDE/plugins/com.st.stm32cube.ide.mcu.externaltools.gnu-tools-for-stm32.11.3.rel1.win32_1.1.1.202309131626/tools/bin/../lib/gcc/arm-none-eabi/11.3.1/../../../../arm-none-eabi/lib/thumb/v7e-m+dp/hard\libm.a
END GROUP
START GROUP
LOAD C:/ST/STM32CubeIDE_1.13.2/STM32CubeIDE/plugins/com.st.stm32cube.ide.mcu.externaltools.gnu-tools-for-stm32.11.3.rel1.win32_1.1.1.202309131626/tools/bin/../lib/gcc/arm-none-eabi/11.3.1/thumb/v7e-m+dp/hard\libgcc.a
LOAD C:/ST/STM32CubeIDE_1.13.2/STM32CubeIDE/plugins/com.st.stm32cube.ide.mcu.externaltools.gnu-tools-for-stm32.11.3.rel1.win32_1.1.1.202309131626/tools/bin/../lib/gcc/arm-none-eabi/11.3.1/../../../../arm-none-eabi/lib/thumb/v7e-m+dp/hard\libc_nano.a
END GROUP
START GROUP
LOAD C:/ST/STM32CubeIDE_1.13.2/STM32CubeIDE/plugins/com.st.stm32cube.ide.mcu.externaltools.gnu-tools-for-stm32.11.3.rel1.win32_1.1.1.202309131626/tools/bin/../lib/gcc/arm-none-eabi/11.3.1/thumb/v7e-m+dp/hard\libgcc.a
LOAD C:/ST/STM32CubeIDE_1.13.2/STM32CubeIDE/plugins/com.st.stm32cube.ide.mcu.externaltools.gnu-tools-for-stm32.11.3.rel1.win32_1.1.1.202309131626/tools/bin/../lib/gcc/arm-none-eabi/11.3.1/../../../../arm-none-eabi/lib/thumb/v7e-m+dp/hard\libc_nano.a
LOAD C:/ST/STM32CubeIDE_1.13.2/STM32CubeIDE/plugins/com.st.stm32cube.ide.mcu.externaltools.gnu-tools-for-stm32.11.3.rel1.win32_1.1.1.202309131626/tools/bin/../lib/gcc/arm-none-eabi/11.3.1/../../../../arm-none-eabi/lib/thumb/v7e-m+dp/hard\libnosys.a
END GROUP
START GROUP
LOAD C:/ST/STM32CubeIDE_1.13.2/STM32CubeIDE/plugins/com.st.stm32cube.ide.mcu.externaltools.gnu-tools-for-stm32.11.3.rel1.win32_1.1.1.202309131626/tools/bin/../lib/gcc/arm-none-eabi/11.3.1/thumb/v7e-m+dp/hard\libgcc.a
LOAD C:/ST/STM32CubeIDE_1.13.2/STM32CubeIDE/plugins/com.st.stm32cube.ide.mcu.externaltools.gnu-tools-for-stm32.11.3.rel1.win32_1.1.1.202309131626/tools/bin/../lib/gcc/arm-none-eabi/11.3.1/../../../../arm-none-eabi/lib/thumb/v7e-m+dp/hard\libc_nano.a
LOAD C:/ST/STM32CubeIDE_1.13.2/STM32CubeIDE/plugins/com.st.stm32cube.ide.mcu.externaltools.gnu-tools-for-stm32.11.3.rel1.win32_1.1.1.202309131626/tools/bin/../lib/gcc/arm-none-eabi/11.3.1/../../../../arm-none-eabi/lib/thumb/v7e-m+dp/hard\libnosys.a
END GROUP
LOAD C:/ST/STM32CubeIDE_1.13.2/STM32CubeIDE/plugins/com.st.stm32cube.ide.mcu.externaltools.gnu-tools-for-stm32.11.3.rel1.win32_1.1.1.202309131626/tools/bin/../lib/gcc/arm-none-eabi/11.3.1/thumb/v7e-m+dp/hard/crtend.o
LOAD C:/ST/STM32CubeIDE_1.13.2/STM32CubeIDE/plugins/com.st.stm32cube.ide.mcu.externaltools.gnu-tools-for-stm32.11.3.rel1.win32_1.1.1.202309131626/tools/bin/../lib/gcc/arm-none-eabi/11.3.1/thumb/v7e-m+dp/hard/crtn.o
                0x0000000024100000                _estack = (ORIGIN (RAM) + LENGTH (RAM))
                0x0000000000000200                _Min_Heap_Size = 0x200
                0x0000000000000400                _Min_Stack_Size = 0x400

.isr_vector     0x0000000008000000      0x2ac
                0x0000000008000000                . = ALIGN (0x4)
 *(.isr_vector)
 .isr_vector    0x0000000008000000      0x2ac ./Core/Startup/startup_stm32h7a3zitxq.o
                0x0000000008000000                g_pfnVectors
                0x00000000080002ac                . = ALIGN (0x4)

.text           0x00000000080002b0     0x959c
                0x00000000080002b0                . = ALIGN (0x4)
 *(.text)
 .text          0x00000000080002b0       0x40 C:/ST/STM32CubeIDE_1.13.2/STM32CubeIDE/plugins/com.st.stm32cube.ide.mcu.externaltools.gnu-tools-for-stm32.11.3.rel1.win32_1.1.1.202309131626/tools/bin/../lib/gcc/arm-none-eabi/11.3.1/thumb/v7e-m+dp/hard/crtbegin.o
 .text          0x00000000080002f0       0x10 C:/ST/STM32CubeIDE_1.13.2/STM32CubeIDE/plugins/com.st.stm32cube.ide.mcu.externaltools.gnu-tools-for-stm32.11.3.rel1.win32_1.1.1.202309131626/tools/bin/../lib/gcc/arm-none-eabi/11.3.1/../../../../arm-none-eabi/lib/thumb/v7e-m+dp/hard\libc_nano.a(libc_a-strlen.o)
                0x00000000080002f0                strlen
 .text          0x0000000008000300       0xa0 C:/ST/STM32CubeIDE_1.13.2/STM32CubeIDE/plugins/com.st.stm32cube.ide.mcu.externaltools.gnu-tools-for-stm32.11.3.rel1.win32_1.1.1.202309131626/tools/bin/../lib/gcc/arm-none-eabi/11.3.1/../../../../arm-none-eabi/lib/thumb/v7e-m+dp/hard\libc_nano.a(libc_a-memchr.o)
                0x0000000008000300                memchr
 .text          0x00000000080003a0       0x30 C:/ST/STM32CubeIDE_1.13.2/STM32CubeIDE/plugins/com.st.stm32cube.ide.mcu.externaltools.gnu-tools-for-stm32.11.3.rel1.win32_1.1.1.202309131626/tools/bin/../lib/gcc/arm-none-eabi/11.3.1/thumb/v7e-m+dp/hard\libgcc.a(_aeabi_uldivmod.o)
                0x00000000080003a0                __aeabi_uldivmod
 .text          0x00000000080003d0      0x2c8 C:/ST/STM32CubeIDE_1.13.2/STM32CubeIDE/plugins/com.st.stm32cube.ide.mcu.externaltools.gnu-tools-for-stm32.11.3.rel1.win32_1.1.1.202309131626/tools/bin/../lib/gcc/arm-none-eabi/11.3.1/thumb/v7e-m+dp/hard\libgcc.a(_udivmoddi4.o)
                0x00000000080003d0                __udivmoddi4
 .text          0x0000000008000698        0x4 C:/ST/STM32CubeIDE_1.13.2/STM32CubeIDE/plugins/com.st.stm32cube.ide.mcu.externaltools.gnu-tools-for-stm32.11.3.rel1.win32_1.1.1.202309131626/tools/bin/../lib/gcc/arm-none-eabi/11.3.1/thumb/v7e-m+dp/hard\libgcc.a(_dvmd_tls.o)
                0x0000000008000698                __aeabi_idiv0
                0x0000000008000698                __aeabi_ldiv0
 *(.text*)
 .text.dispense
                0x000000000800069c       0x4c ./Core/Src/globals.o
                0x000000000800069c                dispense
 .text.__NVIC_EnableIRQ
                0x00000000080006e8       0x3c ./Core/Src/main.o
 .text.__NVIC_SetPriority
                0x0000000008000724       0x54 ./Core/Src/main.o
 .text.move_tilt_steps
                0x0000000008000778       0xb8 ./Core/Src/main.o
                0x0000000008000778                move_tilt_steps
 .text.move_tilt_deg
                0x0000000008000830       0x28 ./Core/Src/main.o
                0x0000000008000830                move_tilt_deg
 .text.move_pan_steps
                0x0000000008000858       0xbc ./Core/Src/main.o
                0x0000000008000858                move_pan_steps
 .text.move_pan_deg
                0x0000000008000914       0x60 ./Core/Src/main.o
                0x0000000008000914                move_pan_deg
 .text.ack      0x0000000008000974       0x20 ./Core/Src/main.o
                0x0000000008000974                ack
 .text.bad      0x0000000008000994       0x20 ./Core/Src/main.o
                0x0000000008000994                bad
 .text.HAL_UART_RxCpltCallback
                0x00000000080009b4       0x68 ./Core/Src/main.o
                0x00000000080009b4                HAL_UART_RxCpltCallback
 .text.rx_handle
                0x0000000008000a1c      0x390 ./Core/Src/main.o
                0x0000000008000a1c                rx_handle
 .text.main     0x0000000008000dac      0x13c ./Core/Src/main.o
                0x0000000008000dac                main
 .text.SystemClock_Config
                0x0000000008000ee8       0xec ./Core/Src/main.o
                0x0000000008000ee8                SystemClock_Config
 .text.MX_TIM2_Init
                0x0000000008000fd4       0xd8 ./Core/Src/main.o
 .text.MX_TIM4_Init
                0x00000000080010ac       0xb0 ./Core/Src/main.o
 .text.MX_TIM5_Init
                0x000000000800115c       0x9c ./Core/Src/main.o
 .text.MX_USART3_UART_Init
                0x00000000080011f8       0x98 ./Core/Src/main.o
 .text.MX_USB_OTG_HS_USB_Init
                0x0000000008001290        0xe ./Core/Src/main.o
 *fill*         0x000000000800129e        0x2 
 .text.MX_GPIO_Init
                0x00000000080012a0      0x29c ./Core/Src/main.o
 .text.Error_Handler
                0x000000000800153c        0xa ./Core/Src/main.o
                0x000000000800153c                Error_Handler
 *fill*         0x0000000008001546        0x2 
 .text.HAL_MspInit
                0x0000000008001548       0x34 ./Core/Src/stm32h7xx_hal_msp.o
                0x0000000008001548                HAL_MspInit
 .text.HAL_TIM_Encoder_MspInit
                0x000000000800157c       0xa0 ./Core/Src/stm32h7xx_hal_msp.o
                0x000000000800157c                HAL_TIM_Encoder_MspInit
 .text.HAL_TIM_Base_MspInit
                0x000000000800161c       0x90 ./Core/Src/stm32h7xx_hal_msp.o
                0x000000000800161c                HAL_TIM_Base_MspInit
 .text.HAL_UART_MspInit
                0x00000000080016ac       0xe4 ./Core/Src/stm32h7xx_hal_msp.o
                0x00000000080016ac                HAL_UART_MspInit
 .text.NMI_Handler
                0x0000000008001790        0x6 ./Core/Src/stm32h7xx_it.o
                0x0000000008001790                NMI_Handler
 .text.HardFault_Handler
                0x0000000008001796        0x6 ./Core/Src/stm32h7xx_it.o
                0x0000000008001796                HardFault_Handler
 .text.MemManage_Handler
                0x000000000800179c        0x6 ./Core/Src/stm32h7xx_it.o
                0x000000000800179c                MemManage_Handler
 .text.BusFault_Handler
                0x00000000080017a2        0x6 ./Core/Src/stm32h7xx_it.o
                0x00000000080017a2                BusFault_Handler
 .text.UsageFault_Handler
                0x00000000080017a8        0x6 ./Core/Src/stm32h7xx_it.o
                0x00000000080017a8                UsageFault_Handler
 .text.SVC_Handler
                0x00000000080017ae        0xe ./Core/Src/stm32h7xx_it.o
                0x00000000080017ae                SVC_Handler
 .text.DebugMon_Handler
                0x00000000080017bc        0xe ./Core/Src/stm32h7xx_it.o
                0x00000000080017bc                DebugMon_Handler
 .text.PendSV_Handler
                0x00000000080017ca        0xe ./Core/Src/stm32h7xx_it.o
                0x00000000080017ca                PendSV_Handler
 .text.SysTick_Handler
                0x00000000080017d8        0xc ./Core/Src/stm32h7xx_it.o
                0x00000000080017d8                SysTick_Handler
 .text.TIM2_IRQHandler
                0x00000000080017e4       0x78 ./Core/Src/stm32h7xx_it.o
                0x00000000080017e4                TIM2_IRQHandler
 .text.TIM4_IRQHandler
                0x000000000800185c       0x48 ./Core/Src/stm32h7xx_it.o
                0x000000000800185c                TIM4_IRQHandler
 .text.USART3_IRQHandler
                0x00000000080018a4       0x14 ./Core/Src/stm32h7xx_it.o
                0x00000000080018a4                USART3_IRQHandler
 .text.TIM5_IRQHandler
                0x00000000080018b8      0x1fc ./Core/Src/stm32h7xx_it.o
                0x00000000080018b8                TIM5_IRQHandler
 .text._sbrk    0x0000000008001ab4       0x6c ./Core/Src/sysmem.o
                0x0000000008001ab4                _sbrk
 .text.SystemInit
                0x0000000008001b20       0xf0 ./Core/Src/system_stm32h7xx.o
                0x0000000008001b20                SystemInit
 .text.Reset_Handler
                0x0000000008001c10       0x50 ./Core/Startup/startup_stm32h7a3zitxq.o
                0x0000000008001c10                Reset_Handler
 .text.Default_Handler
                0x0000000008001c60        0x2 ./Core/Startup/startup_stm32h7a3zitxq.o
                0x0000000008001c60                RTC_Alarm_IRQHandler
                0x0000000008001c60                EXTI2_IRQHandler
                0x0000000008001c60                TIM8_CC_IRQHandler
                0x0000000008001c60                UART8_IRQHandler
                0x0000000008001c60                BDMA2_Channel1_IRQHandler
                0x0000000008001c60                SPI4_IRQHandler
                0x0000000008001c60                BDMA2_Channel0_IRQHandler
                0x0000000008001c60                TIM1_CC_IRQHandler
                0x0000000008001c60                DMA2_Stream5_IRQHandler
                0x0000000008001c60                JPEG_IRQHandler
                0x0000000008001c60                DMA1_Stream5_IRQHandler
                0x0000000008001c60                EXTI3_IRQHandler
                0x0000000008001c60                LPTIM4_IRQHandler
                0x0000000008001c60                TIM8_TRG_COM_TIM14_IRQHandler
                0x0000000008001c60                LPTIM2_IRQHandler
                0x0000000008001c60                DFSDM1_FLT1_IRQHandler
                0x0000000008001c60                DMAMUX2_OVR_IRQHandler
                0x0000000008001c60                GFXMMU_IRQHandler
                0x0000000008001c60                TIM8_UP_TIM13_IRQHandler
                0x0000000008001c60                I2C3_ER_IRQHandler
                0x0000000008001c60                DFSDM1_FLT2_IRQHandler
                0x0000000008001c60                USART10_IRQHandler
                0x0000000008001c60                MDMA_IRQHandler
                0x0000000008001c60                LPTIM3_IRQHandler
                0x0000000008001c60                BDMA2_Channel3_IRQHandler
                0x0000000008001c60                HSEM1_IRQHandler
                0x0000000008001c60                EXTI0_IRQHandler
                0x0000000008001c60                I2C2_EV_IRQHandler
                0x0000000008001c60                DAC2_IRQHandler
                0x0000000008001c60                DMA1_Stream2_IRQHandler
                0x0000000008001c60                FPU_IRQHandler
                0x0000000008001c60                OTG_HS_WKUP_IRQHandler
                0x0000000008001c60                FDCAN1_IT1_IRQHandler
                0x0000000008001c60                LTDC_ER_IRQHandler
                0x0000000008001c60                DMA2_Stream2_IRQHandler
                0x0000000008001c60                SPI1_IRQHandler
                0x0000000008001c60                OCTOSPI1_IRQHandler
                0x0000000008001c60                TIM6_DAC_IRQHandler
                0x0000000008001c60                BDMA2_Channel6_IRQHandler
                0x0000000008001c60                DMA2_Stream3_IRQHandler
                0x0000000008001c60                OCTOSPI2_IRQHandler
                0x0000000008001c60                SAI2_IRQHandler
                0x0000000008001c60                BDMA1_IRQHandler
                0x0000000008001c60                DFSDM1_FLT3_IRQHandler
                0x0000000008001c60                USART6_IRQHandler
                0x0000000008001c60                TIM17_IRQHandler
                0x0000000008001c60                LPTIM5_IRQHandler
                0x0000000008001c60                UART5_IRQHandler
                0x0000000008001c60                DMA2_Stream0_IRQHandler
                0x0000000008001c60                I2C1_EV_IRQHandler
                0x0000000008001c60                DMA1_Stream6_IRQHandler
                0x0000000008001c60                DMAMUX1_OVR_IRQHandler
                0x0000000008001c60                DMA1_Stream1_IRQHandler
                0x0000000008001c60                TIM16_IRQHandler
                0x0000000008001c60                UART4_IRQHandler
                0x0000000008001c60                TIM3_IRQHandler
                0x0000000008001c60                RCC_IRQHandler
                0x0000000008001c60                UART9_IRQHandler
                0x0000000008001c60                TIM8_BRK_TIM12_IRQHandler
                0x0000000008001c60                TIM1_TRG_COM_IRQHandler
                0x0000000008001c60                Default_Handler
                0x0000000008001c60                ECC_IRQHandler
                0x0000000008001c60                BDMA2_Channel2_IRQHandler
                0x0000000008001c60                CEC_IRQHandler
                0x0000000008001c60                EXTI15_10_IRQHandler
                0x0000000008001c60                DFSDM1_FLT4_IRQHandler
                0x0000000008001c60                ADC_IRQHandler
                0x0000000008001c60                DMA1_Stream7_IRQHandler
                0x0000000008001c60                SPI5_IRQHandler
                0x0000000008001c60                TIM7_IRQHandler
                0x0000000008001c60                SDMMC1_IRQHandler
                0x0000000008001c60                DMA2_Stream7_IRQHandler
                0x0000000008001c60                TIM15_IRQHandler
                0x0000000008001c60                I2C3_EV_IRQHandler
                0x0000000008001c60                DFSDM2_IRQHandler
                0x0000000008001c60                EXTI9_5_IRQHandler
                0x0000000008001c60                RTC_WKUP_IRQHandler
                0x0000000008001c60                LTDC_IRQHandler
                0x0000000008001c60                SPDIF_RX_IRQHandler
                0x0000000008001c60                PVD_PVM_IRQHandler
                0x0000000008001c60                SPI2_IRQHandler
                0x0000000008001c60                OTG_HS_EP1_IN_IRQHandler
                0x0000000008001c60                DFSDM1_FLT5_IRQHandler
                0x0000000008001c60                DMA1_Stream0_IRQHandler
                0x0000000008001c60                CRS_IRQHandler
                0x0000000008001c60                EXTI4_IRQHandler
                0x0000000008001c60                DFSDM1_FLT6_IRQHandler
                0x0000000008001c60                RNG_IRQHandler
                0x0000000008001c60                FDCAN2_IT1_IRQHandler
                0x0000000008001c60                COMP_IRQHandler
                0x0000000008001c60                TIM1_UP_IRQHandler
                0x0000000008001c60                OTG_HS_EP1_OUT_IRQHandler
                0x0000000008001c60                WWDG_IRQHandler
                0x0000000008001c60                SPI6_IRQHandler
                0x0000000008001c60                MDIOS_IRQHandler
                0x0000000008001c60                I2C4_EV_IRQHandler
                0x0000000008001c60                FDCAN2_IT0_IRQHandler
                0x0000000008001c60                LPUART1_IRQHandler
                0x0000000008001c60                FDCAN1_IT0_IRQHandler
                0x0000000008001c60                BDMA2_Channel5_IRQHandler
                0x0000000008001c60                OTG_HS_IRQHandler
                0x0000000008001c60                DMA2D_IRQHandler
                0x0000000008001c60                TIM1_BRK_IRQHandler
                0x0000000008001c60                EXTI1_IRQHandler
                0x0000000008001c60                SDMMC2_IRQHandler
                0x0000000008001c60                DTS_IRQHandler
                0x0000000008001c60                UART7_IRQHandler
                0x0000000008001c60                MDIOS_WKUP_IRQHandler
                0x0000000008001c60                USART2_IRQHandler
                0x0000000008001c60                DFSDM1_FLT0_IRQHandler
                0x0000000008001c60                I2C2_ER_IRQHandler
                0x0000000008001c60                DMA2_Stream1_IRQHandler
                0x0000000008001c60                DFSDM1_FLT7_IRQHandler
                0x0000000008001c60                FLASH_IRQHandler
                0x0000000008001c60                DMA2_Stream4_IRQHandler
                0x0000000008001c60                USART1_IRQHandler
                0x0000000008001c60                SPI3_IRQHandler
                0x0000000008001c60                WAKEUP_PIN_IRQHandler
                0x0000000008001c60                DMA1_Stream4_IRQHandler
                0x0000000008001c60                I2C1_ER_IRQHandler
                0x0000000008001c60                FMC_IRQHandler
                0x0000000008001c60                BDMA2_Channel7_IRQHandler
                0x0000000008001c60                FDCAN_CAL_IRQHandler
                0x0000000008001c60                SWPMI1_IRQHandler
                0x0000000008001c60                LPTIM1_IRQHandler
                0x0000000008001c60                DCMI_PSSI_IRQHandler
                0x0000000008001c60                I2C4_ER_IRQHandler
                0x0000000008001c60                DMA2_Stream6_IRQHandler
                0x0000000008001c60                SAI1_IRQHandler
                0x0000000008001c60                DMA1_Stream3_IRQHandler
                0x0000000008001c60                RTC_TAMP_STAMP_CSS_LSE_IRQHandler
                0x0000000008001c60                BDMA2_Channel4_IRQHandler
 *fill*         0x0000000008001c62        0x2 
 .text.HAL_Init
                0x0000000008001c64       0x78 ./Drivers/STM32H7xx_HAL_Driver/Src/stm32h7xx_hal.o
                0x0000000008001c64                HAL_Init
 .text.HAL_InitTick
                0x0000000008001cdc       0x6c ./Drivers/STM32H7xx_HAL_Driver/Src/stm32h7xx_hal.o
                0x0000000008001cdc                HAL_InitTick
 .text.HAL_IncTick
                0x0000000008001d48       0x28 ./Drivers/STM32H7xx_HAL_Driver/Src/stm32h7xx_hal.o
                0x0000000008001d48                HAL_IncTick
 .text.HAL_GetTick
                0x0000000008001d70       0x18 ./Drivers/STM32H7xx_HAL_Driver/Src/stm32h7xx_hal.o
                0x0000000008001d70                HAL_GetTick
 .text.HAL_Delay
                0x0000000008001d88       0x48 ./Drivers/STM32H7xx_HAL_Driver/Src/stm32h7xx_hal.o
                0x0000000008001d88                HAL_Delay
 .text.__NVIC_SetPriorityGrouping
                0x0000000008001dd0       0x48 ./Drivers/STM32H7xx_HAL_Driver/Src/stm32h7xx_hal_cortex.o
 .text.__NVIC_GetPriorityGrouping
                0x0000000008001e18       0x1c ./Drivers/STM32H7xx_HAL_Driver/Src/stm32h7xx_hal_cortex.o
 .text.__NVIC_EnableIRQ
                0x0000000008001e34       0x3c ./Drivers/STM32H7xx_HAL_Driver/Src/stm32h7xx_hal_cortex.o
 .text.__NVIC_SetPriority
                0x0000000008001e70       0x54 ./Drivers/STM32H7xx_HAL_Driver/Src/stm32h7xx_hal_cortex.o
 .text.NVIC_EncodePriority
                0x0000000008001ec4       0x66 ./Drivers/STM32H7xx_HAL_Driver/Src/stm32h7xx_hal_cortex.o
 *fill*         0x0000000008001f2a        0x2 
 .text.SysTick_Config
                0x0000000008001f2c       0x44 ./Drivers/STM32H7xx_HAL_Driver/Src/stm32h7xx_hal_cortex.o
 .text.HAL_NVIC_SetPriorityGrouping
                0x0000000008001f70       0x16 ./Drivers/STM32H7xx_HAL_Driver/Src/stm32h7xx_hal_cortex.o
                0x0000000008001f70                HAL_NVIC_SetPriorityGrouping
 .text.HAL_NVIC_SetPriority
                0x0000000008001f86       0x34 ./Drivers/STM32H7xx_HAL_Driver/Src/stm32h7xx_hal_cortex.o
                0x0000000008001f86                HAL_NVIC_SetPriority
 .text.HAL_NVIC_EnableIRQ
                0x0000000008001fba       0x1c ./Drivers/STM32H7xx_HAL_Driver/Src/stm32h7xx_hal_cortex.o
                0x0000000008001fba                HAL_NVIC_EnableIRQ
 .text.HAL_SYSTICK_Config
                0x0000000008001fd6       0x18 ./Drivers/STM32H7xx_HAL_Driver/Src/stm32h7xx_hal_cortex.o
                0x0000000008001fd6                HAL_SYSTICK_Config
 *fill*         0x0000000008001fee        0x2 
 .text.HAL_DMA_Abort
                0x0000000008001ff0      0x63c ./Drivers/STM32H7xx_HAL_Driver/Src/stm32h7xx_hal_dma.o
                0x0000000008001ff0                HAL_DMA_Abort
 .text.HAL_DMA_Abort_IT
                0x000000000800262c      0x48c ./Drivers/STM32H7xx_HAL_Driver/Src/stm32h7xx_hal_dma.o
                0x000000000800262c                HAL_DMA_Abort_IT
 .text.HAL_GPIO_Init
                0x0000000008002ab8      0x360 ./Drivers/STM32H7xx_HAL_Driver/Src/stm32h7xx_hal_gpio.o
                0x0000000008002ab8                HAL_GPIO_Init
 .text.HAL_GPIO_WritePin
                0x0000000008002e18       0x32 ./Drivers/STM32H7xx_HAL_Driver/Src/stm32h7xx_hal_gpio.o
                0x0000000008002e18                HAL_GPIO_WritePin
 *fill*         0x0000000008002e4a        0x2 
 .text.HAL_PWREx_ConfigSupply
                0x0000000008002e4c       0xb4 ./Drivers/STM32H7xx_HAL_Driver/Src/stm32h7xx_hal_pwr_ex.o
                0x0000000008002e4c                HAL_PWREx_ConfigSupply
 .text.HAL_RCC_OscConfig
                0x0000000008002f00      0x864 ./Drivers/STM32H7xx_HAL_Driver/Src/stm32h7xx_hal_rcc.o
                0x0000000008002f00                HAL_RCC_OscConfig
 .text.HAL_RCC_ClockConfig
                0x0000000008003764      0x36c ./Drivers/STM32H7xx_HAL_Driver/Src/stm32h7xx_hal_rcc.o
                0x0000000008003764                HAL_RCC_ClockConfig
 .text.HAL_RCC_GetSysClockFreq
                0x0000000008003ad0      0x2f4 ./Drivers/STM32H7xx_HAL_Driver/Src/stm32h7xx_hal_rcc.o
                0x0000000008003ad0                HAL_RCC_GetSysClockFreq
 .text.HAL_RCC_GetHCLKFreq
                0x0000000008003dc4       0x60 ./Drivers/STM32H7xx_HAL_Driver/Src/stm32h7xx_hal_rcc.o
                0x0000000008003dc4                HAL_RCC_GetHCLKFreq
 .text.HAL_RCC_GetPCLK1Freq
                0x0000000008003e24       0x2c ./Drivers/STM32H7xx_HAL_Driver/Src/stm32h7xx_hal_rcc.o
                0x0000000008003e24                HAL_RCC_GetPCLK1Freq
 .text.HAL_RCC_GetPCLK2Freq
                0x0000000008003e50       0x2c ./Drivers/STM32H7xx_HAL_Driver/Src/stm32h7xx_hal_rcc.o
                0x0000000008003e50                HAL_RCC_GetPCLK2Freq
 .text.HAL_RCCEx_PeriphCLKConfig
                0x0000000008003e7c     0x137c ./Drivers/STM32H7xx_HAL_Driver/Src/stm32h7xx_hal_rcc_ex.o
                0x0000000008003e7c                HAL_RCCEx_PeriphCLKConfig
 .text.HAL_RCCEx_GetD3PCLK1Freq
                0x00000000080051f8       0x2c ./Drivers/STM32H7xx_HAL_Driver/Src/stm32h7xx_hal_rcc_ex.o
                0x00000000080051f8                HAL_RCCEx_GetD3PCLK1Freq
 .text.HAL_RCCEx_GetPLL2ClockFreq
                0x0000000008005224      0x2a8 ./Drivers/STM32H7xx_HAL_Driver/Src/stm32h7xx_hal_rcc_ex.o
                0x0000000008005224                HAL_RCCEx_GetPLL2ClockFreq
 .text.HAL_RCCEx_GetPLL3ClockFreq
                0x00000000080054cc      0x2a8 ./Drivers/STM32H7xx_HAL_Driver/Src/stm32h7xx_hal_rcc_ex.o
                0x00000000080054cc                HAL_RCCEx_GetPLL3ClockFreq
 .text.RCCEx_PLL2_Config
                0x0000000008005774      0x164 ./Drivers/STM32H7xx_HAL_Driver/Src/stm32h7xx_hal_rcc_ex.o
 .text.RCCEx_PLL3_Config
                0x00000000080058d8      0x164 ./Drivers/STM32H7xx_HAL_Driver/Src/stm32h7xx_hal_rcc_ex.o
 .text.HAL_TIM_Base_Init
                0x0000000008005a3c       0xae ./Drivers/STM32H7xx_HAL_Driver/Src/stm32h7xx_hal_tim.o
                0x0000000008005a3c                HAL_TIM_Base_Init
 *fill*         0x0000000008005aea        0x2 
 .text.HAL_TIM_Encoder_Init
                0x0000000008005aec      0x14c ./Drivers/STM32H7xx_HAL_Driver/Src/stm32h7xx_hal_tim.o
                0x0000000008005aec                HAL_TIM_Encoder_Init
 .text.HAL_TIM_IRQHandler
                0x0000000008005c38      0x23e ./Drivers/STM32H7xx_HAL_Driver/Src/stm32h7xx_hal_tim.o
                0x0000000008005c38                HAL_TIM_IRQHandler
 *fill*         0x0000000008005e76        0x2 
 .text.HAL_TIM_ConfigClockSource
                0x0000000008005e78      0x1f0 ./Drivers/STM32H7xx_HAL_Driver/Src/stm32h7xx_hal_tim.o
                0x0000000008005e78                HAL_TIM_ConfigClockSource
 .text.HAL_TIM_PeriodElapsedCallback
                0x0000000008006068       0x14 ./Drivers/STM32H7xx_HAL_Driver/Src/stm32h7xx_hal_tim.o
                0x0000000008006068                HAL_TIM_PeriodElapsedCallback
 .text.HAL_TIM_OC_DelayElapsedCallback
                0x000000000800607c       0x14 ./Drivers/STM32H7xx_HAL_Driver/Src/stm32h7xx_hal_tim.o
                0x000000000800607c                HAL_TIM_OC_DelayElapsedCallback
 .text.HAL_TIM_IC_CaptureCallback
                0x0000000008006090       0x14 ./Drivers/STM32H7xx_HAL_Driver/Src/stm32h7xx_hal_tim.o
                0x0000000008006090                HAL_TIM_IC_CaptureCallback
 .text.HAL_TIM_PWM_PulseFinishedCallback
                0x00000000080060a4       0x14 ./Drivers/STM32H7xx_HAL_Driver/Src/stm32h7xx_hal_tim.o
                0x00000000080060a4                HAL_TIM_PWM_PulseFinishedCallback
 .text.HAL_TIM_TriggerCallback
                0x00000000080060b8       0x14 ./Drivers/STM32H7xx_HAL_Driver/Src/stm32h7xx_hal_tim.o
                0x00000000080060b8                HAL_TIM_TriggerCallback
 .text.TIM_Base_SetConfig
                0x00000000080060cc      0x134 ./Drivers/STM32H7xx_HAL_Driver/Src/stm32h7xx_hal_tim.o
                0x00000000080060cc                TIM_Base_SetConfig
 .text.TIM_TI1_ConfigInputStage
                0x0000000008006200       0x5e ./Drivers/STM32H7xx_HAL_Driver/Src/stm32h7xx_hal_tim.o
 .text.TIM_TI2_ConfigInputStage
                0x000000000800625e       0x60 ./Drivers/STM32H7xx_HAL_Driver/Src/stm32h7xx_hal_tim.o
 *fill*         0x00000000080062be        0x2 
 .text.TIM_ITRx_SetConfig
                0x00000000080062c0       0x3c ./Drivers/STM32H7xx_HAL_Driver/Src/stm32h7xx_hal_tim.o
 .text.TIM_ETR_SetConfig
                0x00000000080062fc       0x40 ./Drivers/STM32H7xx_HAL_Driver/Src/stm32h7xx_hal_tim.o
                0x00000000080062fc                TIM_ETR_SetConfig
 .text.HAL_TIMEx_MasterConfigSynchronization
                0x000000000800633c      0x11c ./Drivers/STM32H7xx_HAL_Driver/Src/stm32h7xx_hal_tim_ex.o
                0x000000000800633c                HAL_TIMEx_MasterConfigSynchronization
 .text.HAL_TIMEx_CommutCallback
                0x0000000008006458       0x14 ./Drivers/STM32H7xx_HAL_Driver/Src/stm32h7xx_hal_tim_ex.o
                0x0000000008006458                HAL_TIMEx_CommutCallback
 .text.HAL_TIMEx_BreakCallback
                0x000000000800646c       0x14 ./Drivers/STM32H7xx_HAL_Driver/Src/stm32h7xx_hal_tim_ex.o
                0x000000000800646c                HAL_TIMEx_BreakCallback
 .text.HAL_TIMEx_Break2Callback
                0x0000000008006480       0x14 ./Drivers/STM32H7xx_HAL_Driver/Src/stm32h7xx_hal_tim_ex.o
                0x0000000008006480                HAL_TIMEx_Break2Callback
 .text.HAL_UART_Init
                0x0000000008006494       0xa0 ./Drivers/STM32H7xx_HAL_Driver/Src/stm32h7xx_hal_uart.o
                0x0000000008006494                HAL_UART_Init
 .text.HAL_UART_Transmit
                0x0000000008006534      0x11c ./Drivers/STM32H7xx_HAL_Driver/Src/stm32h7xx_hal_uart.o
                0x0000000008006534                HAL_UART_Transmit
 .text.HAL_UART_Receive_IT
                0x0000000008006650       0x98 ./Drivers/STM32H7xx_HAL_Driver/Src/stm32h7xx_hal_uart.o
                0x0000000008006650                HAL_UART_Receive_IT
 .text.HAL_UART_IRQHandler
                0x00000000080066e8      0x774 ./Drivers/STM32H7xx_HAL_Driver/Src/stm32h7xx_hal_uart.o
                0x00000000080066e8                HAL_UART_IRQHandler
 .text.HAL_UART_TxCpltCallback
                0x0000000008006e5c       0x14 ./Drivers/STM32H7xx_HAL_Driver/Src/stm32h7xx_hal_uart.o
                0x0000000008006e5c                HAL_UART_TxCpltCallback
 .text.HAL_UART_ErrorCallback
                0x0000000008006e70       0x14 ./Drivers/STM32H7xx_HAL_Driver/Src/stm32h7xx_hal_uart.o
                0x0000000008006e70                HAL_UART_ErrorCallback
 .text.HAL_UARTEx_RxEventCallback
                0x0000000008006e84       0x18 ./Drivers/STM32H7xx_HAL_Driver/Src/stm32h7xx_hal_uart.o
                0x0000000008006e84                HAL_UARTEx_RxEventCallback
 .text.UART_SetConfig
                0x0000000008006e9c      0xcd8 ./Drivers/STM32H7xx_HAL_Driver/Src/stm32h7xx_hal_uart.o
                0x0000000008006e9c                UART_SetConfig
 .text.UART_AdvFeatureConfig
                0x0000000008007b74      0x144 ./Drivers/STM32H7xx_HAL_Driver/Src/stm32h7xx_hal_uart.o
                0x0000000008007b74                UART_AdvFeatureConfig
 .text.UART_CheckIdleState
                0x0000000008007cb8      0x154 ./Drivers/STM32H7xx_HAL_Driver/Src/stm32h7xx_hal_uart.o
                0x0000000008007cb8                UART_CheckIdleState
 .text.UART_WaitOnFlagUntilTimeout
                0x0000000008007e0c       0xce ./Drivers/STM32H7xx_HAL_Driver/Src/stm32h7xx_hal_uart.o
                0x0000000008007e0c                UART_WaitOnFlagUntilTimeout
 *fill*         0x0000000008007eda        0x2 
 .text.UART_Start_Receive_IT
                0x0000000008007edc      0x244 ./Drivers/STM32H7xx_HAL_Driver/Src/stm32h7xx_hal_uart.o
                0x0000000008007edc                UART_Start_Receive_IT
 .text.UART_EndRxTransfer
                0x0000000008008120       0xcc ./Drivers/STM32H7xx_HAL_Driver/Src/stm32h7xx_hal_uart.o
 .text.UART_DMAAbortOnError
                0x00000000080081ec       0x2c ./Drivers/STM32H7xx_HAL_Driver/Src/stm32h7xx_hal_uart.o
 .text.UART_EndTransmit_IT
                0x0000000008008218       0x56 ./Drivers/STM32H7xx_HAL_Driver/Src/stm32h7xx_hal_uart.o
 *fill*         0x000000000800826e        0x2 
 .text.UART_RxISR_8BIT
                0x0000000008008270      0x1b8 ./Drivers/STM32H7xx_HAL_Driver/Src/stm32h7xx_hal_uart.o
 .text.UART_RxISR_16BIT
                0x0000000008008428      0x1b8 ./Drivers/STM32H7xx_HAL_Driver/Src/stm32h7xx_hal_uart.o
 .text.UART_RxISR_8BIT_FIFOEN
                0x00000000080085e0      0x360 ./Drivers/STM32H7xx_HAL_Driver/Src/stm32h7xx_hal_uart.o
 .text.UART_RxISR_16BIT_FIFOEN
                0x0000000008008940      0x368 ./Drivers/STM32H7xx_HAL_Driver/Src/stm32h7xx_hal_uart.o
 .text.HAL_UARTEx_WakeupCallback
                0x0000000008008ca8       0x14 ./Drivers/STM32H7xx_HAL_Driver/Src/stm32h7xx_hal_uart_ex.o
                0x0000000008008ca8                HAL_UARTEx_WakeupCallback
 .text.HAL_UARTEx_RxFifoFullCallback
                0x0000000008008cbc       0x14 ./Drivers/STM32H7xx_HAL_Driver/Src/stm32h7xx_hal_uart_ex.o
                0x0000000008008cbc                HAL_UARTEx_RxFifoFullCallback
 .text.HAL_UARTEx_TxFifoEmptyCallback
                0x0000000008008cd0       0x14 ./Drivers/STM32H7xx_HAL_Driver/Src/stm32h7xx_hal_uart_ex.o
                0x0000000008008cd0                HAL_UARTEx_TxFifoEmptyCallback
 .text.HAL_UARTEx_DisableFifoMode
                0x0000000008008ce4       0x72 ./Drivers/STM32H7xx_HAL_Driver/Src/stm32h7xx_hal_uart_ex.o
                0x0000000008008ce4                HAL_UARTEx_DisableFifoMode
 .text.HAL_UARTEx_SetTxFifoThreshold
                0x0000000008008d56       0x7c ./Drivers/STM32H7xx_HAL_Driver/Src/stm32h7xx_hal_uart_ex.o
                0x0000000008008d56                HAL_UARTEx_SetTxFifoThreshold
 .text.HAL_UARTEx_SetRxFifoThreshold
                0x0000000008008dd2       0x7c ./Drivers/STM32H7xx_HAL_Driver/Src/stm32h7xx_hal_uart_ex.o
                0x0000000008008dd2                HAL_UARTEx_SetRxFifoThreshold
 *fill*         0x0000000008008e4e        0x2 
 .text.UARTEx_SetNbDataToProcess
                0x0000000008008e50       0x9c ./Drivers/STM32H7xx_HAL_Driver/Src/stm32h7xx_hal_uart_ex.o
 .text.sprintf  0x0000000008008eec       0x40 C:/ST/STM32CubeIDE_1.13.2/STM32CubeIDE/plugins/com.st.stm32cube.ide.mcu.externaltools.gnu-tools-for-stm32.11.3.rel1.win32_1.1.1.202309131626/tools/bin/../lib/gcc/arm-none-eabi/11.3.1/../../../../arm-none-eabi/lib/thumb/v7e-m+dp/hard\libc_nano.a(libc_a-sprintf.o)
                0x0000000008008eec                siprintf
                0x0000000008008eec                sprintf
 .text.memset   0x0000000008008f2c       0x10 C:/ST/STM32CubeIDE_1.13.2/STM32CubeIDE/plugins/com.st.stm32cube.ide.mcu.externaltools.gnu-tools-for-stm32.11.3.rel1.win32_1.1.1.202309131626/tools/bin/../lib/gcc/arm-none-eabi/11.3.1/../../../../arm-none-eabi/lib/thumb/v7e-m+dp/hard\libc_nano.a(libc_a-memset.o)
                0x0000000008008f2c                memset
 .text.__errno  0x0000000008008f3c        0xc C:/ST/STM32CubeIDE_1.13.2/STM32CubeIDE/plugins/com.st.stm32cube.ide.mcu.externaltools.gnu-tools-for-stm32.11.3.rel1.win32_1.1.1.202309131626/tools/bin/../lib/gcc/arm-none-eabi/11.3.1/../../../../arm-none-eabi/lib/thumb/v7e-m+dp/hard\libc_nano.a(libc_a-errno.o)
                0x0000000008008f3c                __errno
 .text.__libc_init_array
                0x0000000008008f48       0x48 C:/ST/STM32CubeIDE_1.13.2/STM32CubeIDE/plugins/com.st.stm32cube.ide.mcu.externaltools.gnu-tools-for-stm32.11.3.rel1.win32_1.1.1.202309131626/tools/bin/../lib/gcc/arm-none-eabi/11.3.1/../../../../arm-none-eabi/lib/thumb/v7e-m+dp/hard\libc_nano.a(libc_a-init.o)
                0x0000000008008f48                __libc_init_array
 .text.__retarget_lock_acquire_recursive
                0x0000000008008f90        0x2 C:/ST/STM32CubeIDE_1.13.2/STM32CubeIDE/plugins/com.st.stm32cube.ide.mcu.externaltools.gnu-tools-for-stm32.11.3.rel1.win32_1.1.1.202309131626/tools/bin/../lib/gcc/arm-none-eabi/11.3.1/../../../../arm-none-eabi/lib/thumb/v7e-m+dp/hard\libc_nano.a(libc_a-lock.o)
                0x0000000008008f90                __retarget_lock_acquire_recursive
 .text.__retarget_lock_release_recursive
                0x0000000008008f92        0x2 C:/ST/STM32CubeIDE_1.13.2/STM32CubeIDE/plugins/com.st.stm32cube.ide.mcu.externaltools.gnu-tools-for-stm32.11.3.rel1.win32_1.1.1.202309131626/tools/bin/../lib/gcc/arm-none-eabi/11.3.1/../../../../arm-none-eabi/lib/thumb/v7e-m+dp/hard\libc_nano.a(libc_a-lock.o)
                0x0000000008008f92                __retarget_lock_release_recursive
 .text._free_r  0x0000000008008f94       0x98 C:/ST/STM32CubeIDE_1.13.2/STM32CubeIDE/plugins/com.st.stm32cube.ide.mcu.externaltools.gnu-tools-for-stm32.11.3.rel1.win32_1.1.1.202309131626/tools/bin/../lib/gcc/arm-none-eabi/11.3.1/../../../../arm-none-eabi/lib/thumb/v7e-m+dp/hard\libc_nano.a(libc_a-freer.o)
                0x0000000008008f94                _free_r
 .text.sbrk_aligned
                0x000000000800902c       0x40 C:/ST/STM32CubeIDE_1.13.2/STM32CubeIDE/plugins/com.st.stm32cube.ide.mcu.externaltools.gnu-tools-for-stm32.11.3.rel1.win32_1.1.1.202309131626/tools/bin/../lib/gcc/arm-none-eabi/11.3.1/../../../../arm-none-eabi/lib/thumb/v7e-m+dp/hard\libc_nano.a(libc_a-mallocr.o)
 .text._malloc_r
                0x000000000800906c      0x100 C:/ST/STM32CubeIDE_1.13.2/STM32CubeIDE/plugins/com.st.stm32cube.ide.mcu.externaltools.gnu-tools-for-stm32.11.3.rel1.win32_1.1.1.202309131626/tools/bin/../lib/gcc/arm-none-eabi/11.3.1/../../../../arm-none-eabi/lib/thumb/v7e-m+dp/hard\libc_nano.a(libc_a-mallocr.o)
                0x000000000800906c                _malloc_r
 .text.__malloc_lock
                0x000000000800916c        0xc C:/ST/STM32CubeIDE_1.13.2/STM32CubeIDE/plugins/com.st.stm32cube.ide.mcu.externaltools.gnu-tools-for-stm32.11.3.rel1.win32_1.1.1.202309131626/tools/bin/../lib/gcc/arm-none-eabi/11.3.1/../../../../arm-none-eabi/lib/thumb/v7e-m+dp/hard\libc_nano.a(libc_a-mlock.o)
                0x000000000800916c                __malloc_lock
 .text.__malloc_unlock
                0x0000000008009178        0xc C:/ST/STM32CubeIDE_1.13.2/STM32CubeIDE/plugins/com.st.stm32cube.ide.mcu.externaltools.gnu-tools-for-stm32.11.3.rel1.win32_1.1.1.202309131626/tools/bin/../lib/gcc/arm-none-eabi/11.3.1/../../../../arm-none-eabi/lib/thumb/v7e-m+dp/hard\libc_nano.a(libc_a-mlock.o)
                0x0000000008009178                __malloc_unlock
 .text.__ssputs_r
                0x0000000008009184       0xb4 C:/ST/STM32CubeIDE_1.13.2/STM32CubeIDE/plugins/com.st.stm32cube.ide.mcu.externaltools.gnu-tools-for-stm32.11.3.rel1.win32_1.1.1.202309131626/tools/bin/../lib/gcc/arm-none-eabi/11.3.1/../../../../arm-none-eabi/lib/thumb/v7e-m+dp/hard\libc_nano.a(libc_a-nano-svfprintf.o)
                0x0000000008009184                __ssputs_r
 .text._svfprintf_r
                0x0000000008009238      0x1fc C:/ST/STM32CubeIDE_1.13.2/STM32CubeIDE/plugins/com.st.stm32cube.ide.mcu.externaltools.gnu-tools-for-stm32.11.3.rel1.win32_1.1.1.202309131626/tools/bin/../lib/gcc/arm-none-eabi/11.3.1/../../../../arm-none-eabi/lib/thumb/v7e-m+dp/hard\libc_nano.a(libc_a-nano-svfprintf.o)
                0x0000000008009238                _svfiprintf_r
                0x0000000008009238                _svfprintf_r
 .text._printf_common
                0x0000000008009434       0xda C:/ST/STM32CubeIDE_1.13.2/STM32CubeIDE/plugins/com.st.stm32cube.ide.mcu.externaltools.gnu-tools-for-stm32.11.3.rel1.win32_1.1.1.202309131626/tools/bin/../lib/gcc/arm-none-eabi/11.3.1/../../../../arm-none-eabi/lib/thumb/v7e-m+dp/hard\libc_nano.a(libc_a-nano-vfprintf_i.o)
                0x0000000008009434                _printf_common
 *fill*         0x000000000800950e        0x2 
 .text._printf_i
                0x0000000008009510      0x244 C:/ST/STM32CubeIDE_1.13.2/STM32CubeIDE/plugins/com.st.stm32cube.ide.mcu.externaltools.gnu-tools-for-stm32.11.3.rel1.win32_1.1.1.202309131626/tools/bin/../lib/gcc/arm-none-eabi/11.3.1/../../../../arm-none-eabi/lib/thumb/v7e-m+dp/hard\libc_nano.a(libc_a-nano-vfprintf_i.o)
                0x0000000008009510                _printf_i
 .text.memmove  0x0000000008009754       0x34 C:/ST/STM32CubeIDE_1.13.2/STM32CubeIDE/plugins/com.st.stm32cube.ide.mcu.externaltools.gnu-tools-for-stm32.11.3.rel1.win32_1.1.1.202309131626/tools/bin/../lib/gcc/arm-none-eabi/11.3.1/../../../../arm-none-eabi/lib/thumb/v7e-m+dp/hard\libc_nano.a(libc_a-memmove.o)
                0x0000000008009754                memmove
 .text._sbrk_r  0x0000000008009788       0x20 C:/ST/STM32CubeIDE_1.13.2/STM32CubeIDE/plugins/com.st.stm32cube.ide.mcu.externaltools.gnu-tools-for-stm32.11.3.rel1.win32_1.1.1.202309131626/tools/bin/../lib/gcc/arm-none-eabi/11.3.1/../../../../arm-none-eabi/lib/thumb/v7e-m+dp/hard\libc_nano.a(libc_a-sbrkr.o)
                0x0000000008009788                _sbrk_r
 .text.memcpy   0x00000000080097a8       0x1c C:/ST/STM32CubeIDE_1.13.2/STM32CubeIDE/plugins/com.st.stm32cube.ide.mcu.externaltools.gnu-tools-for-stm32.11.3.rel1.win32_1.1.1.202309131626/tools/bin/../lib/gcc/arm-none-eabi/11.3.1/../../../../arm-none-eabi/lib/thumb/v7e-m+dp/hard\libc_nano.a(libc_a-memcpy-stub.o)
                0x00000000080097a8                memcpy
 .text._realloc_r
                0x00000000080097c4       0x5e C:/ST/STM32CubeIDE_1.13.2/STM32CubeIDE/plugins/com.st.stm32cube.ide.mcu.externaltools.gnu-tools-for-stm32.11.3.rel1.win32_1.1.1.202309131626/tools/bin/../lib/gcc/arm-none-eabi/11.3.1/../../../../arm-none-eabi/lib/thumb/v7e-m+dp/hard\libc_nano.a(libc_a-reallocr.o)
                0x00000000080097c4                _realloc_r
 .text._malloc_usable_size_r
                0x0000000008009822       0x10 C:/ST/STM32CubeIDE_1.13.2/STM32CubeIDE/plugins/com.st.stm32cube.ide.mcu.externaltools.gnu-tools-for-stm32.11.3.rel1.win32_1.1.1.202309131626/tools/bin/../lib/gcc/arm-none-eabi/11.3.1/../../../../arm-none-eabi/lib/thumb/v7e-m+dp/hard\libc_nano.a(libc_a-msizer.o)
                0x0000000008009822                _malloc_usable_size_r
 *(.glue_7)
 .glue_7        0x0000000008009832        0x0 linker stubs
 *(.glue_7t)
 .glue_7t       0x0000000008009832        0x0 linker stubs
 *(.eh_frame)
 *fill*         0x0000000008009832        0x2 
 .eh_frame      0x0000000008009834        0x0 C:/ST/STM32CubeIDE_1.13.2/STM32CubeIDE/plugins/com.st.stm32cube.ide.mcu.externaltools.gnu-tools-for-stm32.11.3.rel1.win32_1.1.1.202309131626/tools/bin/../lib/gcc/arm-none-eabi/11.3.1/thumb/v7e-m+dp/hard/crtbegin.o
 *(.init)
 .init          0x0000000008009834        0x4 C:/ST/STM32CubeIDE_1.13.2/STM32CubeIDE/plugins/com.st.stm32cube.ide.mcu.externaltools.gnu-tools-for-stm32.11.3.rel1.win32_1.1.1.202309131626/tools/bin/../lib/gcc/arm-none-eabi/11.3.1/thumb/v7e-m+dp/hard/crti.o
                0x0000000008009834                _init
 .init          0x0000000008009838        0x8 C:/ST/STM32CubeIDE_1.13.2/STM32CubeIDE/plugins/com.st.stm32cube.ide.mcu.externaltools.gnu-tools-for-stm32.11.3.rel1.win32_1.1.1.202309131626/tools/bin/../lib/gcc/arm-none-eabi/11.3.1/thumb/v7e-m+dp/hard/crtn.o
 *(.fini)
 .fini          0x0000000008009840        0x4 C:/ST/STM32CubeIDE_1.13.2/STM32CubeIDE/plugins/com.st.stm32cube.ide.mcu.externaltools.gnu-tools-for-stm32.11.3.rel1.win32_1.1.1.202309131626/tools/bin/../lib/gcc/arm-none-eabi/11.3.1/thumb/v7e-m+dp/hard/crti.o
                0x0000000008009840                _fini
 .fini          0x0000000008009844        0x8 C:/ST/STM32CubeIDE_1.13.2/STM32CubeIDE/plugins/com.st.stm32cube.ide.mcu.externaltools.gnu-tools-for-stm32.11.3.rel1.win32_1.1.1.202309131626/tools/bin/../lib/gcc/arm-none-eabi/11.3.1/thumb/v7e-m+dp/hard/crtn.o
                0x000000000800984c                . = ALIGN (0x4)
                0x000000000800984c                _etext = .

.vfp11_veneer   0x000000000800984c        0x0
 .vfp11_veneer  0x000000000800984c        0x0 linker stubs

.v4_bx          0x000000000800984c        0x0
 .v4_bx         0x000000000800984c        0x0 linker stubs

.iplt           0x000000000800984c        0x0
 .iplt          0x000000000800984c        0x0 C:/ST/STM32CubeIDE_1.13.2/STM32CubeIDE/plugins/com.st.stm32cube.ide.mcu.externaltools.gnu-tools-for-stm32.11.3.rel1.win32_1.1.1.202309131626/tools/bin/../lib/gcc/arm-none-eabi/11.3.1/thumb/v7e-m+dp/hard/crtbegin.o

.rodata         0x000000000800984c       0xb0
                0x000000000800984c                . = ALIGN (0x4)
 *(.rodata)
 .rodata        0x000000000800984c       0x43 ./Core/Src/main.o
 *(.rodata*)
 *fill*         0x000000000800988f        0x1 
 .rodata.D1CorePrescTable
                0x0000000008009890       0x10 ./Core/Src/system_stm32h7xx.o
                0x0000000008009890                D1CorePrescTable
 .rodata.UARTPrescTable
                0x00000000080098a0       0x18 ./Drivers/STM32H7xx_HAL_Driver/Src/stm32h7xx_hal_uart.o
                0x00000000080098a0                UARTPrescTable
 .rodata.numerator.1
                0x00000000080098b8        0x8 ./Drivers/STM32H7xx_HAL_Driver/Src/stm32h7xx_hal_uart_ex.o
 .rodata.denominator.0
                0x00000000080098c0        0x8 ./Drivers/STM32H7xx_HAL_Driver/Src/stm32h7xx_hal_uart_ex.o
 .rodata._svfprintf_r.str1.1
                0x00000000080098c8       0x11 C:/ST/STM32CubeIDE_1.13.2/STM32CubeIDE/plugins/com.st.stm32cube.ide.mcu.externaltools.gnu-tools-for-stm32.11.3.rel1.win32_1.1.1.202309131626/tools/bin/../lib/gcc/arm-none-eabi/11.3.1/../../../../arm-none-eabi/lib/thumb/v7e-m+dp/hard\libc_nano.a(libc_a-nano-svfprintf.o)
 .rodata._printf_i.str1.1
                0x00000000080098d9       0x22 C:/ST/STM32CubeIDE_1.13.2/STM32CubeIDE/plugins/com.st.stm32cube.ide.mcu.externaltools.gnu-tools-for-stm32.11.3.rel1.win32_1.1.1.202309131626/tools/bin/../lib/gcc/arm-none-eabi/11.3.1/../../../../arm-none-eabi/lib/thumb/v7e-m+dp/hard\libc_nano.a(libc_a-nano-vfprintf_i.o)
                0x00000000080098fc                . = ALIGN (0x4)
 *fill*         0x00000000080098fb        0x1 

.ARM.extab
 *(.ARM.extab* .gnu.linkonce.armextab.*)

.ARM            0x00000000080098fc        0x8
                0x00000000080098fc                __exidx_start = .
 *(.ARM.exidx*)
 .ARM.exidx     0x00000000080098fc        0x8 C:/ST/STM32CubeIDE_1.13.2/STM32CubeIDE/plugins/com.st.stm32cube.ide.mcu.externaltools.gnu-tools-for-stm32.11.3.rel1.win32_1.1.1.202309131626/tools/bin/../lib/gcc/arm-none-eabi/11.3.1/thumb/v7e-m+dp/hard\libgcc.a(_udivmoddi4.o)
                0x0000000008009904                __exidx_end = .

.rel.dyn        0x0000000008009904        0x0
 .rel.iplt      0x0000000008009904        0x0 C:/ST/STM32CubeIDE_1.13.2/STM32CubeIDE/plugins/com.st.stm32cube.ide.mcu.externaltools.gnu-tools-for-stm32.11.3.rel1.win32_1.1.1.202309131626/tools/bin/../lib/gcc/arm-none-eabi/11.3.1/thumb/v7e-m+dp/hard/crtbegin.o

.preinit_array  0x0000000008009904        0x0
                0x0000000008009904                PROVIDE (__preinit_array_start = .)
 *(.preinit_array*)
                0x0000000008009904                PROVIDE (__preinit_array_end = .)

.init_array     0x0000000008009904        0x4
                0x0000000008009904                PROVIDE (__init_array_start = .)
 *(SORT_BY_NAME(.init_array.*))
 *(.init_array*)
 .init_array    0x0000000008009904        0x4 C:/ST/STM32CubeIDE_1.13.2/STM32CubeIDE/plugins/com.st.stm32cube.ide.mcu.externaltools.gnu-tools-for-stm32.11.3.rel1.win32_1.1.1.202309131626/tools/bin/../lib/gcc/arm-none-eabi/11.3.1/thumb/v7e-m+dp/hard/crtbegin.o
                0x0000000008009908                PROVIDE (__init_array_end = .)

.fini_array     0x0000000008009908        0x4
                [!provide]                        PROVIDE (__fini_array_start = .)
 *(SORT_BY_NAME(.fini_array.*))
 *(.fini_array*)
 .fini_array    0x0000000008009908        0x4 C:/ST/STM32CubeIDE_1.13.2/STM32CubeIDE/plugins/com.st.stm32cube.ide.mcu.externaltools.gnu-tools-for-stm32.11.3.rel1.win32_1.1.1.202309131626/tools/bin/../lib/gcc/arm-none-eabi/11.3.1/thumb/v7e-m+dp/hard/crtbegin.o
                [!provide]                        PROVIDE (__fini_array_end = .)
                0x000000000800990c                _sidata = LOADADDR (.data)

.data           0x0000000024000000       0x6c load address 0x000000000800990c
                0x0000000024000000                . = ALIGN (0x4)
                0x0000000024000000                _sdata = .
 *(.data)
 *(.data*)
 .data.val      0x0000000024000000        0x1 ./Core/Src/main.o
                0x0000000024000000                val
 *fill*         0x0000000024000001        0x3 
 .data.tx_ack   0x0000000024000004        0x3 ./Core/Src/main.o
                0x0000000024000004                tx_ack
 *fill*         0x0000000024000007        0x1 
 .data.tx_bad   0x0000000024000008        0x3 ./Core/Src/main.o
                0x0000000024000008                tx_bad
 *fill*         0x000000002400000b        0x1 
 .data.SystemCoreClock
                0x000000002400000c        0x4 ./Core/Src/system_stm32h7xx.o
                0x000000002400000c                SystemCoreClock
 .data.SystemD2Clock
                0x0000000024000010        0x4 ./Core/Src/system_stm32h7xx.o
                0x0000000024000010                SystemD2Clock
 .data.uwTickPrio
                0x0000000024000014        0x4 ./Drivers/STM32H7xx_HAL_Driver/Src/stm32h7xx_hal.o
                0x0000000024000014                uwTickPrio
 .data.uwTickFreq
                0x0000000024000018        0x1 ./Drivers/STM32H7xx_HAL_Driver/Src/stm32h7xx_hal.o
                0x0000000024000018                uwTickFreq
 *fill*         0x0000000024000019        0x3 
 .data._impure_data
                0x000000002400001c       0x4c C:/ST/STM32CubeIDE_1.13.2/STM32CubeIDE/plugins/com.st.stm32cube.ide.mcu.externaltools.gnu-tools-for-stm32.11.3.rel1.win32_1.1.1.202309131626/tools/bin/../lib/gcc/arm-none-eabi/11.3.1/../../../../arm-none-eabi/lib/thumb/v7e-m+dp/hard\libc_nano.a(libc_a-impure.o)
                0x000000002400001c                _impure_data
 .data._impure_ptr
                0x0000000024000068        0x4 C:/ST/STM32CubeIDE_1.13.2/STM32CubeIDE/plugins/com.st.stm32cube.ide.mcu.externaltools.gnu-tools-for-stm32.11.3.rel1.win32_1.1.1.202309131626/tools/bin/../lib/gcc/arm-none-eabi/11.3.1/../../../../arm-none-eabi/lib/thumb/v7e-m+dp/hard\libc_nano.a(libc_a-impure.o)
                0x0000000024000068                _impure_ptr
 *(.RamFunc)
 *(.RamFunc*)
                0x000000002400006c                . = ALIGN (0x4)
                0x000000002400006c                _edata = .

.igot.plt       0x000000002400006c        0x0 load address 0x0000000008009978
 .igot.plt      0x000000002400006c        0x0 C:/ST/STM32CubeIDE_1.13.2/STM32CubeIDE/plugins/com.st.stm32cube.ide.mcu.externaltools.gnu-tools-for-stm32.11.3.rel1.win32_1.1.1.202309131626/tools/bin/../lib/gcc/arm-none-eabi/11.3.1/thumb/v7e-m+dp/hard/crtbegin.o
                0x000000002400006c                . = ALIGN (0x4)

.bss            0x0000000024000070     0x9fd4 load address 0x0000000008009978
                0x0000000024000070                _sbss = .
                0x0000000024000070                __bss_start__ = _sbss
 *(.bss)
 .bss           0x0000000024000070       0x1c C:/ST/STM32CubeIDE_1.13.2/STM32CubeIDE/plugins/com.st.stm32cube.ide.mcu.externaltools.gnu-tools-for-stm32.11.3.rel1.win32_1.1.1.202309131626/tools/bin/../lib/gcc/arm-none-eabi/11.3.1/thumb/v7e-m+dp/hard/crtbegin.o
 *(.bss*)
 .bss.htim2     0x000000002400008c       0x4c ./Core/Src/main.o
                0x000000002400008c                htim2
 .bss.htim4     0x00000000240000d8       0x4c ./Core/Src/main.o
                0x00000000240000d8                htim4
 .bss.htim5     0x0000000024000124       0x4c ./Core/Src/main.o
                0x0000000024000124                htim5
 .bss.huart3    0x0000000024000170       0x94 ./Core/Src/main.o
                0x0000000024000170                huart3
 .bss.posLog    0x0000000024000204     0x9c40 ./Core/Src/main.o
                0x0000000024000204                posLog
 .bss.log_position
                0x0000000024009e44        0x4 ./Core/Src/main.o
                0x0000000024009e44                log_position
 .bss.running_sum
                0x0000000024009e48        0x4 ./Core/Src/main.o
                0x0000000024009e48                running_sum
 .bss.timepoint_pos
                0x0000000024009e4c        0x4 ./Core/Src/main.o
                0x0000000024009e4c                timepoint_pos
 .bss.dispense_delay_clocks
                0x0000000024009e50        0x4 ./Core/Src/main.o
                0x0000000024009e50                dispense_delay_clocks
 .bss.disp_flag
                0x0000000024009e54        0x1 ./Core/Src/main.o
                0x0000000024009e54                disp_flag
 *fill*         0x0000000024009e55        0x3 
 .bss.dispense_pos
                0x0000000024009e58        0x4 ./Core/Src/main.o
                0x0000000024009e58                dispense_pos
 .bss.posn_braked_at
                0x0000000024009e5c        0x4 ./Core/Src/main.o
                0x0000000024009e5c                posn_braked_at
 .bss.plunge_done_flag
                0x0000000024009e60        0x1 ./Core/Src/main.o
                0x0000000024009e60                plunge_done_flag
 .bss.DEPOSITED
                0x0000000024009e61        0x1 ./Core/Src/main.o
                0x0000000024009e61                DEPOSITED
 *fill*         0x0000000024009e62        0x2 
 .bss.clocks_to_disp
                0x0000000024009e64        0x4 ./Core/Src/main.o
                0x0000000024009e64                clocks_to_disp
 .bss.rxBuffer  0x0000000024009e68       0x64 ./Core/Src/main.o
                0x0000000024009e68                rxBuffer
 .bss.rxIndex   0x0000000024009ecc        0x2 ./Core/Src/main.o
                0x0000000024009ecc                rxIndex
 *fill*         0x0000000024009ece        0x2 
 .bss.received_character
                0x0000000024009ed0        0x1 ./Core/Src/main.o
                0x0000000024009ed0                received_character
 .bss.rx_flag   0x0000000024009ed1        0x1 ./Core/Src/main.o
                0x0000000024009ed1                rx_flag
 *fill*         0x0000000024009ed2        0x2 
 .bss.panPos    0x0000000024009ed4        0x4 ./Core/Src/main.o
                0x0000000024009ed4                panPos
 .bss.tiltPos   0x0000000024009ed8        0x4 ./Core/Src/main.o
                0x0000000024009ed8                tiltPos
 *fill*         0x0000000024009edc        0x4 
 .bss.speed     0x0000000024009ee0        0x8 ./Core/Src/stm32h7xx_it.o
                0x0000000024009ee0                speed
 .bss.current_pos
                0x0000000024009ee8        0x4 ./Core/Src/stm32h7xx_it.o
                0x0000000024009ee8                current_pos
 .bss.prev_pos  0x0000000024009eec        0x4 ./Core/Src/stm32h7xx_it.o
                0x0000000024009eec                prev_pos
 .bss.next_next_pos
                0x0000000024009ef0        0x4 ./Core/Src/stm32h7xx_it.o
                0x0000000024009ef0                next_next_pos
 .bss.__sbrk_heap_end
                0x0000000024009ef4        0x4 ./Core/Src/sysmem.o
 .bss.uwTick    0x0000000024009ef8        0x4 ./Drivers/STM32H7xx_HAL_Driver/Src/stm32h7xx_hal.o
                0x0000000024009ef8                uwTick
 .bss.__sf      0x0000000024009efc      0x138 C:/ST/STM32CubeIDE_1.13.2/STM32CubeIDE/plugins/com.st.stm32cube.ide.mcu.externaltools.gnu-tools-for-stm32.11.3.rel1.win32_1.1.1.202309131626/tools/bin/../lib/gcc/arm-none-eabi/11.3.1/../../../../arm-none-eabi/lib/thumb/v7e-m+dp/hard\libc_nano.a(libc_a-findfp.o)
                0x0000000024009efc                __sf
 .bss.errno     0x000000002400a034        0x4 C:/ST/STM32CubeIDE_1.13.2/STM32CubeIDE/plugins/com.st.stm32cube.ide.mcu.externaltools.gnu-tools-for-stm32.11.3.rel1.win32_1.1.1.202309131626/tools/bin/../lib/gcc/arm-none-eabi/11.3.1/../../../../arm-none-eabi/lib/thumb/v7e-m+dp/hard\libc_nano.a(libc_a-reent.o)
                0x000000002400a034                errno
 .bss.__lock___malloc_recursive_mutex
                0x000000002400a038        0x1 C:/ST/STM32CubeIDE_1.13.2/STM32CubeIDE/plugins/com.st.stm32cube.ide.mcu.externaltools.gnu-tools-for-stm32.11.3.rel1.win32_1.1.1.202309131626/tools/bin/../lib/gcc/arm-none-eabi/11.3.1/../../../../arm-none-eabi/lib/thumb/v7e-m+dp/hard\libc_nano.a(libc_a-lock.o)
                0x000000002400a038                __lock___malloc_recursive_mutex
 *fill*         0x000000002400a039        0x3 
 .bss.__malloc_free_list
                0x000000002400a03c        0x4 C:/ST/STM32CubeIDE_1.13.2/STM32CubeIDE/plugins/com.st.stm32cube.ide.mcu.externaltools.gnu-tools-for-stm32.11.3.rel1.win32_1.1.1.202309131626/tools/bin/../lib/gcc/arm-none-eabi/11.3.1/../../../../arm-none-eabi/lib/thumb/v7e-m+dp/hard\libc_nano.a(libc_a-mallocr.o)
                0x000000002400a03c                __malloc_free_list
 .bss.__malloc_sbrk_start
                0x000000002400a040        0x4 C:/ST/STM32CubeIDE_1.13.2/STM32CubeIDE/plugins/com.st.stm32cube.ide.mcu.externaltools.gnu-tools-for-stm32.11.3.rel1.win32_1.1.1.202309131626/tools/bin/../lib/gcc/arm-none-eabi/11.3.1/../../../../arm-none-eabi/lib/thumb/v7e-m+dp/hard\libc_nano.a(libc_a-mallocr.o)
                0x000000002400a040                __malloc_sbrk_start
 *(COMMON)
                0x000000002400a044                . = ALIGN (0x4)
                0x000000002400a044                _ebss = .
                0x000000002400a044                __bss_end__ = _ebss

._user_heap_stack
                0x000000002400a044      0x604 load address 0x0000000008009978
                0x000000002400a048                . = ALIGN (0x8)
 *fill*         0x000000002400a044        0x4 
                [!provide]                        PROVIDE (end = .)
                0x000000002400a048                PROVIDE (_end = .)
                0x000000002400a248                . = (. + _Min_Heap_Size)
 *fill*         0x000000002400a048      0x200 
                0x000000002400a648                . = (. + _Min_Stack_Size)
 *fill*         0x000000002400a248      0x400 
                0x000000002400a648                . = ALIGN (0x8)

/DISCARD/
 libc.a(*)
 libm.a(*)
 libgcc.a(*)

.ARM.attributes
                0x0000000000000000       0x2e
 *(.ARM.attributes)
 .ARM.attributes
                0x0000000000000000       0x1e C:/ST/STM32CubeIDE_1.13.2/STM32CubeIDE/plugins/com.st.stm32cube.ide.mcu.externaltools.gnu-tools-for-stm32.11.3.rel1.win32_1.1.1.202309131626/tools/bin/../lib/gcc/arm-none-eabi/11.3.1/thumb/v7e-m+dp/hard/crti.o
 .ARM.attributes
                0x000000000000001e       0x32 C:/ST/STM32CubeIDE_1.13.2/STM32CubeIDE/plugins/com.st.stm32cube.ide.mcu.externaltools.gnu-tools-for-stm32.11.3.rel1.win32_1.1.1.202309131626/tools/bin/../lib/gcc/arm-none-eabi/11.3.1/thumb/v7e-m+dp/hard/crtbegin.o
 .ARM.attributes
                0x0000000000000050       0x32 ./Core/Src/globals.o
 .ARM.attributes
                0x0000000000000082       0x32 ./Core/Src/main.o
 .ARM.attributes
                0x00000000000000b4       0x32 ./Core/Src/stm32h7xx_hal_msp.o
 .ARM.attributes
                0x00000000000000e6       0x32 ./Core/Src/stm32h7xx_it.o
 .ARM.attributes
                0x0000000000000118       0x32 ./Core/Src/sysmem.o
 .ARM.attributes
                0x000000000000014a       0x32 ./Core/Src/system_stm32h7xx.o
 .ARM.attributes
                0x000000000000017c       0x21 ./Core/Startup/startup_stm32h7a3zitxq.o
 .ARM.attributes
                0x000000000000019d       0x32 ./Drivers/STM32H7xx_HAL_Driver/Src/stm32h7xx_hal.o
 .ARM.attributes
                0x00000000000001cf       0x32 ./Drivers/STM32H7xx_HAL_Driver/Src/stm32h7xx_hal_cortex.o
 .ARM.attributes
                0x0000000000000201       0x32 ./Drivers/STM32H7xx_HAL_Driver/Src/stm32h7xx_hal_dma.o
 .ARM.attributes
                0x0000000000000233       0x32 ./Drivers/STM32H7xx_HAL_Driver/Src/stm32h7xx_hal_gpio.o
 .ARM.attributes
                0x0000000000000265       0x32 ./Drivers/STM32H7xx_HAL_Driver/Src/stm32h7xx_hal_pwr_ex.o
 .ARM.attributes
                0x0000000000000297       0x32 ./Drivers/STM32H7xx_HAL_Driver/Src/stm32h7xx_hal_rcc.o
 .ARM.attributes
                0x00000000000002c9       0x32 ./Drivers/STM32H7xx_HAL_Driver/Src/stm32h7xx_hal_rcc_ex.o
 .ARM.attributes
                0x00000000000002fb       0x32 ./Drivers/STM32H7xx_HAL_Driver/Src/stm32h7xx_hal_tim.o
 .ARM.attributes
                0x000000000000032d       0x32 ./Drivers/STM32H7xx_HAL_Driver/Src/stm32h7xx_hal_tim_ex.o
 .ARM.attributes
                0x000000000000035f       0x32 ./Drivers/STM32H7xx_HAL_Driver/Src/stm32h7xx_hal_uart.o
 .ARM.attributes
                0x0000000000000391       0x32 ./Drivers/STM32H7xx_HAL_Driver/Src/stm32h7xx_hal_uart_ex.o
 .ARM.attributes
                0x00000000000003c3       0x32 C:/ST/STM32CubeIDE_1.13.2/STM32CubeIDE/plugins/com.st.stm32cube.ide.mcu.externaltools.gnu-tools-for-stm32.11.3.rel1.win32_1.1.1.202309131626/tools/bin/../lib/gcc/arm-none-eabi/11.3.1/../../../../arm-none-eabi/lib/thumb/v7e-m+dp/hard\libc_nano.a(libc_a-findfp.o)
 .ARM.attributes
                0x00000000000003f5       0x32 C:/ST/STM32CubeIDE_1.13.2/STM32CubeIDE/plugins/com.st.stm32cube.ide.mcu.externaltools.gnu-tools-for-stm32.11.3.rel1.win32_1.1.1.202309131626/tools/bin/../lib/gcc/arm-none-eabi/11.3.1/../../../../arm-none-eabi/lib/thumb/v7e-m+dp/hard\libc_nano.a(libc_a-sprintf.o)
 .ARM.attributes
                0x0000000000000427       0x32 C:/ST/STM32CubeIDE_1.13.2/STM32CubeIDE/plugins/com.st.stm32cube.ide.mcu.externaltools.gnu-tools-for-stm32.11.3.rel1.win32_1.1.1.202309131626/tools/bin/../lib/gcc/arm-none-eabi/11.3.1/../../../../arm-none-eabi/lib/thumb/v7e-m+dp/hard\libc_nano.a(libc_a-memset.o)
 .ARM.attributes
                0x0000000000000459       0x32 C:/ST/STM32CubeIDE_1.13.2/STM32CubeIDE/plugins/com.st.stm32cube.ide.mcu.externaltools.gnu-tools-for-stm32.11.3.rel1.win32_1.1.1.202309131626/tools/bin/../lib/gcc/arm-none-eabi/11.3.1/../../../../arm-none-eabi/lib/thumb/v7e-m+dp/hard\libc_nano.a(libc_a-reent.o)
 .ARM.attributes
                0x000000000000048b       0x32 C:/ST/STM32CubeIDE_1.13.2/STM32CubeIDE/plugins/com.st.stm32cube.ide.mcu.externaltools.gnu-tools-for-stm32.11.3.rel1.win32_1.1.1.202309131626/tools/bin/../lib/gcc/arm-none-eabi/11.3.1/../../../../arm-none-eabi/lib/thumb/v7e-m+dp/hard\libc_nano.a(libc_a-impure.o)
 .ARM.attributes
                0x00000000000004bd       0x32 C:/ST/STM32CubeIDE_1.13.2/STM32CubeIDE/plugins/com.st.stm32cube.ide.mcu.externaltools.gnu-tools-for-stm32.11.3.rel1.win32_1.1.1.202309131626/tools/bin/../lib/gcc/arm-none-eabi/11.3.1/../../../../arm-none-eabi/lib/thumb/v7e-m+dp/hard\libc_nano.a(libc_a-errno.o)
 .ARM.attributes
                0x00000000000004ef       0x32 C:/ST/STM32CubeIDE_1.13.2/STM32CubeIDE/plugins/com.st.stm32cube.ide.mcu.externaltools.gnu-tools-for-stm32.11.3.rel1.win32_1.1.1.202309131626/tools/bin/../lib/gcc/arm-none-eabi/11.3.1/../../../../arm-none-eabi/lib/thumb/v7e-m+dp/hard\libc_nano.a(libc_a-init.o)
 .ARM.attributes
                0x0000000000000521       0x32 C:/ST/STM32CubeIDE_1.13.2/STM32CubeIDE/plugins/com.st.stm32cube.ide.mcu.externaltools.gnu-tools-for-stm32.11.3.rel1.win32_1.1.1.202309131626/tools/bin/../lib/gcc/arm-none-eabi/11.3.1/../../../../arm-none-eabi/lib/thumb/v7e-m+dp/hard\libc_nano.a(libc_a-lock.o)
 .ARM.attributes
                0x0000000000000553       0x17 C:/ST/STM32CubeIDE_1.13.2/STM32CubeIDE/plugins/com.st.stm32cube.ide.mcu.externaltools.gnu-tools-for-stm32.11.3.rel1.win32_1.1.1.202309131626/tools/bin/../lib/gcc/arm-none-eabi/11.3.1/../../../../arm-none-eabi/lib/thumb/v7e-m+dp/hard\libc_nano.a(libc_a-strlen.o)
 .ARM.attributes
                0x000000000000056a       0x32 C:/ST/STM32CubeIDE_1.13.2/STM32CubeIDE/plugins/com.st.stm32cube.ide.mcu.externaltools.gnu-tools-for-stm32.11.3.rel1.win32_1.1.1.202309131626/tools/bin/../lib/gcc/arm-none-eabi/11.3.1/../../../../arm-none-eabi/lib/thumb/v7e-m+dp/hard\libc_nano.a(libc_a-freer.o)
 .ARM.attributes
                0x000000000000059c       0x32 C:/ST/STM32CubeIDE_1.13.2/STM32CubeIDE/plugins/com.st.stm32cube.ide.mcu.externaltools.gnu-tools-for-stm32.11.3.rel1.win32_1.1.1.202309131626/tools/bin/../lib/gcc/arm-none-eabi/11.3.1/../../../../arm-none-eabi/lib/thumb/v7e-m+dp/hard\libc_nano.a(libc_a-mallocr.o)
 .ARM.attributes
                0x00000000000005ce       0x32 C:/ST/STM32CubeIDE_1.13.2/STM32CubeIDE/plugins/com.st.stm32cube.ide.mcu.externaltools.gnu-tools-for-stm32.11.3.rel1.win32_1.1.1.202309131626/tools/bin/../lib/gcc/arm-none-eabi/11.3.1/../../../../arm-none-eabi/lib/thumb/v7e-m+dp/hard\libc_nano.a(libc_a-mlock.o)
 .ARM.attributes
                0x0000000000000600       0x32 C:/ST/STM32CubeIDE_1.13.2/STM32CubeIDE/plugins/com.st.stm32cube.ide.mcu.externaltools.gnu-tools-for-stm32.11.3.rel1.win32_1.1.1.202309131626/tools/bin/../lib/gcc/arm-none-eabi/11.3.1/../../../../arm-none-eabi/lib/thumb/v7e-m+dp/hard\libc_nano.a(libc_a-nano-svfprintf.o)
 .ARM.attributes
                0x0000000000000632       0x32 C:/ST/STM32CubeIDE_1.13.2/STM32CubeIDE/plugins/com.st.stm32cube.ide.mcu.externaltools.gnu-tools-for-stm32.11.3.rel1.win32_1.1.1.202309131626/tools/bin/../lib/gcc/arm-none-eabi/11.3.1/../../../../arm-none-eabi/lib/thumb/v7e-m+dp/hard\libc_nano.a(libc_a-nano-vfprintf_i.o)
 .ARM.attributes
                0x0000000000000664       0x32 C:/ST/STM32CubeIDE_1.13.2/STM32CubeIDE/plugins/com.st.stm32cube.ide.mcu.externaltools.gnu-tools-for-stm32.11.3.rel1.win32_1.1.1.202309131626/tools/bin/../lib/gcc/arm-none-eabi/11.3.1/../../../../arm-none-eabi/lib/thumb/v7e-m+dp/hard\libc_nano.a(libc_a-memmove.o)
 .ARM.attributes
                0x0000000000000696       0x32 C:/ST/STM32CubeIDE_1.13.2/STM32CubeIDE/plugins/com.st.stm32cube.ide.mcu.externaltools.gnu-tools-for-stm32.11.3.rel1.win32_1.1.1.202309131626/tools/bin/../lib/gcc/arm-none-eabi/11.3.1/../../../../arm-none-eabi/lib/thumb/v7e-m+dp/hard\libc_nano.a(libc_a-sbrkr.o)
 .ARM.attributes
                0x00000000000006c8       0x1c C:/ST/STM32CubeIDE_1.13.2/STM32CubeIDE/plugins/com.st.stm32cube.ide.mcu.externaltools.gnu-tools-for-stm32.11.3.rel1.win32_1.1.1.202309131626/tools/bin/../lib/gcc/arm-none-eabi/11.3.1/../../../../arm-none-eabi/lib/thumb/v7e-m+dp/hard\libc_nano.a(libc_a-memchr.o)
 .ARM.attributes
                0x00000000000006e4       0x32 C:/ST/STM32CubeIDE_1.13.2/STM32CubeIDE/plugins/com.st.stm32cube.ide.mcu.externaltools.gnu-tools-for-stm32.11.3.rel1.win32_1.1.1.202309131626/tools/bin/../lib/gcc/arm-none-eabi/11.3.1/../../../../arm-none-eabi/lib/thumb/v7e-m+dp/hard\libc_nano.a(libc_a-memcpy-stub.o)
 .ARM.attributes
                0x0000000000000716       0x32 C:/ST/STM32CubeIDE_1.13.2/STM32CubeIDE/plugins/com.st.stm32cube.ide.mcu.externaltools.gnu-tools-for-stm32.11.3.rel1.win32_1.1.1.202309131626/tools/bin/../lib/gcc/arm-none-eabi/11.3.1/../../../../arm-none-eabi/lib/thumb/v7e-m+dp/hard\libc_nano.a(libc_a-reallocr.o)
 .ARM.attributes
                0x0000000000000748       0x32 C:/ST/STM32CubeIDE_1.13.2/STM32CubeIDE/plugins/com.st.stm32cube.ide.mcu.externaltools.gnu-tools-for-stm32.11.3.rel1.win32_1.1.1.202309131626/tools/bin/../lib/gcc/arm-none-eabi/11.3.1/../../../../arm-none-eabi/lib/thumb/v7e-m+dp/hard\libc_nano.a(libc_a-msizer.o)
 .ARM.attributes
                0x000000000000077a       0x1e C:/ST/STM32CubeIDE_1.13.2/STM32CubeIDE/plugins/com.st.stm32cube.ide.mcu.externaltools.gnu-tools-for-stm32.11.3.rel1.win32_1.1.1.202309131626/tools/bin/../lib/gcc/arm-none-eabi/11.3.1/thumb/v7e-m+dp/hard\libgcc.a(_aeabi_uldivmod.o)
 .ARM.attributes
                0x0000000000000798       0x32 C:/ST/STM32CubeIDE_1.13.2/STM32CubeIDE/plugins/com.st.stm32cube.ide.mcu.externaltools.gnu-tools-for-stm32.11.3.rel1.win32_1.1.1.202309131626/tools/bin/../lib/gcc/arm-none-eabi/11.3.1/thumb/v7e-m+dp/hard\libgcc.a(_udivmoddi4.o)
 .ARM.attributes
                0x00000000000007ca       0x1e C:/ST/STM32CubeIDE_1.13.2/STM32CubeIDE/plugins/com.st.stm32cube.ide.mcu.externaltools.gnu-tools-for-stm32.11.3.rel1.win32_1.1.1.202309131626/tools/bin/../lib/gcc/arm-none-eabi/11.3.1/thumb/v7e-m+dp/hard\libgcc.a(_dvmd_tls.o)
 .ARM.attributes
                0x00000000000007e8       0x1e C:/ST/STM32CubeIDE_1.13.2/STM32CubeIDE/plugins/com.st.stm32cube.ide.mcu.externaltools.gnu-tools-for-stm32.11.3.rel1.win32_1.1.1.202309131626/tools/bin/../lib/gcc/arm-none-eabi/11.3.1/thumb/v7e-m+dp/hard/crtn.o
OUTPUT(PlungeCooler.elf elf32-littlearm)
LOAD linker stubs
LOAD C:/ST/STM32CubeIDE_1.13.2/STM32CubeIDE/plugins/com.st.stm32cube.ide.mcu.externaltools.gnu-tools-for-stm32.11.3.rel1.win32_1.1.1.202309131626/tools/bin/../lib/gcc/arm-none-eabi/11.3.1/../../../../arm-none-eabi/lib/thumb/v7e-m+dp/hard\libc.a
LOAD C:/ST/STM32CubeIDE_1.13.2/STM32CubeIDE/plugins/com.st.stm32cube.ide.mcu.externaltools.gnu-tools-for-stm32.11.3.rel1.win32_1.1.1.202309131626/tools/bin/../lib/gcc/arm-none-eabi/11.3.1/../../../../arm-none-eabi/lib/thumb/v7e-m+dp/hard\libm.a
LOAD C:/ST/STM32CubeIDE_1.13.2/STM32CubeIDE/plugins/com.st.stm32cube.ide.mcu.externaltools.gnu-tools-for-stm32.11.3.rel1.win32_1.1.1.202309131626/tools/bin/../lib/gcc/arm-none-eabi/11.3.1/thumb/v7e-m+dp/hard\libgcc.a

.comment        0x0000000000000000       0x43
 .comment       0x0000000000000000       0x43 C:/ST/STM32CubeIDE_1.13.2/STM32CubeIDE/plugins/com.st.stm32cube.ide.mcu.externaltools.gnu-tools-for-stm32.11.3.rel1.win32_1.1.1.202309131626/tools/bin/../lib/gcc/arm-none-eabi/11.3.1/thumb/v7e-m+dp/hard/crtbegin.o
                                         0x44 (size before relaxing)
 .comment       0x0000000000000043       0x44 ./Core/Src/globals.o
 .comment       0x0000000000000043       0x44 ./Core/Src/main.o
 .comment       0x0000000000000043       0x44 ./Core/Src/stm32h7xx_hal_msp.o
 .comment       0x0000000000000043       0x44 ./Core/Src/stm32h7xx_it.o
 .comment       0x0000000000000043       0x44 ./Core/Src/sysmem.o
 .comment       0x0000000000000043       0x44 ./Core/Src/system_stm32h7xx.o
 .comment       0x0000000000000043       0x44 ./Drivers/STM32H7xx_HAL_Driver/Src/stm32h7xx_hal.o
 .comment       0x0000000000000043       0x44 ./Drivers/STM32H7xx_HAL_Driver/Src/stm32h7xx_hal_cortex.o
 .comment       0x0000000000000043       0x44 ./Drivers/STM32H7xx_HAL_Driver/Src/stm32h7xx_hal_dma.o
 .comment       0x0000000000000043       0x44 ./Drivers/STM32H7xx_HAL_Driver/Src/stm32h7xx_hal_gpio.o
 .comment       0x0000000000000043       0x44 ./Drivers/STM32H7xx_HAL_Driver/Src/stm32h7xx_hal_pwr_ex.o
 .comment       0x0000000000000043       0x44 ./Drivers/STM32H7xx_HAL_Driver/Src/stm32h7xx_hal_rcc.o
 .comment       0x0000000000000043       0x44 ./Drivers/STM32H7xx_HAL_Driver/Src/stm32h7xx_hal_rcc_ex.o
 .comment       0x0000000000000043       0x44 ./Drivers/STM32H7xx_HAL_Driver/Src/stm32h7xx_hal_tim.o
 .comment       0x0000000000000043       0x44 ./Drivers/STM32H7xx_HAL_Driver/Src/stm32h7xx_hal_tim_ex.o
 .comment       0x0000000000000043       0x44 ./Drivers/STM32H7xx_HAL_Driver/Src/stm32h7xx_hal_uart.o
 .comment       0x0000000000000043       0x44 ./Drivers/STM32H7xx_HAL_Driver/Src/stm32h7xx_hal_uart_ex.o

.debug_info     0x0000000000000000    0x166d8
 .debug_info    0x0000000000000000      0x1f3 ./Core/Src/globals.o
 .debug_info    0x00000000000001f3     0x263a ./Core/Src/main.o
 .debug_info    0x000000000000282d     0x18cd ./Core/Src/stm32h7xx_hal_msp.o
 .debug_info    0x00000000000040fa      0xe53 ./Core/Src/stm32h7xx_it.o
 .debug_info    0x0000000000004f4d      0x168 ./Core/Src/sysmem.o
 .debug_info    0x00000000000050b5      0xc73 ./Core/Src/system_stm32h7xx.o
 .debug_info    0x0000000000005d28       0x23 ./Core/Startup/startup_stm32h7a3zitxq.o
 .debug_info    0x0000000000005d4b     0x13f1 ./Drivers/STM32H7xx_HAL_Driver/Src/stm32h7xx_hal.o
 .debug_info    0x000000000000713c     0x1042 ./Drivers/STM32H7xx_HAL_Driver/Src/stm32h7xx_hal_cortex.o
 .debug_info    0x000000000000817e      0xb67 ./Drivers/STM32H7xx_HAL_Driver/Src/stm32h7xx_hal_dma.o
 .debug_info    0x0000000000008ce5      0xb2b ./Drivers/STM32H7xx_HAL_Driver/Src/stm32h7xx_hal_gpio.o
 .debug_info    0x0000000000009810      0xef7 ./Drivers/STM32H7xx_HAL_Driver/Src/stm32h7xx_hal_pwr_ex.o
 .debug_info    0x000000000000a707      0xea1 ./Drivers/STM32H7xx_HAL_Driver/Src/stm32h7xx_hal_rcc.o
 .debug_info    0x000000000000b5a8     0x11fd ./Drivers/STM32H7xx_HAL_Driver/Src/stm32h7xx_hal_rcc_ex.o
 .debug_info    0x000000000000c7a5     0x2b8b ./Drivers/STM32H7xx_HAL_Driver/Src/stm32h7xx_hal_tim.o
 .debug_info    0x000000000000f330     0x18c1 ./Drivers/STM32H7xx_HAL_Driver/Src/stm32h7xx_hal_tim_ex.o
 .debug_info    0x0000000000010bf1     0x4b32 ./Drivers/STM32H7xx_HAL_Driver/Src/stm32h7xx_hal_uart.o
 .debug_info    0x0000000000015723      0xfb5 ./Drivers/STM32H7xx_HAL_Driver/Src/stm32h7xx_hal_uart_ex.o

.debug_abbrev   0x0000000000000000     0x28c4
 .debug_abbrev  0x0000000000000000      0x11f ./Core/Src/globals.o
 .debug_abbrev  0x000000000000011f      0x3f8 ./Core/Src/main.o
 .debug_abbrev  0x0000000000000517      0x25f ./Core/Src/stm32h7xx_hal_msp.o
 .debug_abbrev  0x0000000000000776      0x228 ./Core/Src/stm32h7xx_it.o
 .debug_abbrev  0x000000000000099e       0xbc ./Core/Src/sysmem.o
 .debug_abbrev  0x0000000000000a5a      0x14a ./Core/Src/system_stm32h7xx.o
 .debug_abbrev  0x0000000000000ba4       0x12 ./Core/Startup/startup_stm32h7a3zitxq.o
 .debug_abbrev  0x0000000000000bb6      0x291 ./Drivers/STM32H7xx_HAL_Driver/Src/stm32h7xx_hal.o
 .debug_abbrev  0x0000000000000e47      0x339 ./Drivers/STM32H7xx_HAL_Driver/Src/stm32h7xx_hal_cortex.o
 .debug_abbrev  0x0000000000001180      0x248 ./Drivers/STM32H7xx_HAL_Driver/Src/stm32h7xx_hal_dma.o
 .debug_abbrev  0x00000000000013c8      0x1fa ./Drivers/STM32H7xx_HAL_Driver/Src/stm32h7xx_hal_gpio.o
 .debug_abbrev  0x00000000000015c2      0x297 ./Drivers/STM32H7xx_HAL_Driver/Src/stm32h7xx_hal_pwr_ex.o
 .debug_abbrev  0x0000000000001859      0x2c5 ./Drivers/STM32H7xx_HAL_Driver/Src/stm32h7xx_hal_rcc.o
 .debug_abbrev  0x0000000000001b1e      0x27a ./Drivers/STM32H7xx_HAL_Driver/Src/stm32h7xx_hal_rcc_ex.o
 .debug_abbrev  0x0000000000001d98      0x276 ./Drivers/STM32H7xx_HAL_Driver/Src/stm32h7xx_hal_tim.o
 .debug_abbrev  0x000000000000200e      0x296 ./Drivers/STM32H7xx_HAL_Driver/Src/stm32h7xx_hal_tim_ex.o
 .debug_abbrev  0x00000000000022a4      0x34e ./Drivers/STM32H7xx_HAL_Driver/Src/stm32h7xx_hal_uart.o
 .debug_abbrev  0x00000000000025f2      0x2d2 ./Drivers/STM32H7xx_HAL_Driver/Src/stm32h7xx_hal_uart_ex.o

.debug_aranges  0x0000000000000000     0x1140
 .debug_aranges
                0x0000000000000000       0x20 ./Core/Src/globals.o
 .debug_aranges
                0x0000000000000020       0xc0 ./Core/Src/main.o
 .debug_aranges
                0x00000000000000e0       0x50 ./Core/Src/stm32h7xx_hal_msp.o
 .debug_aranges
                0x0000000000000130       0x80 ./Core/Src/stm32h7xx_it.o
 .debug_aranges
                0x00000000000001b0       0x20 ./Core/Src/sysmem.o
 .debug_aranges
                0x00000000000001d0       0x28 ./Core/Src/system_stm32h7xx.o
 .debug_aranges
                0x00000000000001f8       0x28 ./Core/Startup/startup_stm32h7a3zitxq.o
 .debug_aranges
                0x0000000000000220      0x1a0 ./Drivers/STM32H7xx_HAL_Driver/Src/stm32h7xx_hal.o
 .debug_aranges
                0x00000000000003c0      0x120 ./Drivers/STM32H7xx_HAL_Driver/Src/stm32h7xx_hal_cortex.o
 .debug_aranges
                0x00000000000004e0       0xa0 ./Drivers/STM32H7xx_HAL_Driver/Src/stm32h7xx_hal_dma.o
 .debug_aranges
                0x0000000000000580       0x58 ./Drivers/STM32H7xx_HAL_Driver/Src/stm32h7xx_hal_gpio.o
 .debug_aranges
                0x00000000000005d8      0x188 ./Drivers/STM32H7xx_HAL_Driver/Src/stm32h7xx_hal_pwr_ex.o
 .debug_aranges
                0x0000000000000760       0x88 ./Drivers/STM32H7xx_HAL_Driver/Src/stm32h7xx_hal_rcc.o
 .debug_aranges
                0x00000000000007e8       0xf0 ./Drivers/STM32H7xx_HAL_Driver/Src/stm32h7xx_hal_rcc_ex.o
 .debug_aranges
                0x00000000000008d8      0x3e0 ./Drivers/STM32H7xx_HAL_Driver/Src/stm32h7xx_hal_tim.o
 .debug_aranges
                0x0000000000000cb8      0x198 ./Drivers/STM32H7xx_HAL_Driver/Src/stm32h7xx_hal_tim_ex.o
 .debug_aranges
                0x0000000000000e50      0x248 ./Drivers/STM32H7xx_HAL_Driver/Src/stm32h7xx_hal_uart.o
 .debug_aranges
                0x0000000000001098       0xa8 ./Drivers/STM32H7xx_HAL_Driver/Src/stm32h7xx_hal_uart_ex.o

.debug_rnglists
                0x0000000000000000      0xd87
 .debug_rnglists
                0x0000000000000000       0x13 ./Core/Src/globals.o
 .debug_rnglists
                0x0000000000000013       0x95 ./Core/Src/main.o
 .debug_rnglists
                0x00000000000000a8       0x3a ./Core/Src/stm32h7xx_hal_msp.o
 .debug_rnglists
                0x00000000000000e2       0x5c ./Core/Src/stm32h7xx_it.o
 .debug_rnglists
                0x000000000000013e       0x13 ./Core/Src/sysmem.o
 .debug_rnglists
                0x0000000000000151       0x1b ./Core/Src/system_stm32h7xx.o
 .debug_rnglists
                0x000000000000016c       0x19 ./Core/Startup/startup_stm32h7a3zitxq.o
 .debug_rnglists
                0x0000000000000185      0x137 ./Drivers/STM32H7xx_HAL_Driver/Src/stm32h7xx_hal.o
 .debug_rnglists
                0x00000000000002bc       0xd4 ./Drivers/STM32H7xx_HAL_Driver/Src/stm32h7xx_hal_cortex.o
 .debug_rnglists
                0x0000000000000390       0x82 ./Drivers/STM32H7xx_HAL_Driver/Src/stm32h7xx_hal_dma.o
 .debug_rnglists
                0x0000000000000412       0x3f ./Drivers/STM32H7xx_HAL_Driver/Src/stm32h7xx_hal_gpio.o
 .debug_rnglists
                0x0000000000000451      0x126 ./Drivers/STM32H7xx_HAL_Driver/Src/stm32h7xx_hal_pwr_ex.o
 .debug_rnglists
                0x0000000000000577       0x68 ./Drivers/STM32H7xx_HAL_Driver/Src/stm32h7xx_hal_rcc.o
 .debug_rnglists
                0x00000000000005df       0xba ./Drivers/STM32H7xx_HAL_Driver/Src/stm32h7xx_hal_rcc_ex.o
 .debug_rnglists
                0x0000000000000699      0x328 ./Drivers/STM32H7xx_HAL_Driver/Src/stm32h7xx_hal_tim.o
 .debug_rnglists
                0x00000000000009c1      0x14d ./Drivers/STM32H7xx_HAL_Driver/Src/stm32h7xx_hal_tim_ex.o
 .debug_rnglists
                0x0000000000000b0e      0x1fa ./Drivers/STM32H7xx_HAL_Driver/Src/stm32h7xx_hal_uart.o
 .debug_rnglists
                0x0000000000000d08       0x7f ./Drivers/STM32H7xx_HAL_Driver/Src/stm32h7xx_hal_uart_ex.o

.debug_macro    0x0000000000000000    0x30bc4
 .debug_macro   0x0000000000000000      0x2f4 ./Core/Src/globals.o
 .debug_macro   0x00000000000002f4      0xac0 ./Core/Src/globals.o
 .debug_macro   0x0000000000000db4      0x238 ./Core/Src/globals.o
 .debug_macro   0x0000000000000fec       0x2e ./Core/Src/globals.o
 .debug_macro   0x000000000000101a       0x42 ./Core/Src/globals.o
 .debug_macro   0x000000000000105c       0x22 ./Core/Src/globals.o
 .debug_macro   0x000000000000107e       0x8e ./Core/Src/globals.o
 .debug_macro   0x000000000000110c       0x51 ./Core/Src/globals.o
 .debug_macro   0x000000000000115d      0x103 ./Core/Src/globals.o
 .debug_macro   0x0000000000001260       0x6a ./Core/Src/globals.o
 .debug_macro   0x00000000000012ca      0x1df ./Core/Src/globals.o
 .debug_macro   0x00000000000014a9       0x1c ./Core/Src/globals.o
 .debug_macro   0x00000000000014c5       0x22 ./Core/Src/globals.o
 .debug_macro   0x00000000000014e7       0xfb ./Core/Src/globals.o
 .debug_macro   0x00000000000015e2     0x1305 ./Core/Src/globals.o
 .debug_macro   0x00000000000028e7      0x11f ./Core/Src/globals.o
 .debug_macro   0x0000000000002a06       0x27 ./Core/Src/globals.o
 .debug_macro   0x0000000000002a2d    0x1e8d1 ./Core/Src/globals.o
 .debug_macro   0x00000000000212fe       0x6d ./Core/Src/globals.o
 .debug_macro   0x000000000002136b     0x3d64 ./Core/Src/globals.o
 .debug_macro   0x00000000000250cf      0x174 ./Core/Src/globals.o
 .debug_macro   0x0000000000025243       0x61 ./Core/Src/globals.o
 .debug_macro   0x00000000000252a4       0x29 ./Core/Src/globals.o
 .debug_macro   0x00000000000252cd       0x43 ./Core/Src/globals.o
 .debug_macro   0x0000000000025310       0x34 ./Core/Src/globals.o
 .debug_macro   0x0000000000025344       0x16 ./Core/Src/globals.o
 .debug_macro   0x000000000002535a       0x43 ./Core/Src/globals.o
 .debug_macro   0x000000000002539d       0x34 ./Core/Src/globals.o
 .debug_macro   0x00000000000253d1       0x10 ./Core/Src/globals.o
 .debug_macro   0x00000000000253e1       0x58 ./Core/Src/globals.o
 .debug_macro   0x0000000000025439       0x8e ./Core/Src/globals.o
 .debug_macro   0x00000000000254c7       0x1c ./Core/Src/globals.o
 .debug_macro   0x00000000000254e3      0x177 ./Core/Src/globals.o
 .debug_macro   0x000000000002565a      0x369 ./Core/Src/globals.o
 .debug_macro   0x00000000000259c3      0x19b ./Core/Src/globals.o
 .debug_macro   0x0000000000025b5e       0x5d ./Core/Src/globals.o
 .debug_macro   0x0000000000025bbb     0x24ee ./Core/Src/globals.o
 .debug_macro   0x00000000000280a9     0x103a ./Core/Src/globals.o
 .debug_macro   0x00000000000290e3      0x154 ./Core/Src/globals.o
 .debug_macro   0x0000000000029237      0x114 ./Core/Src/globals.o
 .debug_macro   0x000000000002934b      0x3bf ./Core/Src/globals.o
 .debug_macro   0x000000000002970a       0xac ./Core/Src/globals.o
 .debug_macro   0x00000000000297b6      0x70a ./Core/Src/globals.o
 .debug_macro   0x0000000000029ec0      0x20c ./Core/Src/globals.o
 .debug_macro   0x000000000002a0cc       0x66 ./Core/Src/globals.o
 .debug_macro   0x000000000002a132      0x3c9 ./Core/Src/globals.o
 .debug_macro   0x000000000002a4fb      0x3eb ./Core/Src/globals.o
 .debug_macro   0x000000000002a8e6      0x275 ./Core/Src/globals.o
 .debug_macro   0x000000000002ab5b      0x6c8 ./Core/Src/globals.o
 .debug_macro   0x000000000002b223      0x520 ./Core/Src/globals.o
 .debug_macro   0x000000000002b743       0x58 ./Core/Src/globals.o
 .debug_macro   0x000000000002b79b       0x4a ./Core/Src/globals.o
 .debug_macro   0x000000000002b7e5      0x22c ./Core/Src/globals.o
 .debug_macro   0x000000000002ba11       0x67 ./Core/Src/globals.o
 .debug_macro   0x000000000002ba78       0xa5 ./Core/Src/globals.o
 .debug_macro   0x000000000002bb1d      0x1bd ./Core/Src/globals.o
 .debug_macro   0x000000000002bcda      0x2dc ./Core/Src/globals.o
 .debug_macro   0x000000000002bfb6       0x35 ./Core/Src/globals.o
 .debug_macro   0x000000000002bfeb      0xb1d ./Core/Src/globals.o
 .debug_macro   0x000000000002cb08      0x29f ./Core/Src/globals.o
 .debug_macro   0x000000000002cda7      0x693 ./Core/Src/globals.o
 .debug_macro   0x000000000002d43a       0xa6 ./Core/Src/globals.o
 .debug_macro   0x000000000002d4e0      0x5be ./Core/Src/globals.o
 .debug_macro   0x000000000002da9e      0x1c8 ./Core/Src/globals.o
 .debug_macro   0x000000000002dc66       0x46 ./Core/Src/globals.o
 .debug_macro   0x000000000002dcac       0x1c ./Core/Src/globals.o
 .debug_macro   0x000000000002dcc8       0x35 ./Core/Src/globals.o
 .debug_macro   0x000000000002dcfd       0x10 ./Core/Src/globals.o
 .debug_macro   0x000000000002dd0d       0x1c ./Core/Src/globals.o
 .debug_macro   0x000000000002dd29       0x16 ./Core/Src/globals.o
 .debug_macro   0x000000000002dd3f      0x147 ./Core/Src/globals.o
 .debug_macro   0x000000000002de86      0x32e ./Core/Src/main.o
 .debug_macro   0x000000000002e1b4       0x16 ./Core/Src/main.o
 .debug_macro   0x000000000002e1ca       0x20 ./Core/Src/main.o
 .debug_macro   0x000000000002e1ea      0x2b7 ./Core/Src/stm32h7xx_hal_msp.o
 .debug_macro   0x000000000002e4a1      0x2ca ./Core/Src/stm32h7xx_it.o
 .debug_macro   0x000000000002e76b       0xff ./Core/Src/sysmem.o
 .debug_macro   0x000000000002e86a      0x23c ./Core/Src/sysmem.o
 .debug_macro   0x000000000002eaa6      0x2a8 ./Core/Src/system_stm32h7xx.o
 .debug_macro   0x000000000002ed4e      0x2d2 ./Drivers/STM32H7xx_HAL_Driver/Src/stm32h7xx_hal.o
 .debug_macro   0x000000000002f020      0x2a8 ./Drivers/STM32H7xx_HAL_Driver/Src/stm32h7xx_hal_cortex.o
 .debug_macro   0x000000000002f2c8      0x2fc ./Drivers/STM32H7xx_HAL_Driver/Src/stm32h7xx_hal_dma.o
 .debug_macro   0x000000000002f5c4      0x2af ./Drivers/STM32H7xx_HAL_Driver/Src/stm32h7xx_hal_gpio.o
 .debug_macro   0x000000000002f873      0x2e1 ./Drivers/STM32H7xx_HAL_Driver/Src/stm32h7xx_hal_pwr_ex.o
 .debug_macro   0x000000000002fb54      0x2cc ./Drivers/STM32H7xx_HAL_Driver/Src/stm32h7xx_hal_rcc.o
 .debug_macro   0x000000000002fe20      0x2c6 ./Drivers/STM32H7xx_HAL_Driver/Src/stm32h7xx_hal_rcc_ex.o
 .debug_macro   0x00000000000300e6      0x2a9 ./Drivers/STM32H7xx_HAL_Driver/Src/stm32h7xx_hal_tim.o
 .debug_macro   0x000000000003038f      0x2ae ./Drivers/STM32H7xx_HAL_Driver/Src/stm32h7xx_hal_tim_ex.o
 .debug_macro   0x000000000003063d      0x2d3 ./Drivers/STM32H7xx_HAL_Driver/Src/stm32h7xx_hal_uart.o
 .debug_macro   0x0000000000030910      0x2b4 ./Drivers/STM32H7xx_HAL_Driver/Src/stm32h7xx_hal_uart_ex.o

.debug_line     0x0000000000000000    0x17f9a
 .debug_line    0x0000000000000000      0x920 ./Core/Src/globals.o
 .debug_line    0x0000000000000920      0xfff ./Core/Src/main.o
 .debug_line    0x000000000000191f      0x9ec ./Core/Src/stm32h7xx_hal_msp.o
 .debug_line    0x000000000000230b      0xacc ./Core/Src/stm32h7xx_it.o
 .debug_line    0x0000000000002dd7      0x579 ./Core/Src/sysmem.o
 .debug_line    0x0000000000003350      0xa80 ./Core/Src/system_stm32h7xx.o
 .debug_line    0x0000000000003dd0       0x7a ./Core/Startup/startup_stm32h7a3zitxq.o
 .debug_line    0x0000000000003e4a      0xe93 ./Drivers/STM32H7xx_HAL_Driver/Src/stm32h7xx_hal.o
 .debug_line    0x0000000000004cdd      0xe8f ./Drivers/STM32H7xx_HAL_Driver/Src/stm32h7xx_hal_cortex.o
 .debug_line    0x0000000000005b6c     0x2904 ./Drivers/STM32H7xx_HAL_Driver/Src/stm32h7xx_hal_dma.o
 .debug_line    0x0000000000008470      0xd4c ./Drivers/STM32H7xx_HAL_Driver/Src/stm32h7xx_hal_gpio.o
 .debug_line    0x00000000000091bc     0x1017 ./Drivers/STM32H7xx_HAL_Driver/Src/stm32h7xx_hal_pwr_ex.o
 .debug_line    0x000000000000a1d3     0x13e4 ./Drivers/STM32H7xx_HAL_Driver/Src/stm32h7xx_hal_rcc.o
 .debug_line    0x000000000000b5b7     0x1c62 ./Drivers/STM32H7xx_HAL_Driver/Src/stm32h7xx_hal_rcc_ex.o
 .debug_line    0x000000000000d219     0x3fdb ./Drivers/STM32H7xx_HAL_Driver/Src/stm32h7xx_hal_tim.o
 .debug_line    0x00000000000111f4     0x1f42 ./Drivers/STM32H7xx_HAL_Driver/Src/stm32h7xx_hal_tim_ex.o
 .debug_line    0x0000000000013136     0x3f3d ./Drivers/STM32H7xx_HAL_Driver/Src/stm32h7xx_hal_uart.o
 .debug_line    0x0000000000017073      0xf27 ./Drivers/STM32H7xx_HAL_Driver/Src/stm32h7xx_hal_uart_ex.o

.debug_str      0x0000000000000000   0x1400dd
 .debug_str     0x0000000000000000   0x139701 ./Core/Src/globals.o
                                     0x139b74 (size before relaxing)
 .debug_str     0x0000000000139701     0x198f ./Core/Src/main.o
                                     0x13b74f (size before relaxing)
 .debug_str     0x000000000013b090      0x41d ./Core/Src/stm32h7xx_hal_msp.o
                                     0x13ab71 (size before relaxing)
 .debug_str     0x000000000013b4ad      0x162 ./Core/Src/stm32h7xx_it.o
                                     0x139fc5 (size before relaxing)
 .debug_str     0x000000000013b60f      0x4dc ./Core/Src/sysmem.o
                                       0x60b5 (size before relaxing)
 .debug_str     0x000000000013baeb      0x20b ./Core/Src/system_stm32h7xx.o
                                     0x1392b6 (size before relaxing)
 .debug_str     0x000000000013bcf6       0x35 ./Core/Startup/startup_stm32h7a3zitxq.o
                                         0x7e (size before relaxing)
 .debug_str     0x000000000013bd2b      0x7ed ./Drivers/STM32H7xx_HAL_Driver/Src/stm32h7xx_hal.o
                                     0x13a18a (size before relaxing)
 .debug_str     0x000000000013c518      0x2fd ./Drivers/STM32H7xx_HAL_Driver/Src/stm32h7xx_hal_cortex.o
                                     0x139b9a (size before relaxing)
 .debug_str     0x000000000013c815      0x8f1 ./Drivers/STM32H7xx_HAL_Driver/Src/stm32h7xx_hal_dma.o
                                     0x1399e5 (size before relaxing)
 .debug_str     0x000000000013d106       0xe3 ./Drivers/STM32H7xx_HAL_Driver/Src/stm32h7xx_hal_gpio.o
                                     0x139267 (size before relaxing)
 .debug_str     0x000000000013d1e9      0x756 ./Drivers/STM32H7xx_HAL_Driver/Src/stm32h7xx_hal_pwr_ex.o
                                     0x1397ec (size before relaxing)
 .debug_str     0x000000000013d93f      0x22e ./Drivers/STM32H7xx_HAL_Driver/Src/stm32h7xx_hal_rcc.o
                                     0x13968f (size before relaxing)
 .debug_str     0x000000000013db6d      0x623 ./Drivers/STM32H7xx_HAL_Driver/Src/stm32h7xx_hal_rcc_ex.o
                                     0x139b24 (size before relaxing)
 .debug_str     0x000000000013e190      0xd46 ./Drivers/STM32H7xx_HAL_Driver/Src/stm32h7xx_hal_tim.o
                                     0x13a3ec (size before relaxing)
 .debug_str     0x000000000013eed6      0x5ff ./Drivers/STM32H7xx_HAL_Driver/Src/stm32h7xx_hal_tim_ex.o
                                     0x139da9 (size before relaxing)
 .debug_str     0x000000000013f4d5      0x9a2 ./Drivers/STM32H7xx_HAL_Driver/Src/stm32h7xx_hal_uart.o
                                     0x13a1bf (size before relaxing)
 .debug_str     0x000000000013fe77      0x266 ./Drivers/STM32H7xx_HAL_Driver/Src/stm32h7xx_hal_uart_ex.o
                                     0x13975e (size before relaxing)

.debug_frame    0x0000000000000000     0x4e58
 .debug_frame   0x0000000000000000       0x34 ./Core/Src/globals.o
 .debug_frame   0x0000000000000034      0x2e8 ./Core/Src/main.o
 .debug_frame   0x000000000000031c      0x114 ./Core/Src/stm32h7xx_hal_msp.o
 .debug_frame   0x0000000000000430      0x17c ./Core/Src/stm32h7xx_it.o
 .debug_frame   0x00000000000005ac       0x34 ./Core/Src/sysmem.o
 .debug_frame   0x00000000000005e0       0x58 ./Core/Src/system_stm32h7xx.o
 .debug_frame   0x0000000000000638      0x6a8 ./Drivers/STM32H7xx_HAL_Driver/Src/stm32h7xx_hal.o
 .debug_frame   0x0000000000000ce0      0x4b8 ./Drivers/STM32H7xx_HAL_Driver/Src/stm32h7xx_hal_cortex.o
 .debug_frame   0x0000000000001198      0x2b4 ./Drivers/STM32H7xx_HAL_Driver/Src/stm32h7xx_hal_dma.o
 .debug_frame   0x000000000000144c      0x14c ./Drivers/STM32H7xx_HAL_Driver/Src/stm32h7xx_hal_gpio.o
 .debug_frame   0x0000000000001598      0x660 ./Drivers/STM32H7xx_HAL_Driver/Src/stm32h7xx_hal_pwr_ex.o
 .debug_frame   0x0000000000001bf8      0x1fc ./Drivers/STM32H7xx_HAL_Driver/Src/stm32h7xx_hal_rcc.o
 .debug_frame   0x0000000000001df4      0x3ec ./Drivers/STM32H7xx_HAL_Driver/Src/stm32h7xx_hal_rcc_ex.o
 .debug_frame   0x00000000000021e0     0x121c ./Drivers/STM32H7xx_HAL_Driver/Src/stm32h7xx_hal_tim.o
 .debug_frame   0x00000000000033fc      0x724 ./Drivers/STM32H7xx_HAL_Driver/Src/stm32h7xx_hal_tim_ex.o
 .debug_frame   0x0000000000003b20      0xa94 ./Drivers/STM32H7xx_HAL_Driver/Src/stm32h7xx_hal_uart.o