../Drivers/CMSIS/Include/core_cm7.h:1902:22:__NVIC_EnableIRQ	16	static,ignoring_inline_asm
../Drivers/CMSIS/Include/core_cm7.h:2032:22:__NVIC_SetPriority	16	static
../Core/Src/main.c:100:6:move_tilt_steps	56	static
../Core/Src/main.c:119:6:move_tilt_deg	16	static
../Core/Src/main.c:123:6:move_pan_steps	56	static
../Core/Src/main.c:140:6:move_pan_deg	48	static
../Core/Src/main.c:148:6:move_dispenser	4	static
../Core/Src/main.c:154:6:start_plunge	4	static
../Core/Src/main.c:159:6:ack	8	static
../Core/Src/main.c:163:6:bad	8	static
../Core/Src/main.c:168:6:HAL_UART_RxCpltCallback	16	static
../Core/Src/main.c:180:6:rx_handle	256	static
../Core/Src/main.c:337:5:main	56	static
../Core/Src/main.c:443:6:SystemClock_Config	120	static
../Core/Src/main.c:506:13:MX_TIM2_Init	56	static
../Core/Src/main.c:555:13:MX_TIM4_Init	40	static
../Core/Src/main.c:602:13:MX_TIM5_Init	40	static
../Core/Src/main.c:651:13:MX_USART3_UART_Init	8	static
../Core/Src/main.c:699:13:MX_USB_OTG_HS_USB_Init	4	static
../Core/Src/main.c:720:13:MX_GPIO_Init	64	static
../Core/Src/main.c:838:6:Error_Handler	4	static,ignoring_inline_asm
