../Drivers/CMSIS/Include/core_cm7.h:1902:22:__NVIC_EnableIRQ	16	static,ignoring_inline_asm
../Drivers/CMSIS/Include/core_cm7.h:2032:22:__NVIC_SetPriority	16	static
../Core/Src/main.c:93:6:ack	8	static
../Core/Src/main.c:97:6:bad	8	static
../Core/Src/main.c:102:6:HAL_UART_RxCpltCallback	16	static
../Core/Src/main.c:114:6:rx_handle	24	static
../Core/Src/main.c:173:5:main	32	static
../Core/Src/main.c:288:6:SystemClock_Config	120	static
../Core/Src/main.c:351:13:MX_ADC1_Init	48	static
../Core/Src/main.c:419:13:MX_TIM2_Init	56	static
../Core/Src/main.c:470:13:MX_TIM5_Init	40	static
../Core/Src/main.c:519:13:MX_USART3_UART_Init	8	static
../Core/Src/main.c:567:13:MX_USB_OTG_HS_USB_Init	4	static
../Core/Src/main.c:588:13:MX_GPIO_Init	64	static
../Core/Src/main.c:679:6:Error_Handler	4	static,ignoring_inline_asm
