Archive member included to satisfy reference by file (symbol)

c:/st/stm32cubeide_1.12.1/stm32cubeide/plugins/com.st.stm32cube.ide.mcu.externaltools.gnu-tools-for-stm32.10.3-2021.10.win32_1.0.200.202301161003/tools/bin/../lib/gcc/arm-none-eabi/10.3.1/../../../../arm-none-eabi/lib/thumb/v7e-m+dp/hard\libc_nano.a(lib_a-errno.o)
                              ./Example/User/syscalls.o (__errno)
c:/st/stm32cubeide_1.12.1/stm32cubeide/plugins/com.st.stm32cube.ide.mcu.externaltools.gnu-tools-for-stm32.10.3-2021.10.win32_1.0.200.202301161003/tools/bin/../lib/gcc/arm-none-eabi/10.3.1/../../../../arm-none-eabi/lib/thumb/v7e-m+dp/hard\libc_nano.a(lib_a-exit.o)
                              c:/st/stm32cubeide_1.12.1/stm32cubeide/plugins/com.st.stm32cube.ide.mcu.externaltools.gnu-tools-for-stm32.10.3-2021.10.win32_1.0.200.202301161003/tools/bin/../lib/gcc/arm-none-eabi/10.3.1/../../../../arm-none-eabi/lib/thumb/v7e-m+dp/hard/crt0.o (exit)
c:/st/stm32cubeide_1.12.1/stm32cubeide/plugins/com.st.stm32cube.ide.mcu.externaltools.gnu-tools-for-stm32.10.3-2021.10.win32_1.0.200.202301161003/tools/bin/../lib/gcc/arm-none-eabi/10.3.1/../../../../arm-none-eabi/lib/thumb/v7e-m+dp/hard\libc_nano.a(lib_a-impure.o)
                              c:/st/stm32cubeide_1.12.1/stm32cubeide/plugins/com.st.stm32cube.ide.mcu.externaltools.gnu-tools-for-stm32.10.3-2021.10.win32_1.0.200.202301161003/tools/bin/../lib/gcc/arm-none-eabi/10.3.1/../../../../arm-none-eabi/lib/thumb/v7e-m+dp/hard\libc_nano.a(lib_a-exit.o) (_global_impure_ptr)
c:/st/stm32cubeide_1.12.1/stm32cubeide/plugins/com.st.stm32cube.ide.mcu.externaltools.gnu-tools-for-stm32.10.3-2021.10.win32_1.0.200.202301161003/tools/bin/../lib/gcc/arm-none-eabi/10.3.1/../../../../arm-none-eabi/lib/thumb/v7e-m+dp/hard\libc_nano.a(lib_a-init.o)
                              c:/st/stm32cubeide_1.12.1/stm32cubeide/plugins/com.st.stm32cube.ide.mcu.externaltools.gnu-tools-for-stm32.10.3-2021.10.win32_1.0.200.202301161003/tools/bin/../lib/gcc/arm-none-eabi/10.3.1/../../../../arm-none-eabi/lib/thumb/v7e-m+dp/hard/crt0.o (__libc_init_array)
c:/st/stm32cubeide_1.12.1/stm32cubeide/plugins/com.st.stm32cube.ide.mcu.externaltools.gnu-tools-for-stm32.10.3-2021.10.win32_1.0.200.202301161003/tools/bin/../lib/gcc/arm-none-eabi/10.3.1/../../../../arm-none-eabi/lib/thumb/v7e-m+dp/hard\libc_nano.a(lib_a-memset.o)
                              c:/st/stm32cubeide_1.12.1/stm32cubeide/plugins/com.st.stm32cube.ide.mcu.externaltools.gnu-tools-for-stm32.10.3-2021.10.win32_1.0.200.202301161003/tools/bin/../lib/gcc/arm-none-eabi/10.3.1/../../../../arm-none-eabi/lib/thumb/v7e-m+dp/hard/crt0.o (memset)

Discarded input sections

 .text          0x0000000000000000        0x0 c:/st/stm32cubeide_1.12.1/stm32cubeide/plugins/com.st.stm32cube.ide.mcu.externaltools.gnu-tools-for-stm32.10.3-2021.10.win32_1.0.200.202301161003/tools/bin/../lib/gcc/arm-none-eabi/10.3.1/thumb/v7e-m+dp/hard/crti.o
 .data          0x0000000000000000        0x0 c:/st/stm32cubeide_1.12.1/stm32cubeide/plugins/com.st.stm32cube.ide.mcu.externaltools.gnu-tools-for-stm32.10.3-2021.10.win32_1.0.200.202301161003/tools/bin/../lib/gcc/arm-none-eabi/10.3.1/thumb/v7e-m+dp/hard/crti.o
 .bss           0x0000000000000000        0x0 c:/st/stm32cubeide_1.12.1/stm32cubeide/plugins/com.st.stm32cube.ide.mcu.externaltools.gnu-tools-for-stm32.10.3-2021.10.win32_1.0.200.202301161003/tools/bin/../lib/gcc/arm-none-eabi/10.3.1/thumb/v7e-m+dp/hard/crti.o
 .data          0x0000000000000000        0x4 c:/st/stm32cubeide_1.12.1/stm32cubeide/plugins/com.st.stm32cube.ide.mcu.externaltools.gnu-tools-for-stm32.10.3-2021.10.win32_1.0.200.202301161003/tools/bin/../lib/gcc/arm-none-eabi/10.3.1/thumb/v7e-m+dp/hard/crtbegin.o
 .rodata        0x0000000000000000       0x24 c:/st/stm32cubeide_1.12.1/stm32cubeide/plugins/com.st.stm32cube.ide.mcu.externaltools.gnu-tools-for-stm32.10.3-2021.10.win32_1.0.200.202301161003/tools/bin/../lib/gcc/arm-none-eabi/10.3.1/thumb/v7e-m+dp/hard/crtbegin.o
 .text          0x0000000000000000       0x7c c:/st/stm32cubeide_1.12.1/stm32cubeide/plugins/com.st.stm32cube.ide.mcu.externaltools.gnu-tools-for-stm32.10.3-2021.10.win32_1.0.200.202301161003/tools/bin/../lib/gcc/arm-none-eabi/10.3.1/../../../../arm-none-eabi/lib/thumb/v7e-m+dp/hard/crt0.o
 .data          0x0000000000000000        0x0 c:/st/stm32cubeide_1.12.1/stm32cubeide/plugins/com.st.stm32cube.ide.mcu.externaltools.gnu-tools-for-stm32.10.3-2021.10.win32_1.0.200.202301161003/tools/bin/../lib/gcc/arm-none-eabi/10.3.1/../../../../arm-none-eabi/lib/thumb/v7e-m+dp/hard/crt0.o
 .bss           0x0000000000000000        0x0 c:/st/stm32cubeide_1.12.1/stm32cubeide/plugins/com.st.stm32cube.ide.mcu.externaltools.gnu-tools-for-stm32.10.3-2021.10.win32_1.0.200.202301161003/tools/bin/../lib/gcc/arm-none-eabi/10.3.1/../../../../arm-none-eabi/lib/thumb/v7e-m+dp/hard/crt0.o
[...]
Memory Configuration

Name             Origin             Length             Attributes
RAM              0x0000000020000000 0x0000000000020000 xrw
ROM              0x0000000008000000 0x0000000000200000 xr
*default*        0x0000000000000000 0xffffffffffffffff

Linker script and memory map

LOAD c:/st/stm32cubeide_1.12.1/stm32cubeide/plugins/com.st.stm32cube.ide.mcu.externaltools.gnu-tools-for-stm32.10.3-2021.10.win32_1.0.200.202301161003/tools/bin/../lib/gcc/arm-none-eabi/10.3.1/thumb/v7e-m+dp/hard/crti.o
LOAD c:/st/stm32cubeide_1.12.1/stm32cubeide/plugins/com.st.stm32cube.ide.mcu.externaltools.gnu-tools-for-stm32.10.3-2021.10.win32_1.0.200.202301161003/tools/bin/../lib/gcc/arm-none-eabi/10.3.1/thumb/v7e-m+dp/hard/crtbegin.o
LOAD c:/st/stm32cubeide_1.12.1/stm32cubeide/plugins/com.st.stm32cube.ide.mcu.externaltools.gnu-tools-for-stm32.10.3-2021.10.win32_1.0.200.202301161003/tools/bin/../lib/gcc/arm-none-eabi/10.3.1/../../../../arm-none-eabi/lib/thumb/v7e-m+dp/hard/crt0.o
LOAD ./Drivers/CMSIS/system_stm32h7xx.o
LOAD ./Drivers/STM32H7xx_LL_Driver/stm32h7xx_ll_gpio.o
LOAD ./Drivers/STM32H7xx_LL_Driver/stm32h7xx_ll_utils.o
LOAD ./Example/Startup/startup_stm32h7a3zitxq.o
LOAD ./Example/User/main.o
LOAD ./Example/User/stm32h7xx_it.o
LOAD ./Example/User/syscalls.o
LOAD ./Example/User/sysmem.o
START GROUP
LOAD c:/st/stm32cubeide_1.12.1/stm32cubeide/plugins/com.st.stm32cube.ide.mcu.externaltools.gnu-tools-for-stm32.10.3-2021.10.win32_1.0.200.202301161003/tools/bin/../lib/gcc/arm-none-eabi/10.3.1/../../../../arm-none-eabi/lib/thumb/v7e-m+dp/hard\libc_nano.a
LOAD c:/st/stm32cubeide_1.12.1/stm32cubeide/plugins/com.st.stm32cube.ide.mcu.externaltools.gnu-tools-for-stm32.10.3-2021.10.win32_1.0.200.202301161003/tools/bin/../lib/gcc/arm-none-eabi/10.3.1/../../../../arm-none-eabi/lib/thumb/v7e-m+dp/hard\libm.a
END GROUP
START GROUP
LOAD c:/st/stm32cubeide_1.12.1/stm32cubeide/plugins/com.st.stm32cube.ide.mcu.externaltools.gnu-tools-for-stm32.10.3-2021.10.win32_1.0.200.202301161003/tools/bin/../lib/gcc/arm-none-eabi/10.3.1/thumb/v7e-m+dp/hard\libgcc.a
LOAD c:/st/stm32cubeide_1.12.1/stm32cubeide/plugins/com.st.stm32cube.ide.mcu.externaltools.gnu-tools-for-stm32.10.3-2021.10.win32_1.0.200.202301161003/tools/bin/../lib/gcc/arm-none-eabi/10.3.1/../../../../arm-none-eabi/lib/thumb/v7e-m+dp/hard\libc_nano.a
END GROUP
START GROUP
LOAD c:/st/stm32cubeide_1.12.1/stm32cubeide/plugins/com.st.stm32cube.ide.mcu.externaltools.gnu-tools-for-stm32.10.3-2021.10.win32_1.0.200.202301161003/tools/bin/../lib/gcc/arm-none-eabi/10.3.1/thumb/v7e-m+dp/hard\libgcc.a
LOAD c:/st/stm32cubeide_1.12.1/stm32cubeide/plugins/com.st.stm32cube.ide.mcu.externaltools.gnu-tools-for-stm32.10.3-2021.10.win32_1.0.200.202301161003/tools/bin/../lib/gcc/arm-none-eabi/10.3.1/../../../../arm-none-eabi/lib/thumb/v7e-m+dp/hard\libc_nano.a
LOAD c:/st/stm32cubeide_1.12.1/stm32cubeide/plugins/com.st.stm32cube.ide.mcu.externaltools.gnu-tools-for-stm32.10.3-2021.10.win32_1.0.200.202301161003/tools/bin/../lib/gcc/arm-none-eabi/10.3.1/../../../../arm-none-eabi/lib/thumb/v7e-m+dp/hard\libnosys.a
END GROUP
START GROUP
LOAD c:/st/stm32cubeide_1.12.1/stm32cubeide/plugins/com.st.stm32cube.ide.mcu.externaltools.gnu-tools-for-stm32.10.3-2021.10.win32_1.0.200.202301161003/tools/bin/../lib/gcc/arm-none-eabi/10.3.1/thumb/v7e-m+dp/hard\libgcc.a
LOAD c:/st/stm32cubeide_1.12.1/stm32cubeide/plugins/com.st.stm32cube.ide.mcu.externaltools.gnu-tools-for-stm32.10.3-2021.10.win32_1.0.200.202301161003/tools/bin/../lib/gcc/arm-none-eabi/10.3.1/../../../../arm-none-eabi/lib/thumb/v7e-m+dp/hard\libc_nano.a
LOAD c:/st/stm32cubeide_1.12.1/stm32cubeide/plugins/com.st.stm32cube.ide.mcu.externaltools.gnu-tools-for-stm32.10.3-2021.10.win32_1.0.200.202301161003/tools/bin/../lib/gcc/arm-none-eabi/10.3.1/../../../../arm-none-eabi/lib/thumb/v7e-m+dp/hard\libnosys.a
END GROUP
LOAD c:/st/stm32cubeide_1.12.1/stm32cubeide/plugins/com.st.stm32cube.ide.mcu.externaltools.gnu-tools-for-stm32.10.3-2021.10.win32_1.0.200.202301161003/tools/bin/../lib/gcc/arm-none-eabi/10.3.1/thumb/v7e-m+dp/hard/crtend.o
LOAD c:/st/stm32cubeide_1.12.1/stm32cubeide/plugins/com.st.stm32cube.ide.mcu.externaltools.gnu-tools-for-stm32.10.3-2021.10.win32_1.0.200.202301161003/tools/bin/../lib/gcc/arm-none-eabi/10.3.1/thumb/v7e-m+dp/hard/crtn.o
                0x0000000020020000                _estack = (ORIGIN (RAM) + LENGTH (RAM))
                0x0000000000000200                _Min_Heap_Size = 0x200
                0x0000000000000400                _Min_Stack_Size = 0x400

.isr_vector     0x0000000008000000      0x2ac
                0x0000000008000000                . = ALIGN (0x4)
 *(.isr_vector)
 .isr_vector    0x0000000008000000      0x2ac ./Example/Startup/startup_stm32h7a3zitxq.o
                0x0000000008000000                g_pfnVectors
                0x00000000080002ac                . = ALIGN (0x4)

.text           0x00000000080002ac      0x9ec
                0x00000000080002ac                . = ALIGN (0x4)
 *(.text)
 .text          0x00000000080002ac       0x40 c:/st/stm32cubeide_1.12.1/stm32cubeide/plugins/com.st.stm32cube.ide.mcu.externaltools.gnu-tools-for-stm32.10.3-2021.10.win32_1.0.200.202301161003/tools/bin/../lib/gcc/arm-none-eabi/10.3.1/thumb/v7e-m+dp/hard/crtbegin.o
 *(.text*)
 .text.SystemInit
                0x00000000080002ec       0xb0 ./Drivers/CMSIS/system_stm32h7xx.o
                0x00000000080002ec                SystemInit
 .text.LL_mDelay
                0x000000000800039c       0x50 ./Drivers/STM32H7xx_LL_Driver/stm32h7xx_ll_utils.o
                0x000000000800039c                LL_mDelay
 .text.Reset_Handler
                0x00000000080003ec       0x50 ./Example/Startup/startup_stm32h7a3zitxq.o
                0x00000000080003ec                Reset_Handler
 .text.Default_Handler
                0x000000000800043c        0x2 ./Example/Startup/startup_stm32h7a3zitxq.o
                0x000000000800043c                RTC_Alarm_IRQHandler
                0x000000000800043c                EXTI2_IRQHandler
                0x000000000800043c                TIM8_CC_IRQHandler
                0x000000000800043c                UART8_IRQHandler
                0x000000000800043c                BDMA2_Channel1_IRQHandler
                0x000000000800043c                SPI4_IRQHandler
                0x000000000800043c                BDMA2_Channel0_IRQHandler
                0x000000000800043c                TIM1_CC_IRQHandler
                0x000000000800043c                DMA2_Stream5_IRQHandler
                0x000000000800043c                JPEG_IRQHandler
                0x000000000800043c                DMA1_Stream5_IRQHandler
                0x000000000800043c                EXTI3_IRQHandler
                0x000000000800043c                LPTIM4_IRQHandler
                0x000000000800043c                TIM8_TRG_COM_TIM14_IRQHandler
                0x000000000800043c                LPTIM2_IRQHandler
                0x000000000800043c                DFSDM1_FLT1_IRQHandler
                0x000000000800043c                DMAMUX2_OVR_IRQHandler
                0x000000000800043c                GFXMMU_IRQHandler
                0x000000000800043c                TIM8_UP_TIM13_IRQHandler
                0x000000000800043c                I2C3_ER_IRQHandler
                0x000000000800043c                DFSDM1_FLT2_IRQHandler
                0x000000000800043c                USART10_IRQHandler
                0x000000000800043c                MDMA_IRQHandler
                0x000000000800043c                LPTIM3_IRQHandler
                0x000000000800043c                BDMA2_Channel3_IRQHandler
                0x000000000800043c                HSEM1_IRQHandler
                0x000000000800043c                EXTI0_IRQHandler
                0x000000000800043c                I2C2_EV_IRQHandler
                0x000000000800043c                DAC2_IRQHandler
                0x000000000800043c                DMA1_Stream2_IRQHandler
                0x000000000800043c                FPU_IRQHandler
                0x000000000800043c                OTG_HS_WKUP_IRQHandler
                0x000000000800043c                FDCAN1_IT1_IRQHandler
                0x000000000800043c                LTDC_ER_IRQHandler
                0x000000000800043c                DMA2_Stream2_IRQHandler
                0x000000000800043c                SPI1_IRQHandler
                0x000000000800043c                OCTOSPI1_IRQHandler
                0x000000000800043c                TIM6_DAC_IRQHandler
                0x000000000800043c                BDMA2_Channel6_IRQHandler
                0x000000000800043c                DMA2_Stream3_IRQHandler
                0x000000000800043c                OCTOSPI2_IRQHandler
                0x000000000800043c                SAI2_IRQHandler
                0x000000000800043c                BDMA1_IRQHandler
                0x000000000800043c                DFSDM1_FLT3_IRQHandler
                0x000000000800043c                USART6_IRQHandler
                0x000000000800043c                TIM17_IRQHandler
                0x000000000800043c                USART3_IRQHandler
                0x000000000800043c                LPTIM5_IRQHandler
                0x000000000800043c                UART5_IRQHandler
                0x000000000800043c                DMA2_Stream0_IRQHandler
                0x000000000800043c                TIM4_IRQHandler
                0x000000000800043c                I2C1_EV_IRQHandler
                0x000000000800043c                DMA1_Stream6_IRQHandler
                0x000000000800043c                DMAMUX1_OVR_IRQHandler
                0x000000000800043c                DMA1_Stream1_IRQHandler
                0x000000000800043c                TIM16_IRQHandler
                0x000000000800043c                UART4_IRQHandler
                0x000000000800043c                TIM3_IRQHandler
                0x000000000800043c                RCC_IRQHandler
                0x000000000800043c                UART9_IRQHandler
                0x000000000800043c                TIM8_BRK_TIM12_IRQHandler
                0x000000000800043c                TIM1_TRG_COM_IRQHandler
                0x000000000800043c                Default_Handler
                0x000000000800043c                ECC_IRQHandler
                0x000000000800043c                BDMA2_Channel2_IRQHandler
                0x000000000800043c                CEC_IRQHandler
                0x000000000800043c                EXTI15_10_IRQHandler
                0x000000000800043c                DFSDM1_FLT4_IRQHandler
                0x000000000800043c                ADC_IRQHandler
                0x000000000800043c                DMA1_Stream7_IRQHandler
                0x000000000800043c                SPI5_IRQHandler
                0x000000000800043c                TIM7_IRQHandler
                0x000000000800043c                SDMMC1_IRQHandler
                0x000000000800043c                TIM5_IRQHandler
                0x000000000800043c                DMA2_Stream7_IRQHandler
                0x000000000800043c                TIM15_IRQHandler
                0x000000000800043c                I2C3_EV_IRQHandler
                0x000000000800043c                DFSDM2_IRQHandler
                0x000000000800043c                EXTI9_5_IRQHandler
                0x000000000800043c                RTC_WKUP_IRQHandler
                0x000000000800043c                LTDC_IRQHandler
                0x000000000800043c                SPDIF_RX_IRQHandler
                0x000000000800043c                PVD_PVM_IRQHandler
                0x000000000800043c                SPI2_IRQHandler
                0x000000000800043c                OTG_HS_EP1_IN_IRQHandler
                0x000000000800043c                DFSDM1_FLT5_IRQHandler
                0x000000000800043c                DMA1_Stream0_IRQHandler
                0x000000000800043c                CRS_IRQHandler
                0x000000000800043c                EXTI4_IRQHandler
                0x000000000800043c                DFSDM1_FLT6_IRQHandler
                0x000000000800043c                RNG_IRQHandler
                0x000000000800043c                FDCAN2_IT1_IRQHandler
                0x000000000800043c                COMP_IRQHandler
                0x000000000800043c                TIM1_UP_IRQHandler
                0x000000000800043c                OTG_HS_EP1_OUT_IRQHandler
                0x000000000800043c                WWDG_IRQHandler
                0x000000000800043c                SPI6_IRQHandler
                0x000000000800043c                MDIOS_IRQHandler
                0x000000000800043c                I2C4_EV_IRQHandler
                0x000000000800043c                FDCAN2_IT0_IRQHandler
                0x000000000800043c                LPUART1_IRQHandler
                0x000000000800043c                FDCAN1_IT0_IRQHandler
                0x000000000800043c                TIM2_IRQHandler
                0x000000000800043c                BDMA2_Channel5_IRQHandler
                0x000000000800043c                OTG_HS_IRQHandler
                0x000000000800043c                DMA2D_IRQHandler
                0x000000000800043c                TIM1_BRK_IRQHandler
                0x000000000800043c                EXTI1_IRQHandler
                0x000000000800043c                SDMMC2_IRQHandler
                0x000000000800043c                DTS_IRQHandler
                0x000000000800043c                UART7_IRQHandler
                0x000000000800043c                MDIOS_WKUP_IRQHandler
                0x000000000800043c                USART2_IRQHandler
                0x000000000800043c                DFSDM1_FLT0_IRQHandler
                0x000000000800043c                I2C2_ER_IRQHandler
                0x000000000800043c                DMA2_Stream1_IRQHandler
                0x000000000800043c                DFSDM1_FLT7_IRQHandler
                0x000000000800043c                FLASH_IRQHandler
                0x000000000800043c                DMA2_Stream4_IRQHandler
                0x000000000800043c                USART1_IRQHandler
                0x000000000800043c                SPI3_IRQHandler
                0x000000000800043c                WAKEUP_PIN_IRQHandler
                0x000000000800043c                DMA1_Stream4_IRQHandler
                0x000000000800043c                I2C1_ER_IRQHandler
                0x000000000800043c                FMC_IRQHandler
                0x000000000800043c                BDMA2_Channel7_IRQHandler
                0x000000000800043c                FDCAN_CAL_IRQHandler
                0x000000000800043c                SWPMI1_IRQHandler
                0x000000000800043c                LPTIM1_IRQHandler
                0x000000000800043c                DCMI_PSSI_IRQHandler
                0x000000000800043c                I2C4_ER_IRQHandler
                0x000000000800043c                DMA2_Stream6_IRQHandler
                0x000000000800043c                SAI1_IRQHandler
                0x000000000800043c                DMA1_Stream3_IRQHandler
                0x000000000800043c                RTC_TAMP_STAMP_CSS_LSE_IRQHandler
                0x000000000800043c                BDMA2_Channel4_IRQHandler
 *fill*         0x000000000800043e        0x2 
 .text.__NVIC_SetPriority
                0x0000000008000440       0x54 ./Example/User/main.o
 .text.SysTick_Config
                0x0000000008000494       0x44 ./Example/User/main.o
 .text.LL_AHB4_GRP1_EnableClock
                0x00000000080004d8       0x38 ./Example/User/main.o
 .text.LL_RCC_HSE_EnableBypass
                0x0000000008000510       0x20 ./Example/User/main.o
 .text.LL_RCC_HSE_SelectDigitalClock
                0x0000000008000530       0x20 ./Example/User/main.o
 .text.LL_RCC_HSE_Enable
                0x0000000008000550       0x20 ./Example/User/main.o
 .text.LL_RCC_HSE_IsReady
                0x0000000008000570       0x28 ./Example/User/main.o
 .text.LL_RCC_SetSysClkSource
                0x0000000008000598       0x28 ./Example/User/main.o
 .text.LL_RCC_GetSysClkSource
                0x00000000080005c0       0x1c ./Example/User/main.o
 .text.LL_RCC_SetSysPrescaler
                0x00000000080005dc       0x28 ./Example/User/main.o
 .text.LL_RCC_SetAHBPrescaler
                0x0000000008000604       0x28 ./Example/User/main.o
 .text.LL_RCC_SetAPB1Prescaler
                0x000000000800062c       0x28 ./Example/User/main.o
 .text.LL_RCC_SetAPB2Prescaler
                0x0000000008000654       0x28 ./Example/User/main.o
 .text.LL_RCC_SetAPB4Prescaler
                0x000000000800067c       0x28 ./Example/User/main.o
 .text.LL_RCC_PLL_SetSource
                0x00000000080006a4       0x28 ./Example/User/main.o
 .text.LL_RCC_PLL1_Enable
                0x00000000080006cc       0x20 ./Example/User/main.o
 .text.LL_RCC_PLL1_IsReady
                0x00000000080006ec       0x28 ./Example/User/main.o
 .text.LL_RCC_PLL1P_Enable
                0x0000000008000714       0x20 ./Example/User/main.o
 .text.LL_RCC_PLL1Q_Enable
                0x0000000008000734       0x20 ./Example/User/main.o
 .text.LL_RCC_PLL1R_Enable
                0x0000000008000754       0x20 ./Example/User/main.o
 .text.LL_RCC_PLL1FRACN_Disable
                0x0000000008000774       0x20 ./Example/User/main.o
 .text.LL_RCC_PLL1_SetVCOOutputRange
                0x0000000008000794       0x2c ./Example/User/main.o
 .text.LL_RCC_PLL1_SetVCOInputRange
                0x00000000080007c0       0x2c ./Example/User/main.o
 .text.LL_RCC_PLL1_SetN
                0x00000000080007ec       0x30 ./Example/User/main.o
 .text.LL_RCC_PLL1_SetM
                0x000000000800081c       0x2c ./Example/User/main.o
 .text.LL_RCC_PLL1_SetP
                0x0000000008000848       0x2c ./Example/User/main.o
 .text.LL_RCC_PLL1_SetQ
                0x0000000008000874       0x2c ./Example/User/main.o
 .text.LL_RCC_PLL1_SetR
                0x00000000080008a0       0x2c ./Example/User/main.o
 .text.LL_FLASH_SetLatency
                0x00000000080008cc       0x28 ./Example/User/main.o
 .text.LL_PWR_ConfigSupply
                0x00000000080008f4       0x28 ./Example/User/main.o
 .text.LL_PWR_SetRegulVoltageScaling
                0x000000000800091c       0x28 ./Example/User/main.o
 .text.LL_PWR_IsActiveFlag_VOS
                0x0000000008000944       0x28 ./Example/User/main.o
 .text.LL_GPIO_SetPinMode
                0x000000000800096c       0x40 ./Example/User/main.o
 .text.LL_GPIO_TogglePin
                0x00000000080009ac       0x32 ./Example/User/main.o
 *fill*         0x00000000080009de        0x2 
 .text.main     0x00000000080009e0       0x24 ./Example/User/main.o
                0x00000000080009e0                main
 .text.Configure_GPIO
                0x0000000008000a04       0x1c ./Example/User/main.o
                0x0000000008000a04                Configure_GPIO
 .text.SystemClock_Config
                0x0000000008000a20       0xdc ./Example/User/main.o
 .text.CPU_CACHE_Enable
                0x0000000008000afc       0xdc ./Example/User/main.o
 .text.NMI_Handler
                0x0000000008000bd8        0xe ./Example/User/stm32h7xx_it.o
                0x0000000008000bd8                NMI_Handler
 .text.HardFault_Handler
                0x0000000008000be6        0x6 ./Example/User/stm32h7xx_it.o
                0x0000000008000be6                HardFault_Handler
 .text.MemManage_Handler
                0x0000000008000bec        0x6 ./Example/User/stm32h7xx_it.o
                0x0000000008000bec                MemManage_Handler
 .text.BusFault_Handler
                0x0000000008000bf2        0x6 ./Example/User/stm32h7xx_it.o
                0x0000000008000bf2                BusFault_Handler
 .text.UsageFault_Handler
                0x0000000008000bf8        0x6 ./Example/User/stm32h7xx_it.o
                0x0000000008000bf8                UsageFault_Handler
 .text.SVC_Handler
                0x0000000008000bfe        0xe ./Example/User/stm32h7xx_it.o
                0x0000000008000bfe                SVC_Handler
 .text.DebugMon_Handler
                0x0000000008000c0c        0xe ./Example/User/stm32h7xx_it.o
                0x0000000008000c0c                DebugMon_Handler
 .text.PendSV_Handler
                0x0000000008000c1a        0xe ./Example/User/stm32h7xx_it.o
                0x0000000008000c1a                PendSV_Handler
 .text.SysTick_Handler
                0x0000000008000c28        0xe ./Example/User/stm32h7xx_it.o
                0x0000000008000c28                SysTick_Handler
 *fill*         0x0000000008000c36        0x2 
 .text.__libc_init_array
                0x0000000008000c38       0x48 c:/st/stm32cubeide_1.12.1/stm32cubeide/plugins/com.st.stm32cube.ide.mcu.externaltools.gnu-tools-for-stm32.10.3-2021.10.win32_1.0.200.202301161003/tools/bin/../lib/gcc/arm-none-eabi/10.3.1/../../../../arm-none-eabi/lib/thumb/v7e-m+dp/hard\libc_nano.a(lib_a-init.o)
                0x0000000008000c38                __libc_init_array
 *(.glue_7)
 .glue_7        0x0000000008000c80        0x0 linker stubs
 *(.glue_7t)
 .glue_7t       0x0000000008000c80        0x0 linker stubs
 *(.eh_frame)
 .eh_frame      0x0000000008000c80        0x0 c:/st/stm32cubeide_1.12.1/stm32cubeide/plugins/com.st.stm32cube.ide.mcu.externaltools.gnu-tools-for-stm32.10.3-2021.10.win32_1.0.200.202301161003/tools/bin/../lib/gcc/arm-none-eabi/10.3.1/thumb/v7e-m+dp/hard/crtbegin.o
 *(.init)
 .init          0x0000000008000c80        0x4 c:/st/stm32cubeide_1.12.1/stm32cubeide/plugins/com.st.stm32cube.ide.mcu.externaltools.gnu-tools-for-stm32.10.3-2021.10.win32_1.0.200.202301161003/tools/bin/../lib/gcc/arm-none-eabi/10.3.1/thumb/v7e-m+dp/hard/crti.o
                0x0000000008000c80                _init
 .init          0x0000000008000c84        0x8 c:/st/stm32cubeide_1.12.1/stm32cubeide/plugins/com.st.stm32cube.ide.mcu.externaltools.gnu-tools-for-stm32.10.3-2021.10.win32_1.0.200.202301161003/tools/bin/../lib/gcc/arm-none-eabi/10.3.1/thumb/v7e-m+dp/hard/crtn.o
 *(.fini)
 .fini          0x0000000008000c8c        0x4 c:/st/stm32cubeide_1.12.1/stm32cubeide/plugins/com.st.stm32cube.ide.mcu.externaltools.gnu-tools-for-stm32.10.3-2021.10.win32_1.0.200.202301161003/tools/bin/../lib/gcc/arm-none-eabi/10.3.1/thumb/v7e-m+dp/hard/crti.o
                0x0000000008000c8c                _fini
 .fini          0x0000000008000c90        0x8 c:/st/stm32cubeide_1.12.1/stm32cubeide/plugins/com.st.stm32cube.ide.mcu.externaltools.gnu-tools-for-stm32.10.3-2021.10.win32_1.0.200.202301161003/tools/bin/../lib/gcc/arm-none-eabi/10.3.1/thumb/v7e-m+dp/hard/crtn.o
                0x0000000008000c98                . = ALIGN (0x4)
                0x0000000008000c98                _etext = .

.vfp11_veneer   0x0000000008000c98        0x0
 .vfp11_veneer  0x0000000008000c98        0x0 linker stubs

.v4_bx          0x0000000008000c98        0x0
 .v4_bx         0x0000000008000c98        0x0 linker stubs

.iplt           0x0000000008000c98        0x0
 .iplt          0x0000000008000c98        0x0 c:/st/stm32cubeide_1.12.1/stm32cubeide/plugins/com.st.stm32cube.ide.mcu.externaltools.gnu-tools-for-stm32.10.3-2021.10.win32_1.0.200.202301161003/tools/bin/../lib/gcc/arm-none-eabi/10.3.1/thumb/v7e-m+dp/hard/crtbegin.o

.rel.dyn        0x0000000008000c98        0x0
 .rel.iplt      0x0000000008000c98        0x0 c:/st/stm32cubeide_1.12.1/stm32cubeide/plugins/com.st.stm32cube.ide.mcu.externaltools.gnu-tools-for-stm32.10.3-2021.10.win32_1.0.200.202301161003/tools/bin/../lib/gcc/arm-none-eabi/10.3.1/thumb/v7e-m+dp/hard/crtbegin.o

.rodata         0x0000000008000c98        0x0
                0x0000000008000c98                . = ALIGN (0x4)
 *(.rodata)
 *(.rodata*)
                0x0000000008000c98                . = ALIGN (0x4)

.ARM.extab      0x0000000008000c98        0x0
                0x0000000008000c98                . = ALIGN (0x4)
 *(.ARM.extab* .gnu.linkonce.armextab.*)
                0x0000000008000c98                . = ALIGN (0x4)

.ARM            0x0000000008000c98        0x0
                0x0000000008000c98                . = ALIGN (0x4)
                0x0000000008000c98                __exidx_start = .
 *(.ARM.exidx*)
                0x0000000008000c98                __exidx_end = .
                0x0000000008000c98                . = ALIGN (0x4)

.preinit_array  0x0000000008000c98        0x0
                0x0000000008000c98                . = ALIGN (0x4)
                0x0000000008000c98                PROVIDE (__preinit_array_start = .)
 *(.preinit_array*)
                0x0000000008000c98                PROVIDE (__preinit_array_end = .)
                0x0000000008000c98                . = ALIGN (0x4)

.init_array     0x0000000008000c98        0x4
                0x0000000008000c98                . = ALIGN (0x4)
                0x0000000008000c98                PROVIDE (__init_array_start = .)
 *(SORT_BY_NAME(.init_array.*))
 *(.init_array*)
 .init_array    0x0000000008000c98        0x4 c:/st/stm32cubeide_1.12.1/stm32cubeide/plugins/com.st.stm32cube.ide.mcu.externaltools.gnu-tools-for-stm32.10.3-2021.10.win32_1.0.200.202301161003/tools/bin/../lib/gcc/arm-none-eabi/10.3.1/thumb/v7e-m+dp/hard/crtbegin.o
                0x0000000008000c9c                PROVIDE (__init_array_end = .)
                0x0000000008000c9c                . = ALIGN (0x4)

.fini_array     0x0000000008000c9c        0x4
                0x0000000008000c9c                . = ALIGN (0x4)
                [!provide]                        PROVIDE (__fini_array_start = .)
 *(SORT_BY_NAME(.fini_array.*))
 *(.fini_array*)
 .fini_array    0x0000000008000c9c        0x4 c:/st/stm32cubeide_1.12.1/stm32cubeide/plugins/com.st.stm32cube.ide.mcu.externaltools.gnu-tools-for-stm32.10.3-2021.10.win32_1.0.200.202301161003/tools/bin/../lib/gcc/arm-none-eabi/10.3.1/thumb/v7e-m+dp/hard/crtbegin.o
                [!provide]                        PROVIDE (__fini_array_end = .)
                0x0000000008000ca0                . = ALIGN (0x4)
                0x0000000008000ca0                _sidata = LOADADDR (.data)

.data           0x0000000020000000        0x4 load address 0x0000000008000ca0
                0x0000000020000000                . = ALIGN (0x4)
                0x0000000020000000                _sdata = .
 *(.data)
 *(.data*)
 .data.SystemCoreClock
                0x0000000020000000        0x4 ./Drivers/CMSIS/system_stm32h7xx.o
                0x0000000020000000                SystemCoreClock
                0x0000000020000004                . = ALIGN (0x4)
                0x0000000020000004                _edata = .

.igot.plt       0x0000000020000004        0x0 load address 0x0000000008000ca4
 .igot.plt      0x0000000020000004        0x0 c:/st/stm32cubeide_1.12.1/stm32cubeide/plugins/com.st.stm32cube.ide.mcu.externaltools.gnu-tools-for-stm32.10.3-2021.10.win32_1.0.200.202301161003/tools/bin/../lib/gcc/arm-none-eabi/10.3.1/thumb/v7e-m+dp/hard/crtbegin.o
                0x0000000020000004                . = ALIGN (0x4)

.bss            0x0000000020000004       0x1c load address 0x0000000008000ca4
                0x0000000020000004                _sbss = .
                0x0000000020000004                __bss_start__ = _sbss
 *(.bss)
 .bss           0x0000000020000004       0x1c c:/st/stm32cubeide_1.12.1/stm32cubeide/plugins/com.st.stm32cube.ide.mcu.externaltools.gnu-tools-for-stm32.10.3-2021.10.win32_1.0.200.202301161003/tools/bin/../lib/gcc/arm-none-eabi/10.3.1/thumb/v7e-m+dp/hard/crtbegin.o
 *(.bss*)
 *(COMMON)
                0x0000000020000020                . = ALIGN (0x4)
                0x0000000020000020                _ebss = .
                0x0000000020000020                __bss_end__ = _ebss

._user_heap_stack
                0x0000000020000020      0x600 load address 0x0000000008000ca4
                0x0000000020000020                . = ALIGN (0x8)
                [!provide]                        PROVIDE (end = .)
                0x0000000020000020                PROVIDE (_end = .)
                0x0000000020000220                . = (. + _Min_Heap_Size)
 *fill*         0x0000000020000020      0x200 
                0x0000000020000620                . = (. + _Min_Stack_Size)
 *fill*         0x0000000020000220      0x400 
                0x0000000020000620                . = ALIGN (0x8)

/DISCARD/
 libc.a(*)
 libm.a(*)
 libgcc.a(*)

.ARM.attributes
                0x0000000000000000       0x2e
 *(.ARM.attributes)
 .ARM.attributes
                0x0000000000000000       0x1e c:/st/stm32cubeide_1.12.1/stm32cubeide/plugins/com.st.stm32cube.ide.mcu.externaltools.gnu-tools-for-stm32.10.3-2021.10.win32_1.0.200.202301161003/tools/bin/../lib/gcc/arm-none-eabi/10.3.1/thumb/v7e-m+dp/hard/crti.o
 .ARM.attributes
                0x000000000000001e       0x32 c:/st/stm32cubeide_1.12.1/stm32cubeide/plugins/com.st.stm32cube.ide.mcu.externaltools.gnu-tools-for-stm32.10.3-2021.10.win32_1.0.200.202301161003/tools/bin/../lib/gcc/arm-none-eabi/10.3.1/thumb/v7e-m+dp/hard/crtbegin.o
 .ARM.attributes
                0x0000000000000050       0x32 ./Drivers/CMSIS/system_stm32h7xx.o
 .ARM.attributes
                0x0000000000000082       0x32 ./Drivers/STM32H7xx_LL_Driver/stm32h7xx_ll_utils.o
 .ARM.attributes
                0x00000000000000b4       0x21 ./Example/Startup/startup_stm32h7a3zitxq.o
 .ARM.attributes
                0x00000000000000d5       0x32 ./Example/User/main.o
 .ARM.attributes
                0x0000000000000107       0x32 ./Example/User/stm32h7xx_it.o
 .ARM.attributes
                0x0000000000000139       0x32 c:/st/stm32cubeide_1.12.1/stm32cubeide/plugins/com.st.stm32cube.ide.mcu.externaltools.gnu-tools-for-stm32.10.3-2021.10.win32_1.0.200.202301161003/tools/bin/../lib/gcc/arm-none-eabi/10.3.1/../../../../arm-none-eabi/lib/thumb/v7e-m+dp/hard\libc_nano.a(lib_a-init.o)
 .ARM.attributes
                0x000000000000016b       0x1e c:/st/stm32cubeide_1.12.1/stm32cubeide/plugins/com.st.stm32cube.ide.mcu.externaltools.gnu-tools-for-stm32.10.3-2021.10.win32_1.0.200.202301161003/tools/bin/../lib/gcc/arm-none-eabi/10.3.1/thumb/v7e-m+dp/hard/crtn.o
OUTPUT(GPIO_InfiniteLedToggling.elf elf32-littlearm)
LOAD linker stubs
LOAD c:/st/stm32cubeide_1.12.1/stm32cubeide/plugins/com.st.stm32cube.ide.mcu.externaltools.gnu-tools-for-stm32.10.3-2021.10.win32_1.0.200.202301161003/tools/bin/../lib/gcc/arm-none-eabi/10.3.1/../../../../arm-none-eabi/lib/thumb/v7e-m+dp/hard\libc.a
LOAD c:/st/stm32cubeide_1.12.1/stm32cubeide/plugins/com.st.stm32cube.ide.mcu.externaltools.gnu-tools-for-stm32.10.3-2021.10.win32_1.0.200.202301161003/tools/bin/../lib/gcc/arm-none-eabi/10.3.1/../../../../arm-none-eabi/lib/thumb/v7e-m+dp/hard\libm.a
LOAD c:/st/stm32cubeide_1.12.1/stm32cubeide/plugins/com.st.stm32cube.ide.mcu.externaltools.gnu-tools-for-stm32.10.3-2021.10.win32_1.0.200.202301161003/tools/bin/../lib/gcc/arm-none-eabi/10.3.1/thumb/v7e-m+dp/hard\libgcc.a

.debug_info     0x0000000000000000     0x338f
 .debug_info    0x0000000000000000      0x9aa ./Drivers/CMSIS/system_stm32h7xx.o
 .debug_info    0x00000000000009aa     0x1098 ./Drivers/STM32H7xx_LL_Driver/stm32h7xx_ll_utils.o
 .debug_info    0x0000000000001a42       0x22 ./Example/Startup/startup_stm32h7a3zitxq.o
 .debug_info    0x0000000000001a64     0x17fd ./Example/User/main.o
 .debug_info    0x0000000000003261      0x12e ./Example/User/stm32h7xx_it.o

.debug_abbrev   0x0000000000000000      0x6b5
 .debug_abbrev  0x0000000000000000      0x147 ./Drivers/CMSIS/system_stm32h7xx.o
 .debug_abbrev  0x0000000000000147      0x25d ./Drivers/STM32H7xx_LL_Driver/stm32h7xx_ll_utils.o
 .debug_abbrev  0x00000000000003a4       0x12 ./Example/Startup/startup_stm32h7a3zitxq.o
 .debug_abbrev  0x00000000000003b6      0x2b8 ./Example/User/main.o
 .debug_abbrev  0x000000000000066e       0x47 ./Example/User/stm32h7xx_it.o

.debug_aranges  0x0000000000000000      0x358
 .debug_aranges
                0x0000000000000000       0x28 ./Drivers/CMSIS/system_stm32h7xx.o
 .debug_aranges
                0x0000000000000028      0x160 ./Drivers/STM32H7xx_LL_Driver/stm32h7xx_ll_utils.o
 .debug_aranges
                0x0000000000000188       0x28 ./Example/Startup/startup_stm32h7a3zitxq.o
 .debug_aranges
                0x00000000000001b0      0x148 ./Example/User/main.o
 .debug_aranges
                0x00000000000002f8       0x60 ./Example/User/stm32h7xx_it.o

.debug_ranges   0x0000000000000000      0x310
 .debug_ranges  0x0000000000000000       0x18 ./Drivers/CMSIS/system_stm32h7xx.o
 .debug_ranges  0x0000000000000018      0x150 ./Drivers/STM32H7xx_LL_Driver/stm32h7xx_ll_utils.o
 .debug_ranges  0x0000000000000168       0x20 ./Example/Startup/startup_stm32h7a3zitxq.o
 .debug_ranges  0x0000000000000188      0x138 ./Example/User/main.o
 .debug_ranges  0x00000000000002c0       0x50 ./Example/User/stm32h7xx_it.o

.debug_macro    0x0000000000000000    0x235a2
 .debug_macro   0x0000000000000000      0x194 ./Drivers/CMSIS/system_stm32h7xx.o
 .debug_macro   0x0000000000000194      0xa90 ./Drivers/CMSIS/system_stm32h7xx.o
 .debug_macro   0x0000000000000c24       0x2e ./Drivers/CMSIS/system_stm32h7xx.o
 .debug_macro   0x0000000000000c52       0x42 ./Drivers/CMSIS/system_stm32h7xx.o
 .debug_macro   0x0000000000000c94       0x22 ./Drivers/CMSIS/system_stm32h7xx.o
 .debug_macro   0x0000000000000cb6       0x8e ./Drivers/CMSIS/system_stm32h7xx.o
 .debug_macro   0x0000000000000d44       0x51 ./Drivers/CMSIS/system_stm32h7xx.o
 .debug_macro   0x0000000000000d95      0x103 ./Drivers/CMSIS/system_stm32h7xx.o
 .debug_macro   0x0000000000000e98       0x6a ./Drivers/CMSIS/system_stm32h7xx.o
 .debug_macro   0x0000000000000f02      0x1df ./Drivers/CMSIS/system_stm32h7xx.o
 .debug_macro   0x00000000000010e1       0x1c ./Drivers/CMSIS/system_stm32h7xx.o
 .debug_macro   0x00000000000010fd       0x22 ./Drivers/CMSIS/system_stm32h7xx.o
 .debug_macro   0x000000000000111f       0xfb ./Drivers/CMSIS/system_stm32h7xx.o
 .debug_macro   0x000000000000121a     0x1305 ./Drivers/CMSIS/system_stm32h7xx.o
 .debug_macro   0x000000000000251f      0x11f ./Drivers/CMSIS/system_stm32h7xx.o
 .debug_macro   0x000000000000263e       0x27 ./Drivers/CMSIS/system_stm32h7xx.o
 .debug_macro   0x0000000000002665    0x1e8d1 ./Drivers/CMSIS/system_stm32h7xx.o
 .debug_macro   0x0000000000020f36       0x6d ./Drivers/CMSIS/system_stm32h7xx.o
 .debug_macro   0x0000000000020fa3       0x52 ./Drivers/CMSIS/system_stm32h7xx.o
 .debug_macro   0x0000000000020ff5       0x1d ./Drivers/CMSIS/system_stm32h7xx.o
 .debug_macro   0x0000000000021012       0x3c ./Drivers/CMSIS/system_stm32h7xx.o
 .debug_macro   0x000000000002104e       0x34 ./Drivers/CMSIS/system_stm32h7xx.o
 .debug_macro   0x0000000000021082      0x174 ./Drivers/CMSIS/system_stm32h7xx.o
 .debug_macro   0x00000000000211f6       0x16 ./Drivers/CMSIS/system_stm32h7xx.o
 .debug_macro   0x000000000002120c       0x43 ./Drivers/CMSIS/system_stm32h7xx.o
 .debug_macro   0x000000000002124f       0x34 ./Drivers/CMSIS/system_stm32h7xx.o
 .debug_macro   0x0000000000021283       0x10 ./Drivers/CMSIS/system_stm32h7xx.o
 .debug_macro   0x0000000000021293       0x58 ./Drivers/CMSIS/system_stm32h7xx.o
 .debug_macro   0x00000000000212eb       0x71 ./Drivers/CMSIS/system_stm32h7xx.o
 .debug_macro   0x000000000002135c       0x1c ./Drivers/CMSIS/system_stm32h7xx.o
 .debug_macro   0x0000000000021378      0x12a ./Drivers/CMSIS/system_stm32h7xx.o
 .debug_macro   0x00000000000214a2      0x341 ./Drivers/CMSIS/system_stm32h7xx.o
 .debug_macro   0x00000000000217e3      0x19b ./Drivers/CMSIS/system_stm32h7xx.o
 .debug_macro   0x000000000002197e      0x31b ./Drivers/STM32H7xx_LL_Driver/stm32h7xx_ll_utils.o
 .debug_macro   0x0000000000021c99      0x32a ./Drivers/STM32H7xx_LL_Driver/stm32h7xx_ll_utils.o
 .debug_macro   0x0000000000021fc3       0x85 ./Drivers/STM32H7xx_LL_Driver/stm32h7xx_ll_utils.o
 .debug_macro   0x0000000000022048      0xa22 ./Drivers/STM32H7xx_LL_Driver/stm32h7xx_ll_utils.o
 .debug_macro   0x0000000000022a6a      0x215 ./Drivers/STM32H7xx_LL_Driver/stm32h7xx_ll_utils.o
 .debug_macro   0x0000000000022c7f      0x1db ./Example/User/main.o
 .debug_macro   0x0000000000022e5a      0x3e8 ./Example/User/main.o
 .debug_macro   0x0000000000023242      0x165 ./Example/User/main.o
 .debug_macro   0x00000000000233a7       0x16 ./Example/User/main.o
 .debug_macro   0x00000000000233bd      0x1e5 ./Example/User/stm32h7xx_it.o

.debug_line     0x0000000000000000     0x2941
 .debug_line    0x0000000000000000      0x77a ./Drivers/CMSIS/system_stm32h7xx.o
 .debug_line    0x000000000000077a      0xd9b ./Drivers/STM32H7xx_LL_Driver/stm32h7xx_ll_utils.o
 .debug_line    0x0000000000001515       0x89 ./Example/Startup/startup_stm32h7a3zitxq.o
 .debug_line    0x000000000000159e      0xc42 ./Example/User/main.o
 .debug_line    0x00000000000021e0      0x761 ./Example/User/stm32h7xx_it.o

.debug_str      0x0000000000000000    0xd1a8f
 .debug_str     0x0000000000000000    0xc346f ./Drivers/CMSIS/system_stm32h7xx.o
                                      0xc374b (size before relaxing)
 .debug_str     0x00000000000c346f     0xd338 ./Drivers/STM32H7xx_LL_Driver/stm32h7xx_ll_utils.o
                                      0xd0877 (size before relaxing)
 .debug_str     0x00000000000d07a7       0x3a ./Example/Startup/startup_stm32h7a3zitxq.o
                                         0x8e (size before relaxing)
 .debug_str     0x00000000000d07e1     0x11b8 ./Example/User/main.o
                                      0xd0394 (size before relaxing)
 .debug_str     0x00000000000d1999       0xf6 ./Example/User/stm32h7xx_it.o
                                      0xcf2e5 (size before relaxing)

.comment        0x0000000000000000       0x50
 .comment       0x0000000000000000       0x50 ./Drivers/CMSIS/system_stm32h7xx.o
                                         0x51 (size before relaxing)
 .comment       0x0000000000000050       0x51 ./Drivers/STM32H7xx_LL_Driver/stm32h7xx_ll_utils.o
 .comment       0x0000000000000050       0x51 ./Example/User/main.o
 .comment       0x0000000000000050       0x51 ./Example/User/stm32h7xx_it.o

.debug_frame    0x0000000000000000      0xcec
 .debug_frame   0x0000000000000000       0x58 ./Drivers/CMSIS/system_stm32h7xx.o
 .debug_frame   0x0000000000000058      0x5e0 ./Drivers/STM32H7xx_LL_Driver/stm32h7xx_ll_utils.o
 .debug_frame   0x0000000000000638      0x578 ./Example/User/main.o
 .debug_frame   0x0000000000000bb0      0x110 ./Example/User/stm32h7xx_it.o
 .debug_frame   0x0000000000000cc0       0x2c c:/st/stm32cubeide_1.12.1/stm32cubeide/plugins/com.st.stm32cube.ide.mcu.externaltools.gnu-tools-for-stm32.10.3-2021.10.win32_1.0.200.202301161003/tools/bin/../lib/gcc/arm-none-eabi/10.3.1/../../../../arm-none-eabi/lib/thumb/v7e-m+dp/hard\libc_nano.a(lib_a-init.o)
