18:40:08 **** Incremental Build of configuration Debug for project PlungeCooler ****
make -j16 all 
arm-none-eabi-gcc "../Core/Src/main.c" -mcpu=cortex-m7 -std=gnu11 -g3 -DDEBUG -DUSE_HAL_DRIVER -DSTM32H7A3xxQ -c -I../Core/Inc -I../Drivers/STM32H7xx_HAL_Driver/Inc -I../Drivers/STM32H7xx_HAL_Driver/Inc/Legacy -I../Drivers/CMSIS/Device/ST/STM32H7xx/Include -I../Drivers/CMSIS/Include -O0 -ffunction-sections -fdata-sections -Wall -fstack-usage -fcyclomatic-complexity -MMD -MP -MF"Core/Src/main.d" -MT"Core/Src/main.o" --specs=nano.specs -mfpu=fpv5-d16 -mfloat-abi=hard -mthumb -o "Core/Src/main.o"
arm-none-eabi-gcc -o "PlungeCooler.elf" @"objects.list"   -mcpu=cortex-m7 -T"C:\Users\Leo\STM32CubeIDE\new_workspace\PlungeCooler\STM32H7A3ZITXQ_FLASH.ld" --specs=nosys.specs -Wl,-Map="PlungeCooler.map" -Wl,--gc-sections -static --specs=nano.specs -mfpu=fpv5-d16 -mfloat-abi=hard -mthumb -Wl,--start-group -lc -lm -Wl,--end-group
Finished building target: PlungeCooler.elf
 
arm-none-eabi-size   PlungeCooler.elf 
arm-none-eabi-objdump -h -S  PlungeCooler.elf  > "PlungeCooler.list"
   text	   data	    bss	    dec	    hex	filename
  44232	    132	   2036	  46400	   b540	PlungeCooler.elf
Finished building: default.size.stdout
 
Finished building: PlungeCooler.list
 
18:40:24 **** Incremental Build of configuration Debug for project PlungeCooler ****
make -j16 all 
arm-none-eabi-size   PlungeCooler.elf 
   text	   data	    bss	    dec	    hex	filename
  44232	    132	   2036	  46400	   b540	PlungeCooler.elf
Finished building: default.size.stdout
 
18:43:03 **** Incremental Build of configuration Debug for project PlungeCooler ****
make -j16 all 
arm-none-eabi-gcc "../Core/Src/main.c" -mcpu=cortex-m7 -std=gnu11 -g3 -DDEBUG -DUSE_HAL_DRIVER -DSTM32H7A3xxQ -c -I../Core/Inc -I../Drivers/STM32H7xx_HAL_Driver/Inc -I../Drivers/STM32H7xx_HAL_Driver/Inc/Legacy -I../Drivers/CMSIS/Device/ST/STM32H7xx/Include -I../Drivers/CMSIS/Include -O0 -ffunction-sections -fdata-sections -Wall -fstack-usage -fcyclomatic-complexity -MMD -MP -MF"Core/Src/main.d" -MT"Core/Src/main.o" --specs=nano.specs -mfpu=fpv5-d16 -mfloat-abi=hard -mthumb -o "Core/Src/main.o"
arm-none-eabi-gcc -o "PlungeCooler.elf" @"objects.list"   -mcpu=cortex-m7 -T"C:\Users\Leo\STM32CubeIDE\new_workspace\PlungeCooler\STM32H7A3ZITXQ_FLASH.ld" --specs=nosys.specs -Wl,-Map="PlungeCooler.map" -Wl,--gc-sections -static --specs=nano.specs -mfpu=fpv5-d16 -mfloat-abi=hard -mthumb -Wl,--start-group -lc -lm -Wl,--end-group
Finished building target: PlungeCooler.elf
 
arm-none-eabi-size   PlungeCooler.elf 
arm-none-eabi-objdump -h -S  PlungeCooler.elf  > "PlungeCooler.list"
   text	   data	    bss	    dec	    hex	filename
  44232	    132	   2036	  46400	   b540	PlungeCooler.elf
Finished building: default.size.stdout
 
Finished building: PlungeCooler.list
 
18:49:03 **** Incremental Build of configuration Debug for project PlungeCooler ****
make -j16 all 
arm-none-eabi-gcc "../Core/Src/main.c" -mcpu=cortex-m7 -std=gnu11 -g3 -DDEBUG -DUSE_HAL_DRIVER -DSTM32H7A3xxQ -c -I../Core/Inc -I../Drivers/STM32H7xx_HAL_Driver/Inc -I../Drivers/STM32H7xx_HAL_Driver/Inc/Legacy -I../Drivers/CMSIS/Device/ST/STM32H7xx/Include -I../Drivers/CMSIS/Include -O0 -ffunction-sections -fdata-sections -Wall -fstack-usage -fcyclomatic-complexity -MMD -MP -MF"Core/Src/main.d" -MT"Core/Src/main.o" --specs=nano.specs -mfpu=fpv5-d16 -mfloat-abi=hard -mthumb -o "Core/Src/main.o"
arm-none-eabi-gcc -o "PlungeCooler.elf" @"objects.list"   -mcpu=cortex-m7 -T"C:\Users\Leo\STM32CubeIDE\new_workspace\PlungeCooler\STM32H7A3ZITXQ_FLASH.ld" --specs=nosys.specs -Wl,-Map="PlungeCooler.map" -Wl,--gc-sections -static --specs=nano.specs -mfpu=fpv5-d16 -mfloat-abi=hard -mthumb -Wl,--start-group -lc -lm -Wl,--end-group
Finished building target: PlungeCooler.elf
 
arm-none-eabi-size   PlungeCooler.elf 
arm-none-eabi-objdump -h -S  PlungeCooler.elf  > "PlungeCooler.list"
   text	   data	    bss	    dec	    hex	filename
  44232	    132	   2036	  46400	   b540	PlungeCooler.elf
Finished building: default.size.stdout
 
Finished building: PlungeCooler.list
 
18:50:15 **** Incremental Build of configuration Debug for project PlungeCooler ****
make -j16 all 
arm-none-eabi-gcc "../Core/Src/main.c" -mcpu=cortex-m7 -std=gnu11 -g3 -DDEBUG -DUSE_HAL_DRIVER -DSTM32H7A3xxQ -c -I../Core/Inc -I../Drivers/STM32H7xx_HAL_Driver/Inc -I../Drivers/STM32H7xx_HAL_Driver/Inc/Legacy -I../Drivers/CMSIS/Device/ST/STM32H7xx/Include -I../Drivers/CMSIS/Include -O0 -ffunction-sections -fdata-sections -Wall -fstack-usage -fcyclomatic-complexity -MMD -MP -MF"Core/Src/main.d" -MT"Core/Src/main.o" --specs=nano.specs -mfpu=fpv5-d16 -mfloat-abi=hard -mthumb -o "Core/Src/main.o"
arm-none-eabi-gcc -o "PlungeCooler.elf" @"objects.list"   -mcpu=cortex-m7 -T"C:\Users\Leo\STM32CubeIDE\new_workspace\PlungeCooler\STM32H7A3ZITXQ_FLASH.ld" --specs=nosys.specs -Wl,-Map="PlungeCooler.map" -Wl,--gc-sections -static --specs=nano.specs -mfpu=fpv5-d16 -mfloat-abi=hard -mthumb -Wl,--start-group -lc -lm -Wl,--end-group
Finished building target: PlungeCooler.elf
 
arm-none-eabi-size   PlungeCooler.elf 
arm-none-eabi-objdump -h -S  PlungeCooler.elf  > "PlungeCooler.list"
   text	   data	    bss	    dec	    hex	filename
  44232	    132	   2036	  46400	   b540	PlungeCooler.elf
Finished building: default.size.stdout
 
Finished building: PlungeCooler.list
 
18:50:58 **** Incremental Build of configuration Debug for project PlungeCooler ****
make -j16 all 
arm-none-eabi-size   PlungeCooler.elf 
   text	   data	    bss	    dec	    hex	filename
  44232	    132	   2036	  46400	   b540	PlungeCooler.elf
Finished building: default.size.stdout
 
19:10:27 **** Incremental Build of configuration Debug for project PlungeCooler ****
make -j16 all 
arm-none-eabi-size   PlungeCooler.elf 
   text	   data	    bss	    dec	    hex	filename
  44232	    132	   2036	  46400	   b540	PlungeCooler.elf
Finished building: default.size.stdout
 
17:14:50 **** Incremental Build of configuration Debug for project PlungeCooler ****
make -j16 all 
arm-none-eabi-gcc "../Core/Src/main.c" -mcpu=cortex-m7 -std=gnu11 -g3 -DDEBUG -DUSE_HAL_DRIVER -DSTM32H7A3xxQ -c -I../Core/Inc -I../Drivers/STM32H7xx_HAL_Driver/Inc -I../Drivers/STM32H7xx_HAL_Driver/Inc/Legacy -I../Drivers/CMSIS/Device/ST/STM32H7xx/Include -I../Drivers/CMSIS/Include -O0 -ffunction-sections -fdata-sections -Wall -fstack-usage -fcyclomatic-complexity -MMD -MP -MF"Core/Src/main.d" -MT"Core/Src/main.o" --specs=nano.specs -mfpu=fpv5-d16 -mfloat-abi=hard -mthumb -o "Core/Src/main.o"
arm-none-eabi-gcc "../Core/Src/stm32h7xx_hal_msp.c" -mcpu=cortex-m7 -std=gnu11 -g3 -DDEBUG -DUSE_HAL_DRIVER -DSTM32H7A3xxQ -c -I../Core/Inc -I../Drivers/STM32H7xx_HAL_Driver/Inc -I../Drivers/STM32H7xx_HAL_Driver/Inc/Legacy -I../Drivers/CMSIS/Device/ST/STM32H7xx/Include -I../Drivers/CMSIS/Include -O0 -ffunction-sections -fdata-sections -Wall -fstack-usage -fcyclomatic-complexity -MMD -MP -MF"Core/Src/stm32h7xx_hal_msp.d" -MT"Core/Src/stm32h7xx_hal_msp.o" --specs=nano.specs -mfpu=fpv5-d16 -mfloat-abi=hard -mthumb -o "Core/Src/stm32h7xx_hal_msp.o"
arm-none-eabi-gcc "../Core/Src/stm32h7xx_it.c" -mcpu=cortex-m7 -std=gnu11 -g3 -DDEBUG -DUSE_HAL_DRIVER -DSTM32H7A3xxQ -c -I../Core/Inc -I../Drivers/STM32H7xx_HAL_Driver/Inc -I../Drivers/STM32H7xx_HAL_Driver/Inc/Legacy -I../Drivers/CMSIS/Device/ST/STM32H7xx/Include -I../Drivers/CMSIS/Include -O0 -ffunction-sections -fdata-sections -Wall -fstack-usage -fcyclomatic-complexity -MMD -MP -MF"Core/Src/stm32h7xx_it.d" -MT"Core/Src/stm32h7xx_it.o" --specs=nano.specs -mfpu=fpv5-d16 -mfloat-abi=hard -mthumb -o "Core/Src/stm32h7xx_it.o"
arm-none-eabi-gcc -o "PlungeCooler.elf" @"objects.list"   -mcpu=cortex-m7 -T"C:\Users\Leo\STM32CubeIDE\new_workspace\PlungeCooler\STM32H7A3ZITXQ_FLASH.ld" --specs=nosys.specs -Wl,-Map="PlungeCooler.map" -Wl,--gc-sections -static --specs=nano.specs -mfpu=fpv5-d16 -mfloat-abi=hard -mthumb -Wl,--start-group -lc -lm -Wl,--end-group
Finished building target: PlungeCooler.elf
 
arm-none-eabi-size   PlungeCooler.elf 
arm-none-eabi-objdump -h -S  PlungeCooler.elf  > "PlungeCooler.list"
   text	   data	    bss	    dec	    hex	filename
  44308	    132	   2036	  46476	   b58c	PlungeCooler.elf
Finished building: default.size.stdout
 
Finished building: PlungeCooler.list
 
18:06:42 **** Incremental Build of configuration Debug for project PlungeCooler ****
make -j16 all 
arm-none-eabi-gcc "../Core/Src/main.c" -mcpu=cortex-m7 -std=gnu11 -g3 -DDEBUG -DUSE_HAL_DRIVER -DSTM32H7A3xxQ -c -I../Core/Inc -I../Drivers/STM32H7xx_HAL_Driver/Inc -I../Drivers/STM32H7xx_HAL_Driver/Inc/Legacy -I../Drivers/CMSIS/Device/ST/STM32H7xx/Include -I../Drivers/CMSIS/Include -O0 -ffunction-sections -fdata-sections -Wall -fstack-usage -fcyclomatic-complexity -MMD -MP -MF"Core/Src/main.d" -MT"Core/Src/main.o" --specs=nano.specs -mfpu=fpv5-d16 -mfloat-abi=hard -mthumb -o "Core/Src/main.o"
../Core/Src/main.c: In function 'move_tilt_steps':
../Core/Src/main.c:88:20: error: 'PAN_EN_GPIO_PORT' undeclared (first use in this function); did you mean 'PAN_EN_GPIO_Port'?
   88 |  HAL_GPIO_WritePin(PAN_EN_GPIO_PORT, PAN_EN_PIN, 0);
      |                    ^~~~~~~~~~~~~~~~
      |                    PAN_EN_GPIO_Port
../Core/Src/main.c:88:20: note: each undeclared identifier is reported only once for each function it appears in
../Core/Src/main.c:88:38: error: 'PAN_EN_PIN' undeclared (first use in this function); did you mean 'PAN_EN_Pin'?
   88 |  HAL_GPIO_WritePin(PAN_EN_GPIO_PORT, PAN_EN_PIN, 0);
      |                                      ^~~~~~~~~~
      |                                      PAN_EN_Pin
../Core/Src/main.c: In function 'move_pan_steps':
../Core/Src/main.c:106:20: error: 'PAN_EN_GPIO_PORT' undeclared (first use in this function); did you mean 'PAN_EN_GPIO_Port'?
  106 |  HAL_GPIO_WritePin(PAN_EN_GPIO_PORT, PAN_EN_PIN, 0);
      |                    ^~~~~~~~~~~~~~~~
      |                    PAN_EN_GPIO_Port
../Core/Src/main.c:106:38: error: 'PAN_EN_PIN' undeclared (first use in this function); did you mean 'PAN_EN_Pin'?
  106 |  HAL_GPIO_WritePin(PAN_EN_GPIO_PORT, PAN_EN_PIN, 0);
      |                                      ^~~~~~~~~~
      |                                      PAN_EN_Pin
make: *** [Core/Src/subdir.mk:34: Core/Src/main.o] Error 1
"make -j16 all" terminated with exit code 2. Build might be incomplete.
18:07:44 **** Incremental Build of configuration Debug for project PlungeCooler ****
make -j16 all 
arm-none-eabi-gcc "../Core/Src/main.c" -mcpu=cortex-m7 -std=gnu11 -g3 -DDEBUG -DUSE_HAL_DRIVER -DSTM32H7A3xxQ -c -I../Core/Inc -I../Drivers/STM32H7xx_HAL_Driver/Inc -I../Drivers/STM32H7xx_HAL_Driver/Inc/Legacy -I../Drivers/CMSIS/Device/ST/STM32H7xx/Include -I../Drivers/CMSIS/Include -O0 -ffunction-sections -fdata-sections -Wall -fstack-usage -fcyclomatic-complexity -MMD -MP -MF"Core/Src/main.d" -MT"Core/Src/main.o" --specs=nano.specs -mfpu=fpv5-d16 -mfloat-abi=hard -mthumb -o "Core/Src/main.o"
../Core/Src/main.c: In function 'move_tilt_steps':
../Core/Src/main.c:88:20: error: 'TILT_EN_GPIO_PORT' undeclared (first use in this function); did you mean 'TILT_EN_GPIO_Port'?
   88 |  HAL_GPIO_WritePin(TILT_EN_GPIO_PORT, TILT_EN_Pin, 0);
      |                    ^~~~~~~~~~~~~~~~~
      |                    TILT_EN_GPIO_Port
../Core/Src/main.c:88:20: note: each undeclared identifier is reported only once for each function it appears in
../Core/Src/main.c: In function 'move_pan_steps':
../Core/Src/main.c:106:20: error: 'PAN_EN_GPIO_PORT' undeclared (first use in this function); did you mean 'PAN_EN_GPIO_Port'?
  106 |  HAL_GPIO_WritePin(PAN_EN_GPIO_PORT, PAN_EN_Pin, 0);
      |                    ^~~~~~~~~~~~~~~~
      |                    PAN_EN_GPIO_Port
make: *** [Core/Src/subdir.mk:34: Core/Src/main.o] Error 1
"make -j16 all" terminated with exit code 2. Build might be incomplete.
18:08:06 **** Incremental Build of configuration Debug for project PlungeCooler ****
make -j16 all 
arm-none-eabi-gcc "../Core/Src/main.c" -mcpu=cortex-m7 -std=gnu11 -g3 -DDEBUG -DUSE_HAL_DRIVER -DSTM32H7A3xxQ -c -I../Core/Inc -I../Drivers/STM32H7xx_HAL_Driver/Inc -I../Drivers/STM32H7xx_HAL_Driver/Inc/Legacy -I../Drivers/CMSIS/Device/ST/STM32H7xx/Include -I../Drivers/CMSIS/Include -O0 -ffunction-sections -fdata-sections -Wall -fstack-usage -fcyclomatic-complexity -MMD -MP -MF"Core/Src/main.d" -MT"Core/Src/main.o" --specs=nano.specs -mfpu=fpv5-d16 -mfloat-abi=hard -mthumb -o "Core/Src/main.o"
arm-none-eabi-gcc -o "PlungeCooler.elf" @"objects.list"   -mcpu=cortex-m7 -T"C:\Users\Leo\STM32CubeIDE\new_workspace\PlungeCooler\STM32H7A3ZITXQ_FLASH.ld" --specs=nosys.specs -Wl,-Map="PlungeCooler.map" -Wl,--gc-sections -static --specs=nano.specs -mfpu=fpv5-d16 -mfloat-abi=hard -mthumb -Wl,--start-group -lc -lm -Wl,--end-group
Finished building target: PlungeCooler.elf
 
arm-none-eabi-size   PlungeCooler.elf 
arm-none-eabi-objdump -h -S  PlungeCooler.elf  > "PlungeCooler.list"
   text	   data	    bss	    dec	    hex	filename
  44436	    132	   2036	  46604	   b60c	PlungeCooler.elf
Finished building: default.size.stdout
 
Finished building: PlungeCooler.list
 
18:08:29 **** Incremental Build of configuration Debug for project PlungeCooler ****
make -j16 all 
arm-none-eabi-size   PlungeCooler.elf 
   text	   data	    bss	    dec	    hex	filename
  44436	    132	   2036	  46604	   b60c	PlungeCooler.elf
Finished building: default.size.stdout
 
18:10:08 **** Incremental Build of configuration Debug for project PlungeCooler ****
make -j16 all 
arm-none-eabi-size   PlungeCooler.elf 
   text	   data	    bss	    dec	    hex	filename
  44436	    132	   2036	  46604	   b60c	PlungeCooler.elf
Finished building: default.size.stdout
 
18:11:38 **** Incremental Build of configuration Debug for project PlungeCooler ****
make -j16 all 
arm-none-eabi-gcc "../Core/Src/main.c" -mcpu=cortex-m7 -std=gnu11 -g3 -DDEBUG -DUSE_HAL_DRIVER -DSTM32H7A3xxQ -c -I../Core/Inc -I../Drivers/STM32H7xx_HAL_Driver/Inc -I../Drivers/STM32H7xx_HAL_Driver/Inc/Legacy -I../Drivers/CMSIS/Device/ST/STM32H7xx/Include -I../Drivers/CMSIS/Include -O0 -ffunction-sections -fdata-sections -Wall -fstack-usage -fcyclomatic-complexity -MMD -MP -MF"Core/Src/main.d" -MT"Core/Src/main.o" --specs=nano.specs -mfpu=fpv5-d16 -mfloat-abi=hard -mthumb -o "Core/Src/main.o"
arm-none-eabi-gcc "../Core/Src/stm32h7xx_hal_msp.c" -mcpu=cortex-m7 -std=gnu11 -g3 -DDEBUG -DUSE_HAL_DRIVER -DSTM32H7A3xxQ -c -I../Core/Inc -I../Drivers/STM32H7xx_HAL_Driver/Inc -I../Drivers/STM32H7xx_HAL_Driver/Inc/Legacy -I../Drivers/CMSIS/Device/ST/STM32H7xx/Include -I../Drivers/CMSIS/Include -O0 -ffunction-sections -fdata-sections -Wall -fstack-usage -fcyclomatic-complexity -MMD -MP -MF"Core/Src/stm32h7xx_hal_msp.d" -MT"Core/Src/stm32h7xx_hal_msp.o" --specs=nano.specs -mfpu=fpv5-d16 -mfloat-abi=hard -mthumb -o "Core/Src/stm32h7xx_hal_msp.o"
arm-none-eabi-gcc "../Core/Src/stm32h7xx_it.c" -mcpu=cortex-m7 -std=gnu11 -g3 -DDEBUG -DUSE_HAL_DRIVER -DSTM32H7A3xxQ -c -I../Core/Inc -I../Drivers/STM32H7xx_HAL_Driver/Inc -I../Drivers/STM32H7xx_HAL_Driver/Inc/Legacy -I../Drivers/CMSIS/Device/ST/STM32H7xx/Include -I../Drivers/CMSIS/Include -O0 -ffunction-sections -fdata-sections -Wall -fstack-usage -fcyclomatic-complexity -MMD -MP -MF"Core/Src/stm32h7xx_it.d" -MT"Core/Src/stm32h7xx_it.o" --specs=nano.specs -mfpu=fpv5-d16 -mfloat-abi=hard -mthumb -o "Core/Src/stm32h7xx_it.o"
arm-none-eabi-gcc -o "PlungeCooler.elf" @"objects.list"   -mcpu=cortex-m7 -T"C:\Users\Leo\STM32CubeIDE\new_workspace\PlungeCooler\STM32H7A3ZITXQ_FLASH.ld" --specs=nosys.specs -Wl,-Map="PlungeCooler.map" -Wl,--gc-sections -static --specs=nano.specs -mfpu=fpv5-d16 -mfloat-abi=hard -mthumb -Wl,--start-group -lc -lm -Wl,--end-group
Finished building target: PlungeCooler.elf
 
arm-none-eabi-size   PlungeCooler.elf 
arm-none-eabi-objdump -h -S  PlungeCooler.elf  > "PlungeCooler.list"
   text	   data	    bss	    dec	    hex	filename
  44436	    132	   2036	  46604	   b60c	PlungeCooler.elf
Finished building: default.size.stdout
 
Finished building: PlungeCooler.list
 
18:12:46 **** Incremental Build of configuration Debug for project PlungeCooler ****
make -j16 all 
arm-none-eabi-size   PlungeCooler.elf 
   text	   data	    bss	    dec	    hex	filename
  44436	    132	   2036	  46604	   b60c	PlungeCooler.elf
Finished building: default.size.stdout
 
18:15:53 **** Incremental Build of configuration Debug for project PlungeCooler ****
make -j16 all 
arm-none-eabi-size   PlungeCooler.elf 
   text	   data	    bss	    dec	    hex	filename
  44436	    132	   2036	  46604	   b60c	PlungeCooler.elf
Finished building: default.size.stdout
 
18:16:49 **** Incremental Build of configuration Debug for project PlungeCooler ****
make -j16 all 
arm-none-eabi-size   PlungeCooler.elf 
   text	   data	    bss	    dec	    hex	filename
  44436	    132	   2036	  46604	   b60c	PlungeCooler.elf
Finished building: default.size.stdout
 
18:27:27 **** Incremental Build of configuration Debug for project PlungeCooler ****
make -j16 all 
arm-none-eabi-size   PlungeCooler.elf 
   text	   data	    bss	    dec	    hex	filename
  44436	    132	   2036	  46604	   b60c	PlungeCooler.elf
Finished building: default.size.stdout
 
18:29:06 **** Incremental Build of configuration Debug for project PlungeCooler ****
make -j16 all 
arm-none-eabi-size   PlungeCooler.elf 
   text	   data	    bss	    dec	    hex	filename
  44436	    132	   2036	  46604	   b60c	PlungeCooler.elf
Finished building: default.size.stdout
 
18:29:43 **** Incremental Build of configuration Debug for project PlungeCooler ****
make -j16 all 
arm-none-eabi-size   PlungeCooler.elf 
   text	   data	    bss	    dec	    hex	filename
  44436	    132	   2036	  46604	   b60c	PlungeCooler.elf
Finished building: default.size.stdout
 
18:31:25 **** Incremental Build of configuration Debug for project PlungeCooler ****
make -j16 all 
arm-none-eabi-size   PlungeCooler.elf 
   text	   data	    bss	    dec	    hex	filename
  44436	    132	   2036	  46604	   b60c	PlungeCooler.elf
Finished building: default.size.stdout
 
18:35:10 **** Incremental Build of configuration Debug for project PlungeCooler ****
make -j16 all 
arm-none-eabi-size   PlungeCooler.elf 
   text	   data	    bss	    dec	    hex	filename
  44436	    132	   2036	  46604	   b60c	PlungeCooler.elf
Finished building: default.size.stdout
 
18:35:26 **** Incremental Build of configuration Debug for project PlungeCooler ****
make -j16 all 
arm-none-eabi-size   PlungeCooler.elf 
   text	   data	    bss	    dec	    hex	filename
  44436	    132	   2036	  46604	   b60c	PlungeCooler.elf
Finished building: default.size.stdout
 
18:38:14 **** Incremental Build of configuration Debug for project PlungeCooler ****
make -j16 all 
arm-none-eabi-size   PlungeCooler.elf 
   text	   data	    bss	    dec	    hex	filename
  44436	    132	   2036	  46604	   b60c	PlungeCooler.elf
Finished building: default.size.stdout
 
10:22:30 **** Incremental Build of configuration Debug for project PlungeCooler ****
make -j16 all 
arm-none-eabi-size   PlungeCooler.elf 
   text	   data	    bss	    dec	    hex	filename
  44436	    132	   2036	  46604	   b60c	PlungeCooler.elf
Finished building: default.size.stdout
 
11:20:35 **** Incremental Build of configuration Debug for project PlungeCooler ****
make -j16 all 
arm-none-eabi-size   PlungeCooler.elf 
   text	   data	    bss	    dec	    hex	filename
  44436	    132	   2036	  46604	   b60c	PlungeCooler.elf
Finished building: default.size.stdout
 
11:23:53 **** Incremental Build of configuration Debug for project PlungeCooler ****
make -j16 all 
arm-none-eabi-gcc "../Core/Src/main.c" -mcpu=cortex-m7 -std=gnu11 -g3 -DDEBUG -DUSE_HAL_DRIVER -DSTM32H7A3xxQ -c -I../Core/Inc -I../Drivers/STM32H7xx_HAL_Driver/Inc -I../Drivers/STM32H7xx_HAL_Driver/Inc/Legacy -I../Drivers/CMSIS/Device/ST/STM32H7xx/Include -I../Drivers/CMSIS/Include -O0 -ffunction-sections -fdata-sections -Wall -fstack-usage -fcyclomatic-complexity -MMD -MP -MF"Core/Src/main.d" -MT"Core/Src/main.o" --specs=nano.specs -mfpu=fpv5-d16 -mfloat-abi=hard -mthumb -o "Core/Src/main.o"
arm-none-eabi-gcc "../Core/Src/stm32h7xx_hal_msp.c" -mcpu=cortex-m7 -std=gnu11 -g3 -DDEBUG -DUSE_HAL_DRIVER -DSTM32H7A3xxQ -c -I../Core/Inc -I../Drivers/STM32H7xx_HAL_Driver/Inc -I../Drivers/STM32H7xx_HAL_Driver/Inc/Legacy -I../Drivers/CMSIS/Device/ST/STM32H7xx/Include -I../Drivers/CMSIS/Include -O0 -ffunction-sections -fdata-sections -Wall -fstack-usage -fcyclomatic-complexity -MMD -MP -MF"Core/Src/stm32h7xx_hal_msp.d" -MT"Core/Src/stm32h7xx_hal_msp.o" --specs=nano.specs -mfpu=fpv5-d16 -mfloat-abi=hard -mthumb -o "Core/Src/stm32h7xx_hal_msp.o"
arm-none-eabi-gcc "../Core/Src/stm32h7xx_it.c" -mcpu=cortex-m7 -std=gnu11 -g3 -DDEBUG -DUSE_HAL_DRIVER -DSTM32H7A3xxQ -c -I../Core/Inc -I../Drivers/STM32H7xx_HAL_Driver/Inc -I../Drivers/STM32H7xx_HAL_Driver/Inc/Legacy -I../Drivers/CMSIS/Device/ST/STM32H7xx/Include -I../Drivers/CMSIS/Include -O0 -ffunction-sections -fdata-sections -Wall -fstack-usage -fcyclomatic-complexity -MMD -MP -MF"Core/Src/stm32h7xx_it.d" -MT"Core/Src/stm32h7xx_it.o" --specs=nano.specs -mfpu=fpv5-d16 -mfloat-abi=hard -mthumb -o "Core/Src/stm32h7xx_it.o"
arm-none-eabi-gcc -o "PlungeCooler.elf" @"objects.list"   -mcpu=cortex-m7 -T"C:\Users\Leo\STM32CubeIDE\new_workspace\PlungeCooler\STM32H7A3ZITXQ_FLASH.ld" --specs=nosys.specs -Wl,-Map="PlungeCooler.map" -Wl,--gc-sections -static --specs=nano.specs -mfpu=fpv5-d16 -mfloat-abi=hard -mthumb -Wl,--start-group -lc -lm -Wl,--end-group
Finished building target: PlungeCooler.elf
 
arm-none-eabi-size   PlungeCooler.elf 
arm-none-eabi-objdump -h -S  PlungeCooler.elf  > "PlungeCooler.list"
   text	   data	    bss	    dec	    hex	filename
  44500	    132	   2036	  46668	   b64c	PlungeCooler.elf
Finished building: default.size.stdout
 
Finished building: PlungeCooler.list
 
11:24:50 **** Incremental Build of configuration Debug for project PlungeCooler ****
make -j16 all 
arm-none-eabi-size   PlungeCooler.elf 
   text	   data	    bss	    dec	    hex	filename
  44500	    132	   2036	  46668	   b64c	PlungeCooler.elf
Finished building: default.size.stdout
 
11:27:00 **** Incremental Build of configuration Debug for project PlungeCooler ****
make -j16 all 
arm-none-eabi-gcc "../Core/Src/main.c" -mcpu=cortex-m7 -std=gnu11 -g3 -DDEBUG -DUSE_HAL_DRIVER -DSTM32H7A3xxQ -c -I../Core/Inc -I../Drivers/STM32H7xx_HAL_Driver/Inc -I../Drivers/STM32H7xx_HAL_Driver/Inc/Legacy -I../Drivers/CMSIS/Device/ST/STM32H7xx/Include -I../Drivers/CMSIS/Include -O0 -ffunction-sections -fdata-sections -Wall -fstack-usage -fcyclomatic-complexity -MMD -MP -MF"Core/Src/main.d" -MT"Core/Src/main.o" --specs=nano.specs -mfpu=fpv5-d16 -mfloat-abi=hard -mthumb -o "Core/Src/main.o"
../Core/Src/main.c: In function 'HAL_UART_RxCpltCallback':
../Core/Src/main.c:148:56: warning: pointer targets in passing argument 1 of 'strlen' differ in signedness [-Wpointer-sign]
  148 |  HAL_UART_Transmit(&huart3, (uint8_t*)rxBuffer, strlen(rxBuffer), HAL_MAX_DELAY);
      |                                                        ^~~~~~~~
      |                                                        |
      |                                                        uint8_t * {aka unsigned char *}
In file included from ../Core/Src/main.c:24:
c:\st\stm32cubeide_1.12.1\stm32cubeide\plugins\com.st.stm32cube.ide.mcu.externaltools.gnu-tools-for-stm32.10.3-2021.10.win32_1.0.200.202301161003\tools\arm-none-eabi\include\string.h:41:17: note: expected 'const char *' but argument is of type 'uint8_t *' {aka 'unsigned char *'}
   41 | size_t  strlen (const char *);
      |                 ^~~~~~~~~~~~
arm-none-eabi-gcc -o "PlungeCooler.elf" @"objects.list"   -mcpu=cortex-m7 -T"C:\Users\Leo\STM32CubeIDE\new_workspace\PlungeCooler\STM32H7A3ZITXQ_FLASH.ld" --specs=nosys.specs -Wl,-Map="PlungeCooler.map" -Wl,--gc-sections -static --specs=nano.specs -mfpu=fpv5-d16 -mfloat-abi=hard -mthumb -Wl,--start-group -lc -lm -Wl,--end-group
Finished building target: PlungeCooler.elf
 
arm-none-eabi-size   PlungeCooler.elf 
arm-none-eabi-objdump -h -S  PlungeCooler.elf  > "PlungeCooler.list"
   text	   data	    bss	    dec	    hex	filename
  44520	    132	   2044	  46696	   b668	PlungeCooler.elf
Finished building: default.size.stdout
 
Finished building: PlungeCooler.list
 
11:36:14 **** Incremental Build of configuration Debug for project PlungeCooler ****
make -j16 all 
arm-none-eabi-gcc "../Core/Src/main.c" -mcpu=cortex-m7 -std=gnu11 -g3 -DDEBUG -DUSE_HAL_DRIVER -DSTM32H7A3xxQ -c -I../Core/Inc -I../Drivers/STM32H7xx_HAL_Driver/Inc -I../Drivers/STM32H7xx_HAL_Driver/Inc/Legacy -I../Drivers/CMSIS/Device/ST/STM32H7xx/Include -I../Drivers/CMSIS/Include -O0 -ffunction-sections -fdata-sections -Wall -fstack-usage -fcyclomatic-complexity -MMD -MP -MF"Core/Src/main.d" -MT"Core/Src/main.o" --specs=nano.specs -mfpu=fpv5-d16 -mfloat-abi=hard -mthumb -o "Core/Src/main.o"
arm-none-eabi-gcc "../Core/Src/stm32h7xx_hal_msp.c" -mcpu=cortex-m7 -std=gnu11 -g3 -DDEBUG -DUSE_HAL_DRIVER -DSTM32H7A3xxQ -c -I../Core/Inc -I../Drivers/STM32H7xx_HAL_Driver/Inc -I../Drivers/STM32H7xx_HAL_Driver/Inc/Legacy -I../Drivers/CMSIS/Device/ST/STM32H7xx/Include -I../Drivers/CMSIS/Include -O0 -ffunction-sections -fdata-sections -Wall -fstack-usage -fcyclomatic-complexity -MMD -MP -MF"Core/Src/stm32h7xx_hal_msp.d" -MT"Core/Src/stm32h7xx_hal_msp.o" --specs=nano.specs -mfpu=fpv5-d16 -mfloat-abi=hard -mthumb -o "Core/Src/stm32h7xx_hal_msp.o"
arm-none-eabi-gcc "../Core/Src/stm32h7xx_it.c" -mcpu=cortex-m7 -std=gnu11 -g3 -DDEBUG -DUSE_HAL_DRIVER -DSTM32H7A3xxQ -c -I../Core/Inc -I../Drivers/STM32H7xx_HAL_Driver/Inc -I../Drivers/STM32H7xx_HAL_Driver/Inc/Legacy -I../Drivers/CMSIS/Device/ST/STM32H7xx/Include -I../Drivers/CMSIS/Include -O0 -ffunction-sections -fdata-sections -Wall -fstack-usage -fcyclomatic-complexity -MMD -MP -MF"Core/Src/stm32h7xx_it.d" -MT"Core/Src/stm32h7xx_it.o" --specs=nano.specs -mfpu=fpv5-d16 -mfloat-abi=hard -mthumb -o "Core/Src/stm32h7xx_it.o"
../Core/Src/main.c: In function 'HAL_UART_RxCpltCallback':
../Core/Src/main.c:148:56: warning: pointer targets in passing argument 1 of 'strlen' differ in signedness [-Wpointer-sign]
  148 |  HAL_UART_Transmit(&huart3, (uint8_t*)rxBuffer, strlen(rxBuffer), HAL_MAX_DELAY);
      |                                                        ^~~~~~~~
      |                                                        |
      |                                                        uint8_t * {aka unsigned char *}
In file included from ../Core/Src/main.c:24:
c:\st\stm32cubeide_1.12.1\stm32cubeide\plugins\com.st.stm32cube.ide.mcu.externaltools.gnu-tools-for-stm32.10.3-2021.10.win32_1.0.200.202301161003\tools\arm-none-eabi\include\string.h:41:17: note: expected 'const char *' but argument is of type 'uint8_t *' {aka 'unsigned char *'}
   41 | size_t  strlen (const char *);
      |                 ^~~~~~~~~~~~
arm-none-eabi-gcc -o "PlungeCooler.elf" @"objects.list"   -mcpu=cortex-m7 -T"C:\Users\Leo\STM32CubeIDE\new_workspace\PlungeCooler\STM32H7A3ZITXQ_FLASH.ld" --specs=nosys.specs -Wl,-Map="PlungeCooler.map" -Wl,--gc-sections -static --specs=nano.specs -mfpu=fpv5-d16 -mfloat-abi=hard -mthumb -Wl,--start-group -lc -lm -Wl,--end-group
Finished building target: PlungeCooler.elf
 
arm-none-eabi-size   PlungeCooler.elf 
arm-none-eabi-objdump -h -S  PlungeCooler.elf  > "PlungeCooler.list"
   text	   data	    bss	    dec	    hex	filename
  44520	    132	   2044	  46696	   b668	PlungeCooler.elf
Finished building: default.size.stdout
 
Finished building: PlungeCooler.list
 
11:40:14 **** Incremental Build of configuration Debug for project PlungeCooler ****
make -j16 all 
arm-none-eabi-gcc "../Core/Src/main.c" -mcpu=cortex-m7 -std=gnu11 -g3 -DDEBUG -DUSE_HAL_DRIVER -DSTM32H7A3xxQ -c -I../Core/Inc -I../Drivers/STM32H7xx_HAL_Driver/Inc -I../Drivers/STM32H7xx_HAL_Driver/Inc/Legacy -I../Drivers/CMSIS/Device/ST/STM32H7xx/Include -I../Drivers/CMSIS/Include -O0 -ffunction-sections -fdata-sections -Wall -fstack-usage -fcyclomatic-complexity -MMD -MP -MF"Core/Src/main.d" -MT"Core/Src/main.o" --specs=nano.specs -mfpu=fpv5-d16 -mfloat-abi=hard -mthumb -o "Core/Src/main.o"
arm-none-eabi-gcc "../Core/Src/stm32h7xx_hal_msp.c" -mcpu=cortex-m7 -std=gnu11 -g3 -DDEBUG -DUSE_HAL_DRIVER -DSTM32H7A3xxQ -c -I../Core/Inc -I../Drivers/STM32H7xx_HAL_Driver/Inc -I../Drivers/STM32H7xx_HAL_Driver/Inc/Legacy -I../Drivers/CMSIS/Device/ST/STM32H7xx/Include -I../Drivers/CMSIS/Include -O0 -ffunction-sections -fdata-sections -Wall -fstack-usage -fcyclomatic-complexity -MMD -MP -MF"Core/Src/stm32h7xx_hal_msp.d" -MT"Core/Src/stm32h7xx_hal_msp.o" --specs=nano.specs -mfpu=fpv5-d16 -mfloat-abi=hard -mthumb -o "Core/Src/stm32h7xx_hal_msp.o"
arm-none-eabi-gcc "../Core/Src/stm32h7xx_it.c" -mcpu=cortex-m7 -std=gnu11 -g3 -DDEBUG -DUSE_HAL_DRIVER -DSTM32H7A3xxQ -c -I../Core/Inc -I../Drivers/STM32H7xx_HAL_Driver/Inc -I../Drivers/STM32H7xx_HAL_Driver/Inc/Legacy -I../Drivers/CMSIS/Device/ST/STM32H7xx/Include -I../Drivers/CMSIS/Include -O0 -ffunction-sections -fdata-sections -Wall -fstack-usage -fcyclomatic-complexity -MMD -MP -MF"Core/Src/stm32h7xx_it.d" -MT"Core/Src/stm32h7xx_it.o" --specs=nano.specs -mfpu=fpv5-d16 -mfloat-abi=hard -mthumb -o "Core/Src/stm32h7xx_it.o"
../Core/Src/main.c: In function 'move_pan_deg':
../Core/Src/main.c:125:17: warning: format '%d' expects argument of type 'int', but argument 3 has type 'uint32_t' {aka 'long unsigned int'} [-Wformat=]
  125 |  sprintf(pos, "%d", panPos);
      |                ~^   ~~~~~~
      |                 |   |
      |                 int uint32_t {aka long unsigned int}
      |                %ld
../Core/Src/main.c: In function 'HAL_UART_RxCpltCallback':
../Core/Src/main.c:152:56: warning: pointer targets in passing argument 1 of 'strlen' differ in signedness [-Wpointer-sign]
  152 |  HAL_UART_Transmit(&huart3, (uint8_t*)rxBuffer, strlen(rxBuffer), HAL_MAX_DELAY);
      |                                                        ^~~~~~~~
      |                                                        |
      |                                                        uint8_t * {aka unsigned char *}
In file included from ../Core/Src/main.c:24:
c:\st\stm32cubeide_1.12.1\stm32cubeide\plugins\com.st.stm32cube.ide.mcu.externaltools.gnu-tools-for-stm32.10.3-2021.10.win32_1.0.200.202301161003\tools\arm-none-eabi\include\string.h:41:17: note: expected 'const char *' but argument is of type 'uint8_t *' {aka 'unsigned char *'}
   41 | size_t  strlen (const char *);
      |                 ^~~~~~~~~~~~
arm-none-eabi-gcc -o "PlungeCooler.elf" @"objects.list"   -mcpu=cortex-m7 -T"C:\Users\Leo\STM32CubeIDE\new_workspace\PlungeCooler\STM32H7A3ZITXQ_FLASH.ld" --specs=nosys.specs -Wl,-Map="PlungeCooler.map" -Wl,--gc-sections -static --specs=nano.specs -mfpu=fpv5-d16 -mfloat-abi=hard -mthumb -Wl,--start-group -lc -lm -Wl,--end-group
Finished building target: PlungeCooler.elf
 
arm-none-eabi-size   PlungeCooler.elf 
arm-none-eabi-objdump -h -S  PlungeCooler.elf  > "PlungeCooler.list"
   text	   data	    bss	    dec	    hex	filename
  44572	    132	   2044	  46748	   b69c	PlungeCooler.elf
Finished building: default.size.stdout
 
Finished building: PlungeCooler.list
 
11:42:56 **** Incremental Build of configuration Debug for project PlungeCooler ****
make -j16 all 
arm-none-eabi-gcc "../Core/Src/main.c" -mcpu=cortex-m7 -std=gnu11 -g3 -DDEBUG -DUSE_HAL_DRIVER -DSTM32H7A3xxQ -c -I../Core/Inc -I../Drivers/STM32H7xx_HAL_Driver/Inc -I../Drivers/STM32H7xx_HAL_Driver/Inc/Legacy -I../Drivers/CMSIS/Device/ST/STM32H7xx/Include -I../Drivers/CMSIS/Include -O0 -ffunction-sections -fdata-sections -Wall -fstack-usage -fcyclomatic-complexity -MMD -MP -MF"Core/Src/main.d" -MT"Core/Src/main.o" --specs=nano.specs -mfpu=fpv5-d16 -mfloat-abi=hard -mthumb -o "Core/Src/main.o"
arm-none-eabi-gcc "../Core/Src/stm32h7xx_hal_msp.c" -mcpu=cortex-m7 -std=gnu11 -g3 -DDEBUG -DUSE_HAL_DRIVER -DSTM32H7A3xxQ -c -I../Core/Inc -I../Drivers/STM32H7xx_HAL_Driver/Inc -I../Drivers/STM32H7xx_HAL_Driver/Inc/Legacy -I../Drivers/CMSIS/Device/ST/STM32H7xx/Include -I../Drivers/CMSIS/Include -O0 -ffunction-sections -fdata-sections -Wall -fstack-usage -fcyclomatic-complexity -MMD -MP -MF"Core/Src/stm32h7xx_hal_msp.d" -MT"Core/Src/stm32h7xx_hal_msp.o" --specs=nano.specs -mfpu=fpv5-d16 -mfloat-abi=hard -mthumb -o "Core/Src/stm32h7xx_hal_msp.o"
arm-none-eabi-gcc "../Core/Src/stm32h7xx_it.c" -mcpu=cortex-m7 -std=gnu11 -g3 -DDEBUG -DUSE_HAL_DRIVER -DSTM32H7A3xxQ -c -I../Core/Inc -I../Drivers/STM32H7xx_HAL_Driver/Inc -I../Drivers/STM32H7xx_HAL_Driver/Inc/Legacy -I../Drivers/CMSIS/Device/ST/STM32H7xx/Include -I../Drivers/CMSIS/Include -O0 -ffunction-sections -fdata-sections -Wall -fstack-usage -fcyclomatic-complexity -MMD -MP -MF"Core/Src/stm32h7xx_it.d" -MT"Core/Src/stm32h7xx_it.o" --specs=nano.specs -mfpu=fpv5-d16 -mfloat-abi=hard -mthumb -o "Core/Src/stm32h7xx_it.o"
../Core/Src/main.c: In function 'move_pan_deg':
../Core/Src/main.c:125:17: warning: format '%d' expects argument of type 'int', but argument 3 has type 'uint32_t' {aka 'long unsigned int'} [-Wformat=]
  125 |  sprintf(pos, "%d", panPos);
      |                ~^   ~~~~~~
      |                 |   |
      |                 int uint32_t {aka long unsigned int}
      |                %ld
../Core/Src/main.c: In function 'HAL_UART_RxCpltCallback':
../Core/Src/main.c:144:56: warning: pointer targets in passing argument 1 of 'strlen' differ in signedness [-Wpointer-sign]
  144 |  HAL_UART_Transmit(&huart3, (uint8_t*)rxBuffer, strlen(rxBuffer), HAL_MAX_DELAY);
      |                                                        ^~~~~~~~
      |                                                        |
      |                                                        uint8_t * {aka unsigned char *}
In file included from ../Core/Src/main.c:24:
c:\st\stm32cubeide_1.12.1\stm32cubeide\plugins\com.st.stm32cube.ide.mcu.externaltools.gnu-tools-for-stm32.10.3-2021.10.win32_1.0.200.202301161003\tools\arm-none-eabi\include\string.h:41:17: note: expected 'const char *' but argument is of type 'uint8_t *' {aka 'unsigned char *'}
   41 | size_t  strlen (const char *);
      |                 ^~~~~~~~~~~~
arm-none-eabi-gcc -o "PlungeCooler.elf" @"objects.list"   -mcpu=cortex-m7 -T"C:\Users\Leo\STM32CubeIDE\new_workspace\PlungeCooler\STM32H7A3ZITXQ_FLASH.ld" --specs=nosys.specs -Wl,-Map="PlungeCooler.map" -Wl,--gc-sections -static --specs=nano.specs -mfpu=fpv5-d16 -mfloat-abi=hard -mthumb -Wl,--start-group -lc -lm -Wl,--end-group
Finished building target: PlungeCooler.elf
 
arm-none-eabi-size   PlungeCooler.elf 
arm-none-eabi-objdump -h -S  PlungeCooler.elf  > "PlungeCooler.list"
   text	   data	    bss	    dec	    hex	filename
  44572	    132	   2044	  46748	   b69c	PlungeCooler.elf
Finished building: default.size.stdout
 
Finished building: PlungeCooler.list
 
11:43:19 **** Incremental Build of configuration Debug for project PlungeCooler ****
make -j16 all 
arm-none-eabi-size   PlungeCooler.elf 
   text	   data	    bss	    dec	    hex	filename
  44572	    132	   2044	  46748	   b69c	PlungeCooler.elf
Finished building: default.size.stdout
 
11:44:29 **** Incremental Build of configuration Debug for project PlungeCooler ****
make -j16 all 
arm-none-eabi-gcc "../Core/Src/main.c" -mcpu=cortex-m7 -std=gnu11 -g3 -DDEBUG -DUSE_HAL_DRIVER -DSTM32H7A3xxQ -c -I../Core/Inc -I../Drivers/STM32H7xx_HAL_Driver/Inc -I../Drivers/STM32H7xx_HAL_Driver/Inc/Legacy -I../Drivers/CMSIS/Device/ST/STM32H7xx/Include -I../Drivers/CMSIS/Include -O0 -ffunction-sections -fdata-sections -Wall -fstack-usage -fcyclomatic-complexity -MMD -MP -MF"Core/Src/main.d" -MT"Core/Src/main.o" --specs=nano.specs -mfpu=fpv5-d16 -mfloat-abi=hard -mthumb -o "Core/Src/main.o"
../Core/Src/main.c: In function 'move_pan_deg':
../Core/Src/main.c:131:17: warning: format '%d' expects argument of type 'int', but argument 3 has type 'uint32_t' {aka 'long unsigned int'} [-Wformat=]
  131 |  sprintf(pos, "%d", panPos);
      |                ~^   ~~~~~~
      |                 |   |
      |                 int uint32_t {aka long unsigned int}
      |                %ld
../Core/Src/main.c: In function 'HAL_UART_RxCpltCallback':
../Core/Src/main.c:150:56: warning: pointer targets in passing argument 1 of 'strlen' differ in signedness [-Wpointer-sign]
  150 |  HAL_UART_Transmit(&huart3, (uint8_t*)rxBuffer, strlen(rxBuffer), HAL_MAX_DELAY);
      |                                                        ^~~~~~~~
      |                                                        |
      |                                                        uint8_t * {aka unsigned char *}
In file included from ../Core/Src/main.c:24:
c:\st\stm32cubeide_1.12.1\stm32cubeide\plugins\com.st.stm32cube.ide.mcu.externaltools.gnu-tools-for-stm32.10.3-2021.10.win32_1.0.200.202301161003\tools\arm-none-eabi\include\string.h:41:17: note: expected 'const char *' but argument is of type 'uint8_t *' {aka 'unsigned char *'}
   41 | size_t  strlen (const char *);
      |                 ^~~~~~~~~~~~
arm-none-eabi-gcc -o "PlungeCooler.elf" @"objects.list"   -mcpu=cortex-m7 -T"C:\Users\Leo\STM32CubeIDE\new_workspace\PlungeCooler\STM32H7A3ZITXQ_FLASH.ld" --specs=nosys.specs -Wl,-Map="PlungeCooler.map" -Wl,--gc-sections -static --specs=nano.specs -mfpu=fpv5-d16 -mfloat-abi=hard -mthumb -Wl,--start-group -lc -lm -Wl,--end-group
Finished building target: PlungeCooler.elf
 
arm-none-eabi-size   PlungeCooler.elf 
arm-none-eabi-objdump -h -S  PlungeCooler.elf  > "PlungeCooler.list"
   text	   data	    bss	    dec	    hex	filename
  44596	    132	   2044	  46772	   b6b4	PlungeCooler.elf
Finished building: default.size.stdout
 
Finished building: PlungeCooler.list
 
11:44:59 **** Incremental Build of configuration Debug for project PlungeCooler ****
make -j16 all 
arm-none-eabi-size   PlungeCooler.elf 
   text	   data	    bss	    dec	    hex	filename
  44596	    132	   2044	  46772	   b6b4	PlungeCooler.elf
Finished building: default.size.stdout
 
12:08:36 **** Incremental Build of configuration Debug for project PlungeCooler ****
make -j16 all 
arm-none-eabi-gcc "../Core/Src/main.c" -mcpu=cortex-m7 -std=gnu11 -g3 -DDEBUG -DUSE_HAL_DRIVER -DSTM32H7A3xxQ -c -I../Core/Inc -I../Drivers/STM32H7xx_HAL_Driver/Inc -I../Drivers/STM32H7xx_HAL_Driver/Inc/Legacy -I../Drivers/CMSIS/Device/ST/STM32H7xx/Include -I../Drivers/CMSIS/Include -O0 -ffunction-sections -fdata-sections -Wall -fstack-usage -fcyclomatic-complexity -MMD -MP -MF"Core/Src/main.d" -MT"Core/Src/main.o" --specs=nano.specs -mfpu=fpv5-d16 -mfloat-abi=hard -mthumb -o "Core/Src/main.o"
arm-none-eabi-gcc "../Core/Src/stm32h7xx_hal_msp.c" -mcpu=cortex-m7 -std=gnu11 -g3 -DDEBUG -DUSE_HAL_DRIVER -DSTM32H7A3xxQ -c -I../Core/Inc -I../Drivers/STM32H7xx_HAL_Driver/Inc -I../Drivers/STM32H7xx_HAL_Driver/Inc/Legacy -I../Drivers/CMSIS/Device/ST/STM32H7xx/Include -I../Drivers/CMSIS/Include -O0 -ffunction-sections -fdata-sections -Wall -fstack-usage -fcyclomatic-complexity -MMD -MP -MF"Core/Src/stm32h7xx_hal_msp.d" -MT"Core/Src/stm32h7xx_hal_msp.o" --specs=nano.specs -mfpu=fpv5-d16 -mfloat-abi=hard -mthumb -o "Core/Src/stm32h7xx_hal_msp.o"
arm-none-eabi-gcc "../Core/Src/stm32h7xx_it.c" -mcpu=cortex-m7 -std=gnu11 -g3 -DDEBUG -DUSE_HAL_DRIVER -DSTM32H7A3xxQ -c -I../Core/Inc -I../Drivers/STM32H7xx_HAL_Driver/Inc -I../Drivers/STM32H7xx_HAL_Driver/Inc/Legacy -I../Drivers/CMSIS/Device/ST/STM32H7xx/Include -I../Drivers/CMSIS/Include -O0 -ffunction-sections -fdata-sections -Wall -fstack-usage -fcyclomatic-complexity -MMD -MP -MF"Core/Src/stm32h7xx_it.d" -MT"Core/Src/stm32h7xx_it.o" --specs=nano.specs -mfpu=fpv5-d16 -mfloat-abi=hard -mthumb -o "Core/Src/stm32h7xx_it.o"
../Core/Src/main.c: In function 'move_pan_deg':
../Core/Src/main.c:132:17: warning: format '%d' expects argument of type 'int', but argument 3 has type 'uint32_t' {aka 'long unsigned int'} [-Wformat=]
  132 |  sprintf(pos, "%d", panPos);
      |                ~^   ~~~~~~
      |                 |   |
      |                 int uint32_t {aka long unsigned int}
      |                %ld
../Core/Src/main.c: In function 'rx_handle':
../Core/Src/main.c:155:56: warning: pointer targets in passing argument 1 of 'strlen' differ in signedness [-Wpointer-sign]
  155 |  HAL_UART_Transmit(&huart3, (uint8_t*)rxBuffer, strlen(rxBuffer), HAL_MAX_DELAY);
      |                                                        ^~~~~~~~
      |                                                        |
      |                                                        uint8_t * {aka unsigned char *}
In file included from ../Core/Src/main.c:24:
c:\st\stm32cubeide_1.12.1\stm32cubeide\plugins\com.st.stm32cube.ide.mcu.externaltools.gnu-tools-for-stm32.10.3-2021.10.win32_1.0.200.202301161003\tools\arm-none-eabi\include\string.h:41:17: note: expected 'const char *' but argument is of type 'uint8_t *' {aka 'unsigned char *'}
   41 | size_t  strlen (const char *);
      |                 ^~~~~~~~~~~~
../Core/Src/main.c: In function 'main':
../Core/Src/main.c:312:15: warning: statement with no effect [-Wunused-value]
  312 |    if(rxFlag) rx_handle;
      |               ^~~~~~~~~
arm-none-eabi-gcc -o "PlungeCooler.elf" @"objects.list"   -mcpu=cortex-m7 -T"C:\Users\Leo\STM32CubeIDE\new_workspace\PlungeCooler\STM32H7A3ZITXQ_FLASH.ld" --specs=nosys.specs -Wl,-Map="PlungeCooler.map" -Wl,--gc-sections -static --specs=nano.specs -mfpu=fpv5-d16 -mfloat-abi=hard -mthumb -Wl,--start-group -lc -lm -Wl,--end-group
Finished building target: PlungeCooler.elf
 
arm-none-eabi-size   PlungeCooler.elf 
arm-none-eabi-objdump -h -S  PlungeCooler.elf  > "PlungeCooler.list"
   text	   data	    bss	    dec	    hex	filename
  40752	     24	   2016	  42792	   a728	PlungeCooler.elf
Finished building: default.size.stdout
 
Finished building: PlungeCooler.list
 
12:10:05 **** Incremental Build of configuration Debug for project PlungeCooler ****
make -j16 all 
arm-none-eabi-gcc "../Core/Src/main.c" -mcpu=cortex-m7 -std=gnu11 -g3 -DDEBUG -DUSE_HAL_DRIVER -DSTM32H7A3xxQ -c -I../Core/Inc -I../Drivers/STM32H7xx_HAL_Driver/Inc -I../Drivers/STM32H7xx_HAL_Driver/Inc/Legacy -I../Drivers/CMSIS/Device/ST/STM32H7xx/Include -I../Drivers/CMSIS/Include -O0 -ffunction-sections -fdata-sections -Wall -fstack-usage -fcyclomatic-complexity -MMD -MP -MF"Core/Src/main.d" -MT"Core/Src/main.o" --specs=nano.specs -mfpu=fpv5-d16 -mfloat-abi=hard -mthumb -o "Core/Src/main.o"
../Core/Src/main.c: In function 'move_pan_deg':
../Core/Src/main.c:132:17: warning: format '%d' expects argument of type 'int', but argument 3 has type 'uint32_t' {aka 'long unsigned int'} [-Wformat=]
  132 |  sprintf(pos, "%d", panPos);
      |                ~^   ~~~~~~
      |                 |   |
      |                 int uint32_t {aka long unsigned int}
      |                %ld
../Core/Src/main.c: In function 'HAL_UART_RxCpltCallback':
../Core/Src/main.c:151:56: warning: pointer targets in passing argument 1 of 'strlen' differ in signedness [-Wpointer-sign]
  151 |  HAL_UART_Transmit(&huart3, (uint8_t*)rxBuffer, strlen(rxBuffer), HAL_MAX_DELAY);
      |                                                        ^~~~~~~~
      |                                                        |
      |                                                        uint8_t * {aka unsigned char *}
In file included from ../Core/Src/main.c:24:
c:\st\stm32cubeide_1.12.1\stm32cubeide\plugins\com.st.stm32cube.ide.mcu.externaltools.gnu-tools-for-stm32.10.3-2021.10.win32_1.0.200.202301161003\tools\arm-none-eabi\include\string.h:41:17: note: expected 'const char *' but argument is of type 'uint8_t *' {aka 'unsigned char *'}
   41 | size_t  strlen (const char *);
      |                 ^~~~~~~~~~~~
../Core/Src/main.c: In function 'main':
../Core/Src/main.c:315:15: warning: statement with no effect [-Wunused-value]
  315 |    if(rxFlag) rx_handle;
      |               ^~~~~~~~~
arm-none-eabi-gcc -o "PlungeCooler.elf" @"objects.list"   -mcpu=cortex-m7 -T"C:\Users\Leo\STM32CubeIDE\new_workspace\PlungeCooler\STM32H7A3ZITXQ_FLASH.ld" --specs=nosys.specs -Wl,-Map="PlungeCooler.map" -Wl,--gc-sections -static --specs=nano.specs -mfpu=fpv5-d16 -mfloat-abi=hard -mthumb -Wl,--start-group -lc -lm -Wl,--end-group
Finished building target: PlungeCooler.elf
 
arm-none-eabi-size   PlungeCooler.elf 
arm-none-eabi-objdump -h -S  PlungeCooler.elf  > "PlungeCooler.list"
   text	   data	    bss	    dec	    hex	filename
  40876	     24	   2016	  42916	   a7a4	PlungeCooler.elf
Finished building: default.size.stdout
 
Finished building: PlungeCooler.list
 
12:11:09 **** Incremental Build of configuration Debug for project PlungeCooler ****
make -j16 all 
arm-none-eabi-gcc "../Core/Src/main.c" -mcpu=cortex-m7 -std=gnu11 -g3 -DDEBUG -DUSE_HAL_DRIVER -DSTM32H7A3xxQ -c -I../Core/Inc -I../Drivers/STM32H7xx_HAL_Driver/Inc -I../Drivers/STM32H7xx_HAL_Driver/Inc/Legacy -I../Drivers/CMSIS/Device/ST/STM32H7xx/Include -I../Drivers/CMSIS/Include -O0 -ffunction-sections -fdata-sections -Wall -fstack-usage -fcyclomatic-complexity -MMD -MP -MF"Core/Src/main.d" -MT"Core/Src/main.o" --specs=nano.specs -mfpu=fpv5-d16 -mfloat-abi=hard -mthumb -o "Core/Src/main.o"
../Core/Src/main.c: In function 'move_pan_deg':
../Core/Src/main.c:132:17: warning: format '%d' expects argument of type 'int', but argument 3 has type 'uint32_t' {aka 'long unsigned int'} [-Wformat=]
  132 |  sprintf(pos, "%d", panPos);
      |                ~^   ~~~~~~
      |                 |   |
      |                 int uint32_t {aka long unsigned int}
      |                %ld
../Core/Src/main.c: In function 'HAL_UART_RxCpltCallback':
../Core/Src/main.c:151:56: warning: pointer targets in passing argument 1 of 'strlen' differ in signedness [-Wpointer-sign]
  151 |  HAL_UART_Transmit(&huart3, (uint8_t*)rxBuffer, strlen(rxBuffer), HAL_MAX_DELAY);
      |                                                        ^~~~~~~~
      |                                                        |
      |                                                        uint8_t * {aka unsigned char *}
In file included from ../Core/Src/main.c:24:
c:\st\stm32cubeide_1.12.1\stm32cubeide\plugins\com.st.stm32cube.ide.mcu.externaltools.gnu-tools-for-stm32.10.3-2021.10.win32_1.0.200.202301161003\tools\arm-none-eabi\include\string.h:41:17: note: expected 'const char *' but argument is of type 'uint8_t *' {aka 'unsigned char *'}
   41 | size_t  strlen (const char *);
      |                 ^~~~~~~~~~~~
arm-none-eabi-gcc -o "PlungeCooler.elf" @"objects.list"   -mcpu=cortex-m7 -T"C:\Users\Leo\STM32CubeIDE\new_workspace\PlungeCooler\STM32H7A3ZITXQ_FLASH.ld" --specs=nosys.specs -Wl,-Map="PlungeCooler.map" -Wl,--gc-sections -static --specs=nano.specs -mfpu=fpv5-d16 -mfloat-abi=hard -mthumb -Wl,--start-group -lc -lm -Wl,--end-group
Finished building target: PlungeCooler.elf
 
arm-none-eabi-size   PlungeCooler.elf 
arm-none-eabi-objdump -h -S  PlungeCooler.elf  > "PlungeCooler.list"
   text	   data	    bss	    dec	    hex	filename
  44772	    132	   2044	  46948	   b764	PlungeCooler.elf
Finished building: default.size.stdout
 
Finished building: PlungeCooler.list
 
12:11:32 **** Incremental Build of configuration Debug for project PlungeCooler ****
make -j16 all 
arm-none-eabi-size   PlungeCooler.elf 
   text	   data	    bss	    dec	    hex	filename
  44772	    132	   2044	  46948	   b764	PlungeCooler.elf
Finished building: default.size.stdout
 
12:14:20 **** Incremental Build of configuration Debug for project PlungeCooler ****
make -j16 all 
arm-none-eabi-gcc "../Core/Src/main.c" -mcpu=cortex-m7 -std=gnu11 -g3 -DDEBUG -DUSE_HAL_DRIVER -DSTM32H7A3xxQ -c -I../Core/Inc -I../Drivers/STM32H7xx_HAL_Driver/Inc -I../Drivers/STM32H7xx_HAL_Driver/Inc/Legacy -I../Drivers/CMSIS/Device/ST/STM32H7xx/Include -I../Drivers/CMSIS/Include -O0 -ffunction-sections -fdata-sections -Wall -fstack-usage -fcyclomatic-complexity -MMD -MP -MF"Core/Src/main.d" -MT"Core/Src/main.o" --specs=nano.specs -mfpu=fpv5-d16 -mfloat-abi=hard -mthumb -o "Core/Src/main.o"
../Core/Src/main.c: In function 'move_pan_deg':
../Core/Src/main.c:132:17: warning: format '%d' expects argument of type 'int', but argument 3 has type 'uint32_t' {aka 'long unsigned int'} [-Wformat=]
  132 |  sprintf(pos, "%d", panPos);
      |                ~^   ~~~~~~
      |                 |   |
      |                 int uint32_t {aka long unsigned int}
      |                %ld
../Core/Src/main.c: In function 'HAL_UART_RxCpltCallback':
../Core/Src/main.c:151:56: warning: pointer targets in passing argument 1 of 'strlen' differ in signedness [-Wpointer-sign]
  151 |  HAL_UART_Transmit(&huart3, (uint8_t*)rxBuffer, strlen(rxBuffer), HAL_MAX_DELAY);
      |                                                        ^~~~~~~~
      |                                                        |
      |                                                        uint8_t * {aka unsigned char *}
In file included from ../Core/Src/main.c:24:
c:\st\stm32cubeide_1.12.1\stm32cubeide\plugins\com.st.stm32cube.ide.mcu.externaltools.gnu-tools-for-stm32.10.3-2021.10.win32_1.0.200.202301161003\tools\arm-none-eabi\include\string.h:41:17: note: expected 'const char *' but argument is of type 'uint8_t *' {aka 'unsigned char *'}
   41 | size_t  strlen (const char *);
      |                 ^~~~~~~~~~~~
arm-none-eabi-gcc -o "PlungeCooler.elf" @"objects.list"   -mcpu=cortex-m7 -T"C:\Users\Leo\STM32CubeIDE\new_workspace\PlungeCooler\STM32H7A3ZITXQ_FLASH.ld" --specs=nosys.specs -Wl,-Map="PlungeCooler.map" -Wl,--gc-sections -static --specs=nano.specs -mfpu=fpv5-d16 -mfloat-abi=hard -mthumb -Wl,--start-group -lc -lm -Wl,--end-group
Finished building target: PlungeCooler.elf
 
arm-none-eabi-size   PlungeCooler.elf 
arm-none-eabi-objdump -h -S  PlungeCooler.elf  > "PlungeCooler.list"
   text	   data	    bss	    dec	    hex	filename
  44836	    132	   2044	  47012	   b7a4	PlungeCooler.elf
Finished building: default.size.stdout
 
Finished building: PlungeCooler.list
 
12:14:37 **** Incremental Build of configuration Debug for project PlungeCooler ****
make -j16 all 
arm-none-eabi-size   PlungeCooler.elf 
   text	   data	    bss	    dec	    hex	filename
  44836	    132	   2044	  47012	   b7a4	PlungeCooler.elf
Finished building: default.size.stdout
 
12:16:19 **** Incremental Build of configuration Debug for project PlungeCooler ****
make -j16 all 
arm-none-eabi-gcc "../Core/Src/main.c" -mcpu=cortex-m7 -std=gnu11 -g3 -DDEBUG -DUSE_HAL_DRIVER -DSTM32H7A3xxQ -c -I../Core/Inc -I../Drivers/STM32H7xx_HAL_Driver/Inc -I../Drivers/STM32H7xx_HAL_Driver/Inc/Legacy -I../Drivers/CMSIS/Device/ST/STM32H7xx/Include -I../Drivers/CMSIS/Include -O0 -ffunction-sections -fdata-sections -Wall -fstack-usage -fcyclomatic-complexity -MMD -MP -MF"Core/Src/main.d" -MT"Core/Src/main.o" --specs=nano.specs -mfpu=fpv5-d16 -mfloat-abi=hard -mthumb -o "Core/Src/main.o"
../Core/Src/main.c: In function 'move_pan_deg':
../Core/Src/main.c:132:17: warning: format '%d' expects argument of type 'int', but argument 3 has type 'uint32_t' {aka 'long unsigned int'} [-Wformat=]
  132 |  sprintf(pos, "%d", panPos);
      |                ~^   ~~~~~~
      |                 |   |
      |                 int uint32_t {aka long unsigned int}
      |                %ld
../Core/Src/main.c: In function 'HAL_UART_RxCpltCallback':
../Core/Src/main.c:151:56: warning: pointer targets in passing argument 1 of 'strlen' differ in signedness [-Wpointer-sign]
  151 |  HAL_UART_Transmit(&huart3, (uint8_t*)rxBuffer, strlen(rxBuffer), HAL_MAX_DELAY);
      |                                                        ^~~~~~~~
      |                                                        |
      |                                                        uint8_t * {aka unsigned char *}
In file included from ../Core/Src/main.c:24:
c:\st\stm32cubeide_1.12.1\stm32cubeide\plugins\com.st.stm32cube.ide.mcu.externaltools.gnu-tools-for-stm32.10.3-2021.10.win32_1.0.200.202301161003\tools\arm-none-eabi\include\string.h:41:17: note: expected 'const char *' but argument is of type 'uint8_t *' {aka 'unsigned char *'}
   41 | size_t  strlen (const char *);
      |                 ^~~~~~~~~~~~
../Core/Src/main.c: In function 'rx_handle':
../Core/Src/main.c:165:32: warning: 'sprintf' writing a terminating nul past the end of the destination [-Wformat-overflow=]
  165 |    sprintf(num, "%d, %d, %d, %d", rxBuffer[2], rxBuffer[3], rxBuffer[4], rxBuffer[5]);
      |                                ^
../Core/Src/main.c:165:4: note: 'sprintf' output between 11 and 19 bytes into a destination of size 10
  165 |    sprintf(num, "%d, %d, %d, %d", rxBuffer[2], rxBuffer[3], rxBuffer[4], rxBuffer[5]);
      |    ^~~~~~~~~~~~~~~~~~~~~~~~~~~~~~~~~~~~~~~~~~~~~~~~~~~~~~~~~~~~~~~~~~~~~~~~~~~~~~~~~~
arm-none-eabi-gcc -o "PlungeCooler.elf" @"objects.list"   -mcpu=cortex-m7 -T"C:\Users\Leo\STM32CubeIDE\new_workspace\PlungeCooler\STM32H7A3ZITXQ_FLASH.ld" --specs=nosys.specs -Wl,-Map="PlungeCooler.map" -Wl,--gc-sections -static --specs=nano.specs -mfpu=fpv5-d16 -mfloat-abi=hard -mthumb -Wl,--start-group -lc -lm -Wl,--end-group
Finished building target: PlungeCooler.elf
 
arm-none-eabi-size   PlungeCooler.elf 
arm-none-eabi-objdump -h -S  PlungeCooler.elf  > "PlungeCooler.list"
   text	   data	    bss	    dec	    hex	filename
  44864	    132	   2044	  47040	   b7c0	PlungeCooler.elf
Finished building: default.size.stdout
 
Finished building: PlungeCooler.list
 
12:16:49 **** Incremental Build of configuration Debug for project PlungeCooler ****
make -j16 all 
arm-none-eabi-gcc "../Core/Src/main.c" -mcpu=cortex-m7 -std=gnu11 -g3 -DDEBUG -DUSE_HAL_DRIVER -DSTM32H7A3xxQ -c -I../Core/Inc -I../Drivers/STM32H7xx_HAL_Driver/Inc -I../Drivers/STM32H7xx_HAL_Driver/Inc/Legacy -I../Drivers/CMSIS/Device/ST/STM32H7xx/Include -I../Drivers/CMSIS/Include -O0 -ffunction-sections -fdata-sections -Wall -fstack-usage -fcyclomatic-complexity -MMD -MP -MF"Core/Src/main.d" -MT"Core/Src/main.o" --specs=nano.specs -mfpu=fpv5-d16 -mfloat-abi=hard -mthumb -o "Core/Src/main.o"
../Core/Src/main.c: In function 'move_pan_deg':
../Core/Src/main.c:132:17: warning: format '%d' expects argument of type 'int', but argument 3 has type 'uint32_t' {aka 'long unsigned int'} [-Wformat=]
  132 |  sprintf(pos, "%d", panPos);
      |                ~^   ~~~~~~
      |                 |   |
      |                 int uint32_t {aka long unsigned int}
      |                %ld
../Core/Src/main.c: In function 'HAL_UART_RxCpltCallback':
../Core/Src/main.c:151:56: warning: pointer targets in passing argument 1 of 'strlen' differ in signedness [-Wpointer-sign]
  151 |  HAL_UART_Transmit(&huart3, (uint8_t*)rxBuffer, strlen(rxBuffer), HAL_MAX_DELAY);
      |                                                        ^~~~~~~~
      |                                                        |
      |                                                        uint8_t * {aka unsigned char *}
In file included from ../Core/Src/main.c:24:
c:\st\stm32cubeide_1.12.1\stm32cubeide\plugins\com.st.stm32cube.ide.mcu.externaltools.gnu-tools-for-stm32.10.3-2021.10.win32_1.0.200.202301161003\tools\arm-none-eabi\include\string.h:41:17: note: expected 'const char *' but argument is of type 'uint8_t *' {aka 'unsigned char *'}
   41 | size_t  strlen (const char *);
      |                 ^~~~~~~~~~~~
arm-none-eabi-gcc -o "PlungeCooler.elf" @"objects.list"   -mcpu=cortex-m7 -T"C:\Users\Leo\STM32CubeIDE\new_workspace\PlungeCooler\STM32H7A3ZITXQ_FLASH.ld" --specs=nosys.specs -Wl,-Map="PlungeCooler.map" -Wl,--gc-sections -static --specs=nano.specs -mfpu=fpv5-d16 -mfloat-abi=hard -mthumb -Wl,--start-group -lc -lm -Wl,--end-group
Finished building target: PlungeCooler.elf
 
arm-none-eabi-size   PlungeCooler.elf 
arm-none-eabi-objdump -h -S  PlungeCooler.elf  > "PlungeCooler.list"
   text	   data	    bss	    dec	    hex	filename
  44864	    132	   2044	  47040	   b7c0	PlungeCooler.elf
Finished building: default.size.stdout
 
Finished building: PlungeCooler.list
 
12:17:15 **** Incremental Build of configuration Debug for project PlungeCooler ****
make -j16 all 
arm-none-eabi-size   PlungeCooler.elf 
   text	   data	    bss	    dec	    hex	filename
  44864	    132	   2044	  47040	   b7c0	PlungeCooler.elf
Finished building: default.size.stdout
 
12:18:20 **** Incremental Build of configuration Debug for project PlungeCooler ****
make -j16 all 
arm-none-eabi-gcc "../Core/Src/main.c" -mcpu=cortex-m7 -std=gnu11 -g3 -DDEBUG -DUSE_HAL_DRIVER -DSTM32H7A3xxQ -c -I../Core/Inc -I../Drivers/STM32H7xx_HAL_Driver/Inc -I../Drivers/STM32H7xx_HAL_Driver/Inc/Legacy -I../Drivers/CMSIS/Device/ST/STM32H7xx/Include -I../Drivers/CMSIS/Include -O0 -ffunction-sections -fdata-sections -Wall -fstack-usage -fcyclomatic-complexity -MMD -MP -MF"Core/Src/main.d" -MT"Core/Src/main.o" --specs=nano.specs -mfpu=fpv5-d16 -mfloat-abi=hard -mthumb -o "Core/Src/main.o"
../Core/Src/main.c: In function 'move_pan_deg':
../Core/Src/main.c:132:17: warning: format '%d' expects argument of type 'int', but argument 3 has type 'uint32_t' {aka 'long unsigned int'} [-Wformat=]
  132 |  sprintf(pos, "%d", panPos);
      |                ~^   ~~~~~~
      |                 |   |
      |                 int uint32_t {aka long unsigned int}
      |                %ld
../Core/Src/main.c: In function 'HAL_UART_RxCpltCallback':
../Core/Src/main.c:151:56: warning: pointer targets in passing argument 1 of 'strlen' differ in signedness [-Wpointer-sign]
  151 |  HAL_UART_Transmit(&huart3, (uint8_t*)rxBuffer, strlen(rxBuffer), HAL_MAX_DELAY);
      |                                                        ^~~~~~~~
      |                                                        |
      |                                                        uint8_t * {aka unsigned char *}
In file included from ../Core/Src/main.c:24:
c:\st\stm32cubeide_1.12.1\stm32cubeide\plugins\com.st.stm32cube.ide.mcu.externaltools.gnu-tools-for-stm32.10.3-2021.10.win32_1.0.200.202301161003\tools\arm-none-eabi\include\string.h:41:17: note: expected 'const char *' but argument is of type 'uint8_t *' {aka 'unsigned char *'}
   41 | size_t  strlen (const char *);
      |                 ^~~~~~~~~~~~
arm-none-eabi-gcc -o "PlungeCooler.elf" @"objects.list"   -mcpu=cortex-m7 -T"C:\Users\Leo\STM32CubeIDE\new_workspace\PlungeCooler\STM32H7A3ZITXQ_FLASH.ld" --specs=nosys.specs -Wl,-Map="PlungeCooler.map" -Wl,--gc-sections -static --specs=nano.specs -mfpu=fpv5-d16 -mfloat-abi=hard -mthumb -Wl,--start-group -lc -lm -Wl,--end-group
Finished building target: PlungeCooler.elf
 
arm-none-eabi-size   PlungeCooler.elf 
arm-none-eabi-objdump -h -S  PlungeCooler.elf  > "PlungeCooler.list"
   text	   data	    bss	    dec	    hex	filename
  44864	    132	   2044	  47040	   b7c0	PlungeCooler.elf
Finished building: default.size.stdout
 
Finished building: PlungeCooler.list
 
12:20:19 **** Incremental Build of configuration Debug for project PlungeCooler ****
make -j16 all 
arm-none-eabi-gcc "../Core/Src/main.c" -mcpu=cortex-m7 -std=gnu11 -g3 -DDEBUG -DUSE_HAL_DRIVER -DSTM32H7A3xxQ -c -I../Core/Inc -I../Drivers/STM32H7xx_HAL_Driver/Inc -I../Drivers/STM32H7xx_HAL_Driver/Inc/Legacy -I../Drivers/CMSIS/Device/ST/STM32H7xx/Include -I../Drivers/CMSIS/Include -O0 -ffunction-sections -fdata-sections -Wall -fstack-usage -fcyclomatic-complexity -MMD -MP -MF"Core/Src/main.d" -MT"Core/Src/main.o" --specs=nano.specs -mfpu=fpv5-d16 -mfloat-abi=hard -mthumb -o "Core/Src/main.o"
../Core/Src/main.c: In function 'move_pan_deg':
../Core/Src/main.c:132:17: warning: format '%d' expects argument of type 'int', but argument 3 has type 'uint32_t' {aka 'long unsigned int'} [-Wformat=]
  132 |  sprintf(pos, "%d", panPos);
      |                ~^   ~~~~~~
      |                 |   |
      |                 int uint32_t {aka long unsigned int}
      |                %ld
../Core/Src/main.c: In function 'HAL_UART_RxCpltCallback':
../Core/Src/main.c:151:56: warning: pointer targets in passing argument 1 of 'strlen' differ in signedness [-Wpointer-sign]
  151 |  HAL_UART_Transmit(&huart3, (uint8_t*)rxBuffer, strlen(rxBuffer), HAL_MAX_DELAY);
      |                                                        ^~~~~~~~
      |                                                        |
      |                                                        uint8_t * {aka unsigned char *}
In file included from ../Core/Src/main.c:24:
c:\st\stm32cubeide_1.12.1\stm32cubeide\plugins\com.st.stm32cube.ide.mcu.externaltools.gnu-tools-for-stm32.10.3-2021.10.win32_1.0.200.202301161003\tools\arm-none-eabi\include\string.h:41:17: note: expected 'const char *' but argument is of type 'uint8_t *' {aka 'unsigned char *'}
   41 | size_t  strlen (const char *);
      |                 ^~~~~~~~~~~~
arm-none-eabi-gcc -o "PlungeCooler.elf" @"objects.list"   -mcpu=cortex-m7 -T"C:\Users\Leo\STM32CubeIDE\new_workspace\PlungeCooler\STM32H7A3ZITXQ_FLASH.ld" --specs=nosys.specs -Wl,-Map="PlungeCooler.map" -Wl,--gc-sections -static --specs=nano.specs -mfpu=fpv5-d16 -mfloat-abi=hard -mthumb -Wl,--start-group -lc -lm -Wl,--end-group
Finished building target: PlungeCooler.elf
 
arm-none-eabi-size   PlungeCooler.elf 
arm-none-eabi-objdump -h -S  PlungeCooler.elf  > "PlungeCooler.list"
   text	   data	    bss	    dec	    hex	filename
  44864	    132	   2044	  47040	   b7c0	PlungeCooler.elf
Finished building: default.size.stdout
 
Finished building: PlungeCooler.list
 
12:20:42 **** Incremental Build of configuration Debug for project PlungeCooler ****
make -j16 all 
arm-none-eabi-size   PlungeCooler.elf 
   text	   data	    bss	    dec	    hex	filename
  44864	    132	   2044	  47040	   b7c0	PlungeCooler.elf
Finished building: default.size.stdout
 
12:22:06 **** Incremental Build of configuration Debug for project PlungeCooler ****
make -j16 all 
arm-none-eabi-gcc "../Core/Src/main.c" -mcpu=cortex-m7 -std=gnu11 -g3 -DDEBUG -DUSE_HAL_DRIVER -DSTM32H7A3xxQ -c -I../Core/Inc -I../Drivers/STM32H7xx_HAL_Driver/Inc -I../Drivers/STM32H7xx_HAL_Driver/Inc/Legacy -I../Drivers/CMSIS/Device/ST/STM32H7xx/Include -I../Drivers/CMSIS/Include -O0 -ffunction-sections -fdata-sections -Wall -fstack-usage -fcyclomatic-complexity -MMD -MP -MF"Core/Src/main.d" -MT"Core/Src/main.o" --specs=nano.specs -mfpu=fpv5-d16 -mfloat-abi=hard -mthumb -o "Core/Src/main.o"
../Core/Src/main.c: In function 'move_pan_deg':
../Core/Src/main.c:132:17: warning: format '%d' expects argument of type 'int', but argument 3 has type 'uint32_t' {aka 'long unsigned int'} [-Wformat=]
  132 |  sprintf(pos, "%d", panPos);
      |                ~^   ~~~~~~
      |                 |   |
      |                 int uint32_t {aka long unsigned int}
      |                %ld
../Core/Src/main.c: In function 'HAL_UART_RxCpltCallback':
../Core/Src/main.c:151:56: warning: pointer targets in passing argument 1 of 'strlen' differ in signedness [-Wpointer-sign]
  151 |  HAL_UART_Transmit(&huart3, (uint8_t*)rxBuffer, strlen(rxBuffer), HAL_MAX_DELAY);
      |                                                        ^~~~~~~~
      |                                                        |
      |                                                        uint8_t * {aka unsigned char *}
In file included from ../Core/Src/main.c:24:
c:\st\stm32cubeide_1.12.1\stm32cubeide\plugins\com.st.stm32cube.ide.mcu.externaltools.gnu-tools-for-stm32.10.3-2021.10.win32_1.0.200.202301161003\tools\arm-none-eabi\include\string.h:41:17: note: expected 'const char *' but argument is of type 'uint8_t *' {aka 'unsigned char *'}
   41 | size_t  strlen (const char *);
      |                 ^~~~~~~~~~~~
../Core/Src/main.c: In function 'rx_handle':
../Core/Src/main.c:169:51: warning: format '%d' expects argument of type 'int', but argument 5 has type 'uint32_t' {aka 'long unsigned int'} [-Wformat=]
  169 |    sprintf(response, "%c%c received this amount: %d\r\n", rxBuffer[0], rxBuffer[1], amount);
      |                                                  ~^                                 ~~~~~~
      |                                                   |                                 |
      |                                                   int                               uint32_t {aka long unsigned int}
      |                                                  %ld
../Core/Src/main.c:232:7: error: redefinition of 'a'
  232 |  char a[] = "done handling\r\n";
      |       ^
../Core/Src/main.c:158:7: note: previous definition of 'a' was here
  158 |  char a[] = "handling\r\n";
      |       ^
make: *** [Core/Src/subdir.mk:34: Core/Src/main.o] Error 1
"make -j16 all" terminated with exit code 2. Build might be incomplete.
12:22:15 **** Incremental Build of configuration Debug for project PlungeCooler ****
make -j16 all 
arm-none-eabi-gcc "../Core/Src/main.c" -mcpu=cortex-m7 -std=gnu11 -g3 -DDEBUG -DUSE_HAL_DRIVER -DSTM32H7A3xxQ -c -I../Core/Inc -I../Drivers/STM32H7xx_HAL_Driver/Inc -I../Drivers/STM32H7xx_HAL_Driver/Inc/Legacy -I../Drivers/CMSIS/Device/ST/STM32H7xx/Include -I../Drivers/CMSIS/Include -O0 -ffunction-sections -fdata-sections -Wall -fstack-usage -fcyclomatic-complexity -MMD -MP -MF"Core/Src/main.d" -MT"Core/Src/main.o" --specs=nano.specs -mfpu=fpv5-d16 -mfloat-abi=hard -mthumb -o "Core/Src/main.o"
../Core/Src/main.c: In function 'move_pan_deg':
../Core/Src/main.c:132:17: warning: format '%d' expects argument of type 'int', but argument 3 has type 'uint32_t' {aka 'long unsigned int'} [-Wformat=]
  132 |  sprintf(pos, "%d", panPos);
      |                ~^   ~~~~~~
      |                 |   |
      |                 int uint32_t {aka long unsigned int}
      |                %ld
../Core/Src/main.c: In function 'HAL_UART_RxCpltCallback':
../Core/Src/main.c:151:56: warning: pointer targets in passing argument 1 of 'strlen' differ in signedness [-Wpointer-sign]
  151 |  HAL_UART_Transmit(&huart3, (uint8_t*)rxBuffer, strlen(rxBuffer), HAL_MAX_DELAY);
      |                                                        ^~~~~~~~
      |                                                        |
      |                                                        uint8_t * {aka unsigned char *}
In file included from ../Core/Src/main.c:24:
c:\st\stm32cubeide_1.12.1\stm32cubeide\plugins\com.st.stm32cube.ide.mcu.externaltools.gnu-tools-for-stm32.10.3-2021.10.win32_1.0.200.202301161003\tools\arm-none-eabi\include\string.h:41:17: note: expected 'const char *' but argument is of type 'uint8_t *' {aka 'unsigned char *'}
   41 | size_t  strlen (const char *);
      |                 ^~~~~~~~~~~~
../Core/Src/main.c: In function 'rx_handle':
../Core/Src/main.c:169:51: warning: format '%d' expects argument of type 'int', but argument 5 has type 'uint32_t' {aka 'long unsigned int'} [-Wformat=]
  169 |    sprintf(response, "%c%c received this amount: %d\r\n", rxBuffer[0], rxBuffer[1], amount);
      |                                                  ~^                                 ~~~~~~
      |                                                   |                                 |
      |                                                   int                               uint32_t {aka long unsigned int}
      |                                                  %ld
../Core/Src/main.c:232:7: error: redefinition of 'a'
  232 |  char a[] = "done handling\r\n";
      |       ^
../Core/Src/main.c:158:7: note: previous definition of 'a' was here
  158 |  char a[] = "handling\r\n";
      |       ^
make: *** [Core/Src/subdir.mk:34: Core/Src/main.o] Error 1
"make -j16 all" terminated with exit code 2. Build might be incomplete.
12:22:48 **** Incremental Build of configuration Debug for project PlungeCooler ****
make -j16 all 
arm-none-eabi-gcc "../Core/Src/main.c" -mcpu=cortex-m7 -std=gnu11 -g3 -DDEBUG -DUSE_HAL_DRIVER -DSTM32H7A3xxQ -c -I../Core/Inc -I../Drivers/STM32H7xx_HAL_Driver/Inc -I../Drivers/STM32H7xx_HAL_Driver/Inc/Legacy -I../Drivers/CMSIS/Device/ST/STM32H7xx/Include -I../Drivers/CMSIS/Include -O0 -ffunction-sections -fdata-sections -Wall -fstack-usage -fcyclomatic-complexity -MMD -MP -MF"Core/Src/main.d" -MT"Core/Src/main.o" --specs=nano.specs -mfpu=fpv5-d16 -mfloat-abi=hard -mthumb -o "Core/Src/main.o"
../Core/Src/main.c: In function 'move_pan_deg':
../Core/Src/main.c:132:17: warning: format '%d' expects argument of type 'int', but argument 3 has type 'uint32_t' {aka 'long unsigned int'} [-Wformat=]
  132 |  sprintf(pos, "%d", panPos);
      |                ~^   ~~~~~~
      |                 |   |
      |                 int uint32_t {aka long unsigned int}
      |                %ld
../Core/Src/main.c: In function 'HAL_UART_RxCpltCallback':
../Core/Src/main.c:151:56: warning: pointer targets in passing argument 1 of 'strlen' differ in signedness [-Wpointer-sign]
  151 |  HAL_UART_Transmit(&huart3, (uint8_t*)rxBuffer, strlen(rxBuffer), HAL_MAX_DELAY);
      |                                                        ^~~~~~~~
      |                                                        |
      |                                                        uint8_t * {aka unsigned char *}
In file included from ../Core/Src/main.c:24:
c:\st\stm32cubeide_1.12.1\stm32cubeide\plugins\com.st.stm32cube.ide.mcu.externaltools.gnu-tools-for-stm32.10.3-2021.10.win32_1.0.200.202301161003\tools\arm-none-eabi\include\string.h:41:17: note: expected 'const char *' but argument is of type 'uint8_t *' {aka 'unsigned char *'}
   41 | size_t  strlen (const char *);
      |                 ^~~~~~~~~~~~
../Core/Src/main.c: In function 'rx_handle':
../Core/Src/main.c:169:51: warning: format '%d' expects argument of type 'int', but argument 5 has type 'uint32_t' {aka 'long unsigned int'} [-Wformat=]
  169 |    sprintf(response, "%c%c received this amount: %d\r\n", rxBuffer[0], rxBuffer[1], amount);
      |                                                  ~^                                 ~~~~~~
      |                                                   |                                 |
      |                                                   int                               uint32_t {aka long unsigned int}
      |                                                  %ld
arm-none-eabi-gcc -o "PlungeCooler.elf" @"objects.list"   -mcpu=cortex-m7 -T"C:\Users\Leo\STM32CubeIDE\new_workspace\PlungeCooler\STM32H7A3ZITXQ_FLASH.ld" --specs=nosys.specs -Wl,-Map="PlungeCooler.map" -Wl,--gc-sections -static --specs=nano.specs -mfpu=fpv5-d16 -mfloat-abi=hard -mthumb -Wl,--start-group -lc -lm -Wl,--end-group
Finished building target: PlungeCooler.elf
 
arm-none-eabi-size   PlungeCooler.elf 
arm-none-eabi-objdump -h -S  PlungeCooler.elf  > "PlungeCooler.list"
   text	   data	    bss	    dec	    hex	filename
  44928	    132	   2044	  47104	   b800	PlungeCooler.elf
Finished building: default.size.stdout
 
Finished building: PlungeCooler.list
 
12:23:08 **** Incremental Build of configuration Debug for project PlungeCooler ****
make -j16 all 
arm-none-eabi-size   PlungeCooler.elf 
   text	   data	    bss	    dec	    hex	filename
  44928	    132	   2044	  47104	   b800	PlungeCooler.elf
Finished building: default.size.stdout
 
12:24:18 **** Incremental Build of configuration Debug for project PlungeCooler ****
make -j16 all 
arm-none-eabi-gcc "../Core/Src/main.c" -mcpu=cortex-m7 -std=gnu11 -g3 -DDEBUG -DUSE_HAL_DRIVER -DSTM32H7A3xxQ -c -I../Core/Inc -I../Drivers/STM32H7xx_HAL_Driver/Inc -I../Drivers/STM32H7xx_HAL_Driver/Inc/Legacy -I../Drivers/CMSIS/Device/ST/STM32H7xx/Include -I../Drivers/CMSIS/Include -O0 -ffunction-sections -fdata-sections -Wall -fstack-usage -fcyclomatic-complexity -MMD -MP -MF"Core/Src/main.d" -MT"Core/Src/main.o" --specs=nano.specs -mfpu=fpv5-d16 -mfloat-abi=hard -mthumb -o "Core/Src/main.o"
../Core/Src/main.c: In function 'move_pan_deg':
../Core/Src/main.c:135:17: warning: format '%d' expects argument of type 'int', but argument 3 has type 'uint32_t' {aka 'long unsigned int'} [-Wformat=]
  135 |  sprintf(pos, "%d", panPos);
      |                ~^   ~~~~~~
      |                 |   |
      |                 int uint32_t {aka long unsigned int}
      |                %ld
../Core/Src/main.c: In function 'HAL_UART_RxCpltCallback':
../Core/Src/main.c:154:56: warning: pointer targets in passing argument 1 of 'strlen' differ in signedness [-Wpointer-sign]
  154 |  HAL_UART_Transmit(&huart3, (uint8_t*)rxBuffer, strlen(rxBuffer), HAL_MAX_DELAY);
      |                                                        ^~~~~~~~
      |                                                        |
      |                                                        uint8_t * {aka unsigned char *}
In file included from ../Core/Src/main.c:24:
c:\st\stm32cubeide_1.12.1\stm32cubeide\plugins\com.st.stm32cube.ide.mcu.externaltools.gnu-tools-for-stm32.10.3-2021.10.win32_1.0.200.202301161003\tools\arm-none-eabi\include\string.h:41:17: note: expected 'const char *' but argument is of type 'uint8_t *' {aka 'unsigned char *'}
   41 | size_t  strlen (const char *);
      |                 ^~~~~~~~~~~~
../Core/Src/main.c: In function 'rx_handle':
../Core/Src/main.c:172:51: warning: format '%d' expects argument of type 'int', but argument 5 has type 'uint32_t' {aka 'long unsigned int'} [-Wformat=]
  172 |    sprintf(response, "%c%c received this amount: %d\r\n", rxBuffer[0], rxBuffer[1], amount);
      |                                                  ~^                                 ~~~~~~
      |                                                   |                                 |
      |                                                   int                               uint32_t {aka long unsigned int}
      |                                                  %ld
arm-none-eabi-gcc -o "PlungeCooler.elf" @"objects.list"   -mcpu=cortex-m7 -T"C:\Users\Leo\STM32CubeIDE\new_workspace\PlungeCooler\STM32H7A3ZITXQ_FLASH.ld" --specs=nosys.specs -Wl,-Map="PlungeCooler.map" -Wl,--gc-sections -static --specs=nano.specs -mfpu=fpv5-d16 -mfloat-abi=hard -mthumb -Wl,--start-group -lc -lm -Wl,--end-group
Finished building target: PlungeCooler.elf
 
arm-none-eabi-size   PlungeCooler.elf 
arm-none-eabi-objdump -h -S  PlungeCooler.elf  > "PlungeCooler.list"
   text	   data	    bss	    dec	    hex	filename
  44988	    132	   2044	  47164	   b83c	PlungeCooler.elf
Finished building: default.size.stdout
 
Finished building: PlungeCooler.list
 
12:25:42 **** Incremental Build of configuration Debug for project PlungeCooler ****
make -j16 all 
arm-none-eabi-gcc "../Core/Src/main.c" -mcpu=cortex-m7 -std=gnu11 -g3 -DDEBUG -DUSE_HAL_DRIVER -DSTM32H7A3xxQ -c -I../Core/Inc -I../Drivers/STM32H7xx_HAL_Driver/Inc -I../Drivers/STM32H7xx_HAL_Driver/Inc/Legacy -I../Drivers/CMSIS/Device/ST/STM32H7xx/Include -I../Drivers/CMSIS/Include -O0 -ffunction-sections -fdata-sections -Wall -fstack-usage -fcyclomatic-complexity -MMD -MP -MF"Core/Src/main.d" -MT"Core/Src/main.o" --specs=nano.specs -mfpu=fpv5-d16 -mfloat-abi=hard -mthumb -o "Core/Src/main.o"
../Core/Src/main.c: In function 'HAL_UART_RxCpltCallback':
../Core/Src/main.c:154:56: warning: pointer targets in passing argument 1 of 'strlen' differ in signedness [-Wpointer-sign]
  154 |  HAL_UART_Transmit(&huart3, (uint8_t*)rxBuffer, strlen(rxBuffer), HAL_MAX_DELAY);
      |                                                        ^~~~~~~~
      |                                                        |
      |                                                        uint8_t * {aka unsigned char *}
In file included from ../Core/Src/main.c:24:
c:\st\stm32cubeide_1.12.1\stm32cubeide\plugins\com.st.stm32cube.ide.mcu.externaltools.gnu-tools-for-stm32.10.3-2021.10.win32_1.0.200.202301161003\tools\arm-none-eabi\include\string.h:41:17: note: expected 'const char *' but argument is of type 'uint8_t *' {aka 'unsigned char *'}
   41 | size_t  strlen (const char *);
      |                 ^~~~~~~~~~~~
../Core/Src/main.c: In function 'rx_handle':
../Core/Src/main.c:172:51: warning: format '%d' expects argument of type 'int', but argument 5 has type 'uint32_t' {aka 'long unsigned int'} [-Wformat=]
  172 |    sprintf(response, "%c%c received this amount: %d\r\n", rxBuffer[0], rxBuffer[1], amount);
      |                                                  ~^                                 ~~~~~~
      |                                                   |                                 |
      |                                                   int                               uint32_t {aka long unsigned int}
      |                                                  %ld
arm-none-eabi-gcc -o "PlungeCooler.elf" @"objects.list"   -mcpu=cortex-m7 -T"C:\Users\Leo\STM32CubeIDE\new_workspace\PlungeCooler\STM32H7A3ZITXQ_FLASH.ld" --specs=nosys.specs -Wl,-Map="PlungeCooler.map" -Wl,--gc-sections -static --specs=nano.specs -mfpu=fpv5-d16 -mfloat-abi=hard -mthumb -Wl,--start-group -lc -lm -Wl,--end-group
Finished building target: PlungeCooler.elf
 
arm-none-eabi-size   PlungeCooler.elf 
arm-none-eabi-objdump -h -S  PlungeCooler.elf  > "PlungeCooler.list"
   text	   data	    bss	    dec	    hex	filename
  45004	    132	   2044	  47180	   b84c	PlungeCooler.elf
Finished building: default.size.stdout
 
Finished building: PlungeCooler.list
 
12:48:39 **** Incremental Build of configuration Debug for project PlungeCooler ****
make -j16 all 
arm-none-eabi-size   PlungeCooler.elf 
   text	   data	    bss	    dec	    hex	filename
  45004	    132	   2044	  47180	   b84c	PlungeCooler.elf
Finished building: default.size.stdout
 
12:50:29 **** Incremental Build of configuration Debug for project PlungeCooler ****
make -j16 all 
arm-none-eabi-size   PlungeCooler.elf 
   text	   data	    bss	    dec	    hex	filename
  45004	    132	   2044	  47180	   b84c	PlungeCooler.elf
Finished building: default.size.stdout
 
12:58:29 **** Incremental Build of configuration Debug for project PlungeCooler ****
make -j16 all 
arm-none-eabi-gcc "../Core/Src/main.c" -mcpu=cortex-m7 -std=gnu11 -g3 -DDEBUG -DUSE_HAL_DRIVER -DSTM32H7A3xxQ -c -I../Core/Inc -I../Drivers/STM32H7xx_HAL_Driver/Inc -I../Drivers/STM32H7xx_HAL_Driver/Inc/Legacy -I../Drivers/CMSIS/Device/ST/STM32H7xx/Include -I../Drivers/CMSIS/Include -O0 -ffunction-sections -fdata-sections -Wall -fstack-usage -fcyclomatic-complexity -MMD -MP -MF"Core/Src/main.d" -MT"Core/Src/main.o" --specs=nano.specs -mfpu=fpv5-d16 -mfloat-abi=hard -mthumb -o "Core/Src/main.o"
arm-none-eabi-gcc "../Core/Src/stm32h7xx_hal_msp.c" -mcpu=cortex-m7 -std=gnu11 -g3 -DDEBUG -DUSE_HAL_DRIVER -DSTM32H7A3xxQ -c -I../Core/Inc -I../Drivers/STM32H7xx_HAL_Driver/Inc -I../Drivers/STM32H7xx_HAL_Driver/Inc/Legacy -I../Drivers/CMSIS/Device/ST/STM32H7xx/Include -I../Drivers/CMSIS/Include -O0 -ffunction-sections -fdata-sections -Wall -fstack-usage -fcyclomatic-complexity -MMD -MP -MF"Core/Src/stm32h7xx_hal_msp.d" -MT"Core/Src/stm32h7xx_hal_msp.o" --specs=nano.specs -mfpu=fpv5-d16 -mfloat-abi=hard -mthumb -o "Core/Src/stm32h7xx_hal_msp.o"
arm-none-eabi-gcc "../Core/Src/stm32h7xx_it.c" -mcpu=cortex-m7 -std=gnu11 -g3 -DDEBUG -DUSE_HAL_DRIVER -DSTM32H7A3xxQ -c -I../Core/Inc -I../Drivers/STM32H7xx_HAL_Driver/Inc -I../Drivers/STM32H7xx_HAL_Driver/Inc/Legacy -I../Drivers/CMSIS/Device/ST/STM32H7xx/Include -I../Drivers/CMSIS/Include -O0 -ffunction-sections -fdata-sections -Wall -fstack-usage -fcyclomatic-complexity -MMD -MP -MF"Core/Src/stm32h7xx_it.d" -MT"Core/Src/stm32h7xx_it.o" --specs=nano.specs -mfpu=fpv5-d16 -mfloat-abi=hard -mthumb -o "Core/Src/stm32h7xx_it.o"
../Core/Src/main.c: In function 'HAL_UART_RxCpltCallback':
../Core/Src/main.c:154:56: warning: pointer targets in passing argument 1 of 'strlen' differ in signedness [-Wpointer-sign]
  154 |  HAL_UART_Transmit(&huart3, (uint8_t*)rxBuffer, strlen(rxBuffer), HAL_MAX_DELAY);
      |                                                        ^~~~~~~~
      |                                                        |
      |                                                        uint8_t * {aka unsigned char *}
In file included from ../Core/Src/main.c:24:
[...]
Finished building target: PlungeCooler.elf
 
arm-none-eabi-size   PlungeCooler.elf 
arm-none-eabi-objdump -h -S  PlungeCooler.elf  > "PlungeCooler.list"
   text	   data	    bss	    dec	    hex	filename
  39348	    132	  42144	  81624	  13ed8	PlungeCooler.elf
Finished building: default.size.stdout
 
Finished building: PlungeCooler.list
 
17:16:08 **** Incremental Build of configuration Debug for project PlungeCooler ****
make -j16 all 
arm-none-eabi-gcc "../Core/Src/main.c" -mcpu=cortex-m7 -std=gnu11 -g3 -DDEBUG -DUSE_HAL_DRIVER -DSTM32H7A3xxQ -c -I../Core/Inc -I../Drivers/STM32H7xx_HAL_Driver/Inc -I../Drivers/STM32H7xx_HAL_Driver/Inc/Legacy -I../Drivers/CMSIS/Device/ST/STM32H7xx/Include -I../Drivers/CMSIS/Include -O0 -ffunction-sections -fdata-sections -Wall -fstack-usage -fcyclomatic-complexity -MMD -MP -MF"Core/Src/main.d" -MT"Core/Src/main.o" --specs=nano.specs -mfpu=fpv5-d16 -mfloat-abi=hard -mthumb -o "Core/Src/main.o"
../Core/Src/main.c: In function 'rx_handle':
../Core/Src/main.c:316:36: warning: format '%d' expects argument of type 'int', but argument 3 has type 'uint32_t' {aka 'volatile long unsigned int'} [-Wformat=]
  316 |    sprintf(lm, "current position: %d\r\n braked at: %d\r\n", TIM2->CNT, posn_braked_at);
      |                                   ~^
      |                                    |
      |                                    int
      |                                   %ld
../Core/Src/main.c:316:54: warning: format '%d' expects argument of type 'int', but argument 4 has type 'uint32_t' {aka 'long unsigned int'} [-Wformat=]
  316 |    sprintf(lm, "current position: %d\r\n braked at: %d\r\n", TIM2->CNT, posn_braked_at);
      |                                                     ~^                  ~~~~~~~~~~~~~~
      |                                                      |                  |
      |                                                      int                uint32_t {aka long unsigned int}
      |                                                     %ld
../Core/Src/main.c:291:13: warning: unused variable 'enc_pos' [-Wunused-variable]
  291 |    uint32_t enc_pos;
      |             ^~~~~~~
../Core/Src/main.c:235:9: warning: unused variable 'num' [-Wunused-variable]
  235 |    char num[30];
      |         ^~~
../Core/Src/main.c:188:9: warning: unused variable 'response' [-Wunused-variable]
  188 |    char response[100];
      |         ^~~~~~~~
../Core/Src/main.c:181:7: warning: unused variable 'num' [-Wunused-variable]
  181 |  char num[30];
      |       ^~~
arm-none-eabi-gcc -o "PlungeCooler.elf" @"objects.list"   -mcpu=cortex-m7 -T"C:\Users\Leo\STM32CubeIDE\new_workspace\PlungeCooler\STM32H7A3ZITXQ_FLASH.ld" --specs=nosys.specs -Wl,-Map="PlungeCooler.map" -Wl,--gc-sections -static --specs=nano.specs -mfpu=fpv5-d16 -mfloat-abi=hard -mthumb -Wl,--start-group -lc -lm -Wl,--end-group
Finished building target: PlungeCooler.elf
 
arm-none-eabi-size   PlungeCooler.elf 
arm-none-eabi-objdump -h -S  PlungeCooler.elf  > "PlungeCooler.list"
   text	   data	    bss	    dec	    hex	filename
  39216	    132	  42144	  81492	  13e54	PlungeCooler.elf
Finished building: default.size.stdout
 
Finished building: PlungeCooler.list
 
17:16:44 **** Incremental Build of configuration Debug for project PlungeCooler ****
make -j16 all 
arm-none-eabi-gcc "../Core/Src/main.c" -mcpu=cortex-m7 -std=gnu11 -g3 -DDEBUG -DUSE_HAL_DRIVER -DSTM32H7A3xxQ -c -I../Core/Inc -I../Drivers/STM32H7xx_HAL_Driver/Inc -I../Drivers/STM32H7xx_HAL_Driver/Inc/Legacy -I../Drivers/CMSIS/Device/ST/STM32H7xx/Include -I../Drivers/CMSIS/Include -O0 -ffunction-sections -fdata-sections -Wall -fstack-usage -fcyclomatic-complexity -MMD -MP -MF"Core/Src/main.d" -MT"Core/Src/main.o" --specs=nano.specs -mfpu=fpv5-d16 -mfloat-abi=hard -mthumb -o "Core/Src/main.o"
../Core/Src/main.c: In function 'rx_handle':
../Core/Src/main.c:316:36: warning: format '%d' expects argument of type 'int', but argument 3 has type 'uint32_t' {aka 'volatile long unsigned int'} [-Wformat=]
  316 |    sprintf(lm, "current position: %d\r\n braked at: %d\r\n", TIM2->CNT, posn_braked_at);
      |                                   ~^
      |                                    |
      |                                    int
      |                                   %ld
../Core/Src/main.c:316:54: warning: format '%d' expects argument of type 'int', but argument 4 has type 'uint32_t' {aka 'long unsigned int'} [-Wformat=]
  316 |    sprintf(lm, "current position: %d\r\n braked at: %d\r\n", TIM2->CNT, posn_braked_at);
      |                                                     ~^                  ~~~~~~~~~~~~~~
      |                                                      |                  |
      |                                                      int                uint32_t {aka long unsigned int}
      |                                                     %ld
../Core/Src/main.c:291:13: warning: unused variable 'enc_pos' [-Wunused-variable]
  291 |    uint32_t enc_pos;
      |             ^~~~~~~
../Core/Src/main.c:235:9: warning: unused variable 'num' [-Wunused-variable]
  235 |    char num[30];
      |         ^~~
../Core/Src/main.c:188:9: warning: unused variable 'response' [-Wunused-variable]
  188 |    char response[100];
      |         ^~~~~~~~
../Core/Src/main.c:181:7: warning: unused variable 'num' [-Wunused-variable]
  181 |  char num[30];
      |       ^~~
arm-none-eabi-gcc -o "PlungeCooler.elf" @"objects.list"   -mcpu=cortex-m7 -T"C:\Users\Leo\STM32CubeIDE\new_workspace\PlungeCooler\STM32H7A3ZITXQ_FLASH.ld" --specs=nosys.specs -Wl,-Map="PlungeCooler.map" -Wl,--gc-sections -static --specs=nano.specs -mfpu=fpv5-d16 -mfloat-abi=hard -mthumb -Wl,--start-group -lc -lm -Wl,--end-group
Finished building target: PlungeCooler.elf
 
arm-none-eabi-size   PlungeCooler.elf 
arm-none-eabi-objdump -h -S  PlungeCooler.elf  > "PlungeCooler.list"
   text	   data	    bss	    dec	    hex	filename
  39156	    132	  42144	  81432	  13e18	PlungeCooler.elf
Finished building: default.size.stdout
 
Finished building: PlungeCooler.list
 
17:32:24 **** Incremental Build of configuration Debug for project PlungeCooler ****
make -j16 all 
arm-none-eabi-gcc "../Core/Src/main.c" -mcpu=cortex-m7 -std=gnu11 -g3 -DDEBUG -DUSE_HAL_DRIVER -DSTM32H7A3xxQ -c -I../Core/Inc -I../Drivers/STM32H7xx_HAL_Driver/Inc -I../Drivers/STM32H7xx_HAL_Driver/Inc/Legacy -I../Drivers/CMSIS/Device/ST/STM32H7xx/Include -I../Drivers/CMSIS/Include -O0 -ffunction-sections -fdata-sections -Wall -fstack-usage -fcyclomatic-complexity -MMD -MP -MF"Core/Src/main.d" -MT"Core/Src/main.o" --specs=nano.specs -mfpu=fpv5-d16 -mfloat-abi=hard -mthumb -o "Core/Src/main.o"
../Core/Src/main.c: In function 'rx_handle':
../Core/Src/main.c:317:36: warning: format '%d' expects argument of type 'int', but argument 3 has type 'uint32_t' {aka 'volatile long unsigned int'} [-Wformat=]
  317 |    sprintf(lm, "current position: %d\r\n braked at: %d\r\n", TIM2->CNT, posn_braked_at);
      |                                   ~^
      |                                    |
      |                                    int
      |                                   %ld
../Core/Src/main.c:317:54: warning: format '%d' expects argument of type 'int', but argument 4 has type 'uint32_t' {aka 'long unsigned int'} [-Wformat=]
  317 |    sprintf(lm, "current position: %d\r\n braked at: %d\r\n", TIM2->CNT, posn_braked_at);
      |                                                     ~^                  ~~~~~~~~~~~~~~
      |                                                      |                  |
      |                                                      int                uint32_t {aka long unsigned int}
      |                                                     %ld
../Core/Src/main.c:292:13: warning: unused variable 'enc_pos' [-Wunused-variable]
  292 |    uint32_t enc_pos;
      |             ^~~~~~~
../Core/Src/main.c:236:9: warning: unused variable 'num' [-Wunused-variable]
  236 |    char num[30];
      |         ^~~
../Core/Src/main.c:189:9: warning: unused variable 'response' [-Wunused-variable]
  189 |    char response[100];
      |         ^~~~~~~~
../Core/Src/main.c:181:7: warning: unused variable 'num' [-Wunused-variable]
  181 |  char num[30];
      |       ^~~
arm-none-eabi-gcc -o "PlungeCooler.elf" @"objects.list"   -mcpu=cortex-m7 -T"C:\Users\Leo\STM32CubeIDE\new_workspace\PlungeCooler\STM32H7A3ZITXQ_FLASH.ld" --specs=nosys.specs -Wl,-Map="PlungeCooler.map" -Wl,--gc-sections -static --specs=nano.specs -mfpu=fpv5-d16 -mfloat-abi=hard -mthumb -Wl,--start-group -lc -lm -Wl,--end-group
Finished building target: PlungeCooler.elf
 
arm-none-eabi-size   PlungeCooler.elf 
arm-none-eabi-objdump -h -S  PlungeCooler.elf  > "PlungeCooler.list"
   text	   data	    bss	    dec	    hex	filename
  39172	    132	  42144	  81448	  13e28	PlungeCooler.elf
Finished building: default.size.stdout
 
Finished building: PlungeCooler.list
 
17:33:45 **** Incremental Build of configuration Debug for project PlungeCooler ****
make -j16 all 
arm-none-eabi-gcc "../Core/Src/main.c" -mcpu=cortex-m7 -std=gnu11 -g3 -DDEBUG -DUSE_HAL_DRIVER -DSTM32H7A3xxQ -c -I../Core/Inc -I../Drivers/STM32H7xx_HAL_Driver/Inc -I../Drivers/STM32H7xx_HAL_Driver/Inc/Legacy -I../Drivers/CMSIS/Device/ST/STM32H7xx/Include -I../Drivers/CMSIS/Include -O0 -ffunction-sections -fdata-sections -Wall -fstack-usage -fcyclomatic-complexity -MMD -MP -MF"Core/Src/main.d" -MT"Core/Src/main.o" --specs=nano.specs -mfpu=fpv5-d16 -mfloat-abi=hard -mthumb -o "Core/Src/main.o"
../Core/Src/main.c: In function 'rx_handle':
../Core/Src/main.c:324:36: warning: format '%d' expects argument of type 'int', but argument 3 has type 'uint32_t' {aka 'volatile long unsigned int'} [-Wformat=]
  324 |    sprintf(lm, "current position: %d\r\n braked at: %d\r\n", TIM2->CNT, posn_braked_at);
      |                                   ~^
      |                                    |
      |                                    int
      |                                   %ld
../Core/Src/main.c:324:54: warning: format '%d' expects argument of type 'int', but argument 4 has type 'uint32_t' {aka 'long unsigned int'} [-Wformat=]
  324 |    sprintf(lm, "current position: %d\r\n braked at: %d\r\n", TIM2->CNT, posn_braked_at);
      |                                                     ~^                  ~~~~~~~~~~~~~~
      |                                                      |                  |
      |                                                      int                uint32_t {aka long unsigned int}
      |                                                     %ld
../Core/Src/main.c:299:13: warning: unused variable 'enc_pos' [-Wunused-variable]
  299 |    uint32_t enc_pos;
      |             ^~~~~~~
../Core/Src/main.c:243:9: warning: unused variable 'num' [-Wunused-variable]
  243 |    char num[30];
      |         ^~~
../Core/Src/main.c:196:9: warning: unused variable 'response' [-Wunused-variable]
  196 |    char response[100];
      |         ^~~~~~~~
../Core/Src/main.c:183:7: warning: unused variable 'num' [-Wunused-variable]
  183 |  char num[30];
      |       ^~~
arm-none-eabi-gcc -o "PlungeCooler.elf" @"objects.list"   -mcpu=cortex-m7 -T"C:\Users\Leo\STM32CubeIDE\new_workspace\PlungeCooler\STM32H7A3ZITXQ_FLASH.ld" --specs=nosys.specs -Wl,-Map="PlungeCooler.map" -Wl,--gc-sections -static --specs=nano.specs -mfpu=fpv5-d16 -mfloat-abi=hard -mthumb -Wl,--start-group -lc -lm -Wl,--end-group
Finished building target: PlungeCooler.elf
 
arm-none-eabi-size   PlungeCooler.elf 
arm-none-eabi-objdump -h -S  PlungeCooler.elf  > "PlungeCooler.list"
   text	   data	    bss	    dec	    hex	filename
  39204	    136	  42144	  81484	  13e4c	PlungeCooler.elf
Finished building: default.size.stdout
 
Finished building: PlungeCooler.list
 
17:12:57 **** Incremental Build of configuration Debug for project PlungeCooler ****
make -j16 all 
arm-none-eabi-gcc "../Core/Src/main.c" -mcpu=cortex-m7 -std=gnu11 -g3 -DDEBUG -DUSE_HAL_DRIVER -DSTM32H7A3xxQ -c -I../Core/Inc -I../Drivers/STM32H7xx_HAL_Driver/Inc -I../Drivers/STM32H7xx_HAL_Driver/Inc/Legacy -I../Drivers/CMSIS/Device/ST/STM32H7xx/Include -I../Drivers/CMSIS/Include -O0 -ffunction-sections -fdata-sections -Wall -fstack-usage -fcyclomatic-complexity -MMD -MP -MF"Core/Src/main.d" -MT"Core/Src/main.o" --specs=nano.specs -mfpu=fpv5-d16 -mfloat-abi=hard -mthumb -o "Core/Src/main.o"
arm-none-eabi-gcc "../Core/Src/stm32h7xx_it.c" -mcpu=cortex-m7 -std=gnu11 -g3 -DDEBUG -DUSE_HAL_DRIVER -DSTM32H7A3xxQ -c -I../Core/Inc -I../Drivers/STM32H7xx_HAL_Driver/Inc -I../Drivers/STM32H7xx_HAL_Driver/Inc/Legacy -I../Drivers/CMSIS/Device/ST/STM32H7xx/Include -I../Drivers/CMSIS/Include -O0 -ffunction-sections -fdata-sections -Wall -fstack-usage -fcyclomatic-complexity -MMD -MP -MF"Core/Src/stm32h7xx_it.d" -MT"Core/Src/stm32h7xx_it.o" --specs=nano.specs -mfpu=fpv5-d16 -mfloat-abi=hard -mthumb -o "Core/Src/stm32h7xx_it.o"
../Core/Src/main.c: In function 'rx_handle':
../Core/Src/main.c:324:36: warning: format '%d' expects argument of type 'int', but argument 3 has type 'uint32_t' {aka 'volatile long unsigned int'} [-Wformat=]
  324 |    sprintf(lm, "current position: %d\r\n braked at: %d\r\n", TIM2->CNT, posn_braked_at);
      |                                   ~^
      |                                    |
      |                                    int
      |                                   %ld
../Core/Src/main.c:324:54: warning: format '%d' expects argument of type 'int', but argument 4 has type 'uint32_t' {aka 'long unsigned int'} [-Wformat=]
  324 |    sprintf(lm, "current position: %d\r\n braked at: %d\r\n", TIM2->CNT, posn_braked_at);
      |                                                     ~^                  ~~~~~~~~~~~~~~
      |                                                      |                  |
      |                                                      int                uint32_t {aka long unsigned int}
      |                                                     %ld
../Core/Src/main.c:299:13: warning: unused variable 'enc_pos' [-Wunused-variable]
  299 |    uint32_t enc_pos;
      |             ^~~~~~~
../Core/Src/main.c:243:9: warning: unused variable 'num' [-Wunused-variable]
  243 |    char num[30];
      |         ^~~
../Core/Src/main.c:196:9: warning: unused variable 'response' [-Wunused-variable]
  196 |    char response[100];
      |         ^~~~~~~~
../Core/Src/main.c:183:7: warning: unused variable 'num' [-Wunused-variable]
  183 |  char num[30];
      |       ^~~
arm-none-eabi-gcc -o "PlungeCooler.elf" @"objects.list"   -mcpu=cortex-m7 -T"C:\Users\Leo\STM32CubeIDE\new_workspace\PlungeCooler\STM32H7A3ZITXQ_FLASH.ld" --specs=nosys.specs -Wl,-Map="PlungeCooler.map" -Wl,--gc-sections -static --specs=nano.specs -mfpu=fpv5-d16 -mfloat-abi=hard -mthumb -Wl,--start-group -lc -lm -Wl,--end-group
Finished building target: PlungeCooler.elf
 
arm-none-eabi-size   PlungeCooler.elf 
arm-none-eabi-objdump -h -S  PlungeCooler.elf  > "PlungeCooler.list"
   text	   data	    bss	    dec	    hex	filename
  39220	    136	  42144	  81500	  13e5c	PlungeCooler.elf
Finished building: default.size.stdout
 
Finished building: PlungeCooler.list
 
17:23:45 **** Incremental Build of configuration Debug for project PlungeCooler ****
make -j16 all 
arm-none-eabi-gcc "../Core/Src/stm32h7xx_it.c" -mcpu=cortex-m7 -std=gnu11 -g3 -DDEBUG -DUSE_HAL_DRIVER -DSTM32H7A3xxQ -c -I../Core/Inc -I../Drivers/STM32H7xx_HAL_Driver/Inc -I../Drivers/STM32H7xx_HAL_Driver/Inc/Legacy -I../Drivers/CMSIS/Device/ST/STM32H7xx/Include -I../Drivers/CMSIS/Include -O0 -ffunction-sections -fdata-sections -Wall -fstack-usage -fcyclomatic-complexity -MMD -MP -MF"Core/Src/stm32h7xx_it.d" -MT"Core/Src/stm32h7xx_it.o" --specs=nano.specs -mfpu=fpv5-d16 -mfloat-abi=hard -mthumb -o "Core/Src/stm32h7xx_it.o"
arm-none-eabi-gcc -o "PlungeCooler.elf" @"objects.list"   -mcpu=cortex-m7 -T"C:\Users\Leo\STM32CubeIDE\new_workspace\PlungeCooler\STM32H7A3ZITXQ_FLASH.ld" --specs=nosys.specs -Wl,-Map="PlungeCooler.map" -Wl,--gc-sections -static --specs=nano.specs -mfpu=fpv5-d16 -mfloat-abi=hard -mthumb -Wl,--start-group -lc -lm -Wl,--end-group
Finished building target: PlungeCooler.elf
 
arm-none-eabi-size   PlungeCooler.elf 
arm-none-eabi-objdump -h -S  PlungeCooler.elf  > "PlungeCooler.list"
   text	   data	    bss	    dec	    hex	filename
  39236	    136	  42144	  81516	  13e6c	PlungeCooler.elf
Finished building: default.size.stdout
 
Finished building: PlungeCooler.list
 
17:51:33 **** Incremental Build of configuration Debug for project PlungeCooler ****
make -j16 all 
arm-none-eabi-gcc "../Core/Src/main.c" -mcpu=cortex-m7 -std=gnu11 -g3 -DDEBUG -DUSE_HAL_DRIVER -DSTM32H7A3xxQ -c -I../Core/Inc -I../Drivers/STM32H7xx_HAL_Driver/Inc -I../Drivers/STM32H7xx_HAL_Driver/Inc/Legacy -I../Drivers/CMSIS/Device/ST/STM32H7xx/Include -I../Drivers/CMSIS/Include -O0 -ffunction-sections -fdata-sections -Wall -fstack-usage -fcyclomatic-complexity -MMD -MP -MF"Core/Src/main.d" -MT"Core/Src/main.o" --specs=nano.specs -mfpu=fpv5-d16 -mfloat-abi=hard -mthumb -o "Core/Src/main.o"
arm-none-eabi-gcc "../Core/Src/stm32h7xx_it.c" -mcpu=cortex-m7 -std=gnu11 -g3 -DDEBUG -DUSE_HAL_DRIVER -DSTM32H7A3xxQ -c -I../Core/Inc -I../Drivers/STM32H7xx_HAL_Driver/Inc -I../Drivers/STM32H7xx_HAL_Driver/Inc/Legacy -I../Drivers/CMSIS/Device/ST/STM32H7xx/Include -I../Drivers/CMSIS/Include -O0 -ffunction-sections -fdata-sections -Wall -fstack-usage -fcyclomatic-complexity -MMD -MP -MF"Core/Src/stm32h7xx_it.d" -MT"Core/Src/stm32h7xx_it.o" --specs=nano.specs -mfpu=fpv5-d16 -mfloat-abi=hard -mthumb -o "Core/Src/stm32h7xx_it.o"
../Core/Src/main.c: In function 'rx_handle':
../Core/Src/main.c:324:36: warning: format '%d' expects argument of type 'int', but argument 3 has type 'uint32_t' {aka 'volatile long unsigned int'} [-Wformat=]
  324 |    sprintf(lm, "current position: %d\r\n braked at: %d\r\n", TIM2->CNT, posn_braked_at);
      |                                   ~^
      |                                    |
      |                                    int
      |                                   %ld
../Core/Src/main.c:324:54: warning: format '%d' expects argument of type 'int', but argument 4 has type 'uint32_t' {aka 'long unsigned int'} [-Wformat=]
  324 |    sprintf(lm, "current position: %d\r\n braked at: %d\r\n", TIM2->CNT, posn_braked_at);
      |                                                     ~^                  ~~~~~~~~~~~~~~
      |                                                      |                  |
      |                                                      int                uint32_t {aka long unsigned int}
      |                                                     %ld
../Core/Src/main.c:299:13: warning: unused variable 'enc_pos' [-Wunused-variable]
  299 |    uint32_t enc_pos;
      |             ^~~~~~~
../Core/Src/main.c:243:9: warning: unused variable 'num' [-Wunused-variable]
  243 |    char num[30];
      |         ^~~
../Core/Src/main.c:196:9: warning: unused variable 'response' [-Wunused-variable]
  196 |    char response[100];
      |         ^~~~~~~~
../Core/Src/main.c:183:7: warning: unused variable 'num' [-Wunused-variable]
  183 |  char num[30];
      |       ^~~
arm-none-eabi-gcc -o "PlungeCooler.elf" @"objects.list"   -mcpu=cortex-m7 -T"C:\Users\Leo\STM32CubeIDE\new_workspace\PlungeCooler\STM32H7A3ZITXQ_FLASH.ld" --specs=nosys.specs -Wl,-Map="PlungeCooler.map" -Wl,--gc-sections -static --specs=nano.specs -mfpu=fpv5-d16 -mfloat-abi=hard -mthumb -Wl,--start-group -lc -lm -Wl,--end-group
Finished building target: PlungeCooler.elf
 
arm-none-eabi-size   PlungeCooler.elf 
arm-none-eabi-objdump -h -S  PlungeCooler.elf  > "PlungeCooler.list"
   text	   data	    bss	    dec	    hex	filename
  39284	    136	  42144	  81564	  13e9c	PlungeCooler.elf
Finished building: default.size.stdout
 
Finished building: PlungeCooler.list
 
